[INFO] [launch]: All log files can be found below /home/lemma/.ros/log/2026-09-16-23-13-16-012467-intel-B860M-DS3H-79104
[INFO] [launch]: Default logging verbosity is set to INFO
[INFO] [gz-1]: process started with pid [79114]
[INFO] [parameter_bridge-2]: process started with pid [79115]
[INFO] [robot_state_publisher-3]: process started with pid [79116]
[INFO] [create-4]: process started with pid [79117]
[create-4] [INFO] [1789567996.091904198] [ros_gz_sim]: Requesting list of world names.
[robot_state_publisher-3] [INFO] [1789567996.095799014] [robot_state_publisher]: Robot initialized
[parameter_bridge-2] [INFO] [1789567996.108262390] [ros_gz_bridge]: Creating GZ->ROS Bridge: [/clock (gz.msgs.Clock) -> /clock (rosgraph_msgs/msg/Clock)] (Lazy 0)
[create-4] [INFO] [1789567996.484241188] [ros_gz_sim]: Waiting messages on topic [robot_description].
[create-4] [INFO] [1789567996.497258093] [ros_gz_sim]: Entity creation successful.
[INFO] [create-4]: process has finished cleanly [pid 79117]
[INFO] [spawner-5]: process started with pid [79206]
[spawner-5] [INFO] [1789567996.832910923] [spawner_joint_state_broadcaster]: waiting for service /controller_manager/list_controllers to become available...
[gz-1] [INFO] [1789567998.235420190] [gz_ros_control]: [gz_ros2_control] Fixed joint ['world_fixed'] (Entity='52') is skipped.
[gz-1] [INFO] [1789567998.235780965] [gz_ros_control]: Loading controller_manager
[gz-1] [INFO] [1789567998.241117456] [controller_manager]: Using ROS clock for triggering controller manager cycles.
[gz-1] [INFO] [1789567998.243144333] [controller_manager]: Subscribing to '/robot_description' topic for robot description.
[gz-1] [WARN] [1789567998.244323724] [gz_ros_control]: Waiting RM to load and initialize hardware...
[gz-1] [INFO] [1789567998.426544680] [controller_manager]: Received robot description from topic.
[gz-1] [INFO] [1789567998.426676268] [controller_manager]: Enforcing command limits is disabled. Command limits from URDF will be ignored.
[gz-1] [INFO] [1789567998.433112116] [gz_ros_control]: The position_proportional_gain has been set to: 0.1
[gz-1] [INFO] [1789567998.433151799] [gz_ros_control]: Loading joint: shoulder_pan
[gz-1] [INFO] [1789567998.433158243] [gz_ros_control]: 	State:
[gz-1] [INFO] [1789567998.433163049] [gz_ros_control]: 		 position
[gz-1] [INFO] [1789567998.433175198] [gz_ros_control]: 			 found initial value: 0.000000
[gz-1] [INFO] [1789567998.433181210] [gz_ros_control]: 		 velocity
[gz-1] [INFO] [1789567998.433187415] [gz_ros_control]: 		 effort
[gz-1] [INFO] [1789567998.433190579] [gz_ros_control]: 	Command:
[gz-1] [INFO] [1789567998.433193078] [gz_ros_control]: 		 effort
[gz-1] [INFO] [1789567998.433205383] [gz_ros_control]: Loading joint: shoulder_lift
[gz-1] [INFO] [1789567998.433208184] [gz_ros_control]: 	State:
[gz-1] [INFO] [1789567998.433210519] [gz_ros_control]: 		 position
[gz-1] [INFO] [1789567998.433212854] [gz_ros_control]: 			 found initial value: 0.000000
[gz-1] [INFO] [1789567998.433215380] [gz_ros_control]: 		 velocity
[gz-1] [INFO] [1789567998.433218127] [gz_ros_control]: 		 effort
[gz-1] [INFO] [1789567998.433220398] [gz_ros_control]: 	Command:
[gz-1] [INFO] [1789567998.433222439] [gz_ros_control]: 		 effort
[gz-1] [INFO] [1789567998.433229084] [gz_ros_control]: Loading joint: elbow_flex
[gz-1] [INFO] [1789567998.433231602] [gz_ros_control]: 	State:
[gz-1] [INFO] [1789567998.433233670] [gz_ros_control]: 		 position
[gz-1] [INFO] [1789567998.433235808] [gz_ros_control]: 			 found initial value: 0.000000
[gz-1] [INFO] [1789567998.433238114] [gz_ros_control]: 		 velocity
[gz-1] [INFO] [1789567998.433240300] [gz_ros_control]: 		 effort
[gz-1] [INFO] [1789567998.433243441] [gz_ros_control]: 	Command:
[gz-1] [INFO] [1789567998.433245461] [gz_ros_control]: 		 effort
[gz-1] [INFO] [1789567998.433251432] [gz_ros_control]: Loading joint: wrist_flex
[gz-1] [INFO] [1789567998.433253903] [gz_ros_control]: 	State:
[gz-1] [INFO] [1789567998.433256020] [gz_ros_control]: 		 position
[gz-1] [INFO] [1789567998.433257977] [gz_ros_control]: 			 found initial value: 0.000000
[gz-1] [INFO] [1789567998.433260254] [gz_ros_control]: 		 velocity
[gz-1] [INFO] [1789567998.433262339] [gz_ros_control]: 		 effort
[gz-1] [INFO] [1789567998.433264344] [gz_ros_control]: 	Command:
[gz-1] [INFO] [1789567998.433266354] [gz_ros_control]: 		 effort
[gz-1] [INFO] [1789567998.433271749] [gz_ros_control]: Loading joint: wrist_roll
[gz-1] [INFO] [1789567998.433274108] [gz_ros_control]: 	State:
[gz-1] [INFO] [1789567998.433276266] [gz_ros_control]: 		 position
[gz-1] [INFO] [1789567998.433278158] [gz_ros_control]: 			 found initial value: 0.000000
[gz-1] [INFO] [1789567998.433280414] [gz_ros_control]: 		 velocity
[gz-1] [INFO] [1789567998.433282502] [gz_ros_control]: 		 effort
[gz-1] [INFO] [1789567998.433284481] [gz_ros_control]: 	Command:
[gz-1] [INFO] [1789567998.433286376] [gz_ros_control]: 		 effort
[gz-1] [INFO] [1789567998.433291974] [gz_ros_control]: Loading joint: gripper
[gz-1] [INFO] [1789567998.433294563] [gz_ros_control]: 	State:
[gz-1] [INFO] [1789567998.433298003] [gz_ros_control]: 		 position
[gz-1] [INFO] [1789567998.433300044] [gz_ros_control]: 			 found initial value: 0.000000
[gz-1] [INFO] [1789567998.433302321] [gz_ros_control]: 		 velocity
[gz-1] [INFO] [1789567998.433305461] [gz_ros_control]: 		 effort
[gz-1] [INFO] [1789567998.433307561] [gz_ros_control]: 	Command:
[gz-1] [INFO] [1789567998.433309682] [gz_ros_control]: 		 position
[gz-1] [INFO] [1789567998.433395259] [controller_manager]: Initialize hardware 'so101_gz' 
[gz-1] [WARN] [1789567998.433406943] [controller_manager.hardware_component.system.so101_gz]: Executor is not available during hardware component initialization for 'so101_gz'. Skipping node creation!
[gz-1] [INFO] [1789567998.467019106] [controller_manager]: Successful initialization of hardware 'so101_gz'
[gz-1] [INFO] [1789567998.467449191] [controller_manager]: Activating component 'so101_gz'.
[gz-1] [INFO] [1789567998.467483079] [resource_manager]: 'configure' hardware 'so101_gz' 
[gz-1] [INFO] [1789567998.467496689] [gz_ros_control]: System Successfully configured!
[gz-1] [INFO] [1789567998.467509678] [resource_manager]: Successful 'configure' of hardware 'so101_gz'
[gz-1] [INFO] [1789567998.467535586] [resource_manager]: 'activate' hardware 'so101_gz' 
[gz-1] [INFO] [1789567998.467576991] [resource_manager]: Successful 'activate' of hardware 'so101_gz'
[gz-1] [WARN] [1789567998.467786522] [controller_manager]: Component 'so101_gz' does not have read or write statistics initialized, skipping registration.
[gz-1] [INFO] [1789567998.467805707] [controller_manager]: Resource Manager has been successfully initialized. Starting Controller Manager services...
[gz-1] [INFO] [1789567998.667051881] [controller_manager]: Loading controller : 'joint_state_broadcaster' of type 'joint_state_broadcaster/JointStateBroadcaster'
[gz-1] [INFO] [1789567998.667107459] [controller_manager]: Loading controller 'joint_state_broadcaster'
[gz-1] [INFO] [1789567998.669730860] [controller_manager]: Controller 'joint_state_broadcaster' node arguments: --ros-args --params-file /home/lemma/so101_ws/src/so101_gazebo/config/controllers_effort_1k_ff_full.yaml -p use_sim_time:=true --param use_sim_time:=true 
[spawner-5] [INFO] [1789567998.675919182] [spawner_joint_state_broadcaster]: Loaded joint_state_broadcaster
[gz-1] [INFO] [1789567998.676892371] [controller_manager]: Configuring controller: 'joint_state_broadcaster'
[gz-1] [INFO] [1789567998.676993837] [joint_state_broadcaster]: 'joints' or 'interfaces' parameter is empty. All available state interfaces will be published
[gz-1] [INFO] [1789567998.682843799] [controller_manager]: Activating controllers: [ joint_state_broadcaster ]
[gz-1] [INFO] [1789568000.568100500] [controller_manager]: Successfully switched controllers!
[spawner-5] [INFO] [1789568000.573166284] [spawner_joint_state_broadcaster]: Configured and activated joint_state_broadcaster
[INFO] [spawner-5]: process has finished cleanly [pid 79206]
[INFO] [spawner-6]: process started with pid [79258]
[INFO] [spawner-7]: process started with pid [79259]
[spawner-7] [INFO] [1789568000.938211239] [spawner_gripper_controller]: waiting for service /controller_manager/list_controllers to become available...
[gz-1] [INFO] [1789568001.189439186] [controller_manager]: Loading controller : 'gripper_controller' of type 'joint_trajectory_controller/JointTrajectoryController'
[gz-1] [INFO] [1789568001.189471378] [controller_manager]: Loading controller 'gripper_controller'
[gz-1] [INFO] [1789568001.192556880] [controller_manager]: Controller 'gripper_controller' node arguments: --ros-args --params-file /home/lemma/so101_ws/src/so101_gazebo/config/controllers_effort_1k_ff_full.yaml -p use_sim_time:=true --param use_sim_time:=true 
[spawner-7] [INFO] [1789568001.199520426] [spawner_gripper_controller]: Loaded gripper_controller
[gz-1] [INFO] [1789568001.199968375] [controller_manager]: Configuring controller: 'gripper_controller'
[gz-1] [INFO] [1789568001.200050210] [gripper_controller]: No specific joint names are used for command interfaces. Using 'joints' parameter.
[gz-1] [INFO] [1789568001.200069697] [gripper_controller]: Command interfaces are [position] and state interfaces are [position velocity].
[gz-1] [INFO] [1789568001.200089520] [gripper_controller]: Using 'splines' interpolation method.
[gz-1] [INFO] [1789568001.201777140] [gripper_controller]: Action status changes will be monitored at 20.00 Hz.
[gz-1] [INFO] [1789568001.204744940] [gripper_controller]: Setting initial scaling factor to 1.000000
[gz-1] [INFO] [1789568001.204758765] [gripper_controller]: No scaling interface set. This controller will not read speed scaling from the hardware.
[gz-1] [INFO] [1789568001.207656640] [controller_manager]: Activating controllers: [ gripper_controller ]
[gz-1] [INFO] [1789568001.209007665] [controller_manager]: Successfully switched controllers!
[spawner-7] [INFO] [1789568001.211754855] [spawner_gripper_controller]: Configured and activated gripper_controller
[spawner-6] [INFO] [1789568001.290102456] [spawner_gravity_compensation]: waiting for service /controller_manager/list_controllers to become available...
[INFO] [spawner-7]: process has finished cleanly [pid 79259]
[gz-1] [INFO] [1789568002.122516671] [controller_manager]: Loading controller : 'gravity_compensation' of type 'so101_gravity_comp/GravityCompensationController'
[gz-1] [INFO] [1789568002.122599018] [controller_manager]: Loading controller 'gravity_compensation'
[gz-1] [INFO] [1789568002.138249408] [controller_manager]: Controller 'gravity_compensation' node arguments: --ros-args --params-file /home/lemma/so101_ws/src/so101_gazebo/config/controllers_effort_1k_ff_full.yaml -p use_sim_time:=true --param use_sim_time:=true 
[spawner-6] [INFO] [1789568002.145615858] [spawner_gravity_compensation]: Loaded gravity_compensation
[gz-1] [INFO] [1789568002.146091961] [controller_manager]: Configuring controller: 'gravity_compensation'
[gz-1] [INFO] [1789568002.146902837] [gravity_compensation]: 동역학 피드포워드 준비: 관절 5 개, 모델 nq=6, 모드=full, scale=1.000
[gz-1] [INFO] [1789568002.149976346] [controller_manager]: Activating controllers: [ gravity_compensation ]
[gz-1] [INFO] [1789568002.151267473] [controller_manager]: Successfully switched controllers!
[spawner-6] [INFO] [1789568002.153885095] [spawner_gravity_compensation]: Configured and activated gravity_compensation
[gz-1] [INFO] [1789568002.154209108] [controller_manager]: Loading controller : 'arm_controller' of type 'joint_trajectory_controller/JointTrajectoryController'
[gz-1] [INFO] [1789568002.154219980] [controller_manager]: Loading controller 'arm_controller'
[gz-1] [INFO] [1789568002.154311213] [controller_manager]: Controller 'arm_controller' node arguments: --ros-args --params-file /home/lemma/so101_ws/src/so101_gazebo/config/controllers_effort_1k_ff_full.yaml -p use_sim_time:=true --param use_sim_time:=true 
[spawner-6] [INFO] [1789568002.160271543] [spawner_gravity_compensation]: Loaded arm_controller
[gz-1] [INFO] [1789568002.160379721] [controller_manager]: Configuring controller: 'arm_controller'
[gz-1] Using the legacy anti-windup technique is deprecated. This option will be removed by the ROS 2 Kilted Kaiju release.
[gz-1] Using the legacy anti-windup technique is deprecated. This option will be removed by the ROS 2 Kilted Kaiju release.
[gz-1] Using the legacy anti-windup technique is deprecated. This option will be removed by the ROS 2 Kilted Kaiju release.
[gz-1] Using the legacy anti-windup technique is deprecated. This option will be removed by the ROS 2 Kilted Kaiju release.
[gz-1] Using the legacy anti-windup technique is deprecated. This option will be removed by the ROS 2 Kilted Kaiju release.
[gz-1] [INFO] [1789568002.160515964] [arm_controller]: Command interfaces are [effort] and state interfaces are [position velocity].
[gz-1] [INFO] [1789568002.160524496] [arm_controller]: Using 'splines' interpolation method.
[gz-1] [INFO] [1789568002.161071976] [arm_controller]: Action status changes will be monitored at 20.00 Hz.
[gz-1] [INFO] [1789568002.162136073] [arm_controller]: No scaling interface set. This controller will not read speed scaling from the hardware.
[gz-1] [INFO] [1789568002.164189596] [controller_manager]: Activating controllers: [ arm_controller ]
[gz-1] [INFO] [1789568002.165863526] [controller_manager]: Successfully switched controllers!
[spawner-6] [INFO] [1789568002.168549421] [spawner_gravity_compensation]: Configured and activated arm_controller
[INFO] [spawner-6]: process has finished cleanly [pid 79258]
[gz-1] [INFO] [1789568009.741307375] [arm_controller]: Received new action goal
[gz-1] [INFO] [1789568009.741350208] [arm_controller]: Accepted new action goal
[gz-1] [INFO] [1789568023.377879516] [arm_controller]: Goal reached, success!
[robot_state_publisher-3] [INFO] [1789568024.621117392] [rclcpp]: signal_handler(SIGINT/SIGTERM)
[parameter_bridge-2] [INFO] [1789568024.621192087] [rclcpp]: signal_handler(SIGINT/SIGTERM)
[gz-1] [INFO] [1789568024.652882806] [controller_manager.pal_statistics]: Async messages lost 0
[gz-1] [INFO] [1789568024.652925523] [controller_manager.pal_statistics]: publish_async_failures_ 0
[gz-1] [INFO] [1789568024.654105603] [controller_manager.pal_statistics]: Async messages lost 0
[gz-1] [INFO] [1789568024.654111272] [controller_manager.pal_statistics]: publish_async_failures_ 0
[INFO] [parameter_bridge-2]: process has finished cleanly [pid 79115]
[INFO] [robot_state_publisher-3]: process has finished cleanly [pid 79116]
[INFO] [gz-1]: process has finished cleanly [pid 79114]
