[INFO] [launch]: All log files can be found below /home/lemma/.ros/log/2026-09-16-22-39-27-485911-intel-B860M-DS3H-72237
[INFO] [launch]: Default logging verbosity is set to INFO
[INFO] [gz-1]: process started with pid [72247]
[INFO] [parameter_bridge-2]: process started with pid [72248]
[INFO] [robot_state_publisher-3]: process started with pid [72249]
[INFO] [create-4]: process started with pid [72250]
[create-4] [INFO] [1789565967.565837894] [ros_gz_sim]: Requesting list of world names.
[robot_state_publisher-3] [INFO] [1789565967.568964367] [robot_state_publisher]: Robot initialized
[parameter_bridge-2] [INFO] [1789565967.581377386] [ros_gz_bridge]: Creating GZ->ROS Bridge: [/clock (gz.msgs.Clock) -> /clock (rosgraph_msgs/msg/Clock)] (Lazy 0)
[create-4] [INFO] [1789565967.958006947] [ros_gz_sim]: Waiting messages on topic [robot_description].
[create-4] [INFO] [1789565967.971131909] [ros_gz_sim]: Entity creation successful.
[INFO] [create-4]: process has finished cleanly [pid 72250]
[INFO] [spawner-5]: process started with pid [72341]
[spawner-5] [INFO] [1789565968.308191557] [spawner_joint_state_broadcaster]: waiting for service /controller_manager/list_controllers to become available...
[gz-1] [INFO] [1789565969.747762363] [gz_ros_control]: [gz_ros2_control] Fixed joint ['world_fixed'] (Entity='52') is skipped.
[gz-1] [INFO] [1789565969.748111880] [gz_ros_control]: Loading controller_manager
[gz-1] [INFO] [1789565969.753572194] [controller_manager]: Using ROS clock for triggering controller manager cycles.
[gz-1] [INFO] [1789565969.755602719] [controller_manager]: Subscribing to '/robot_description' topic for robot description.
[gz-1] [WARN] [1789565969.756794804] [gz_ros_control]: Waiting RM to load and initialize hardware...
[gz-1] [INFO] [1789565969.937845547] [controller_manager]: Received robot description from topic.
[gz-1] [INFO] [1789565969.937943859] [controller_manager]: Enforcing command limits is disabled. Command limits from URDF will be ignored.
[gz-1] [INFO] [1789565969.943090028] [gz_ros_control]: The position_proportional_gain has been set to: 0.1
[gz-1] [INFO] [1789565969.943123322] [gz_ros_control]: Loading joint: shoulder_pan
[gz-1] [INFO] [1789565969.943127735] [gz_ros_control]: 	State:
[gz-1] [INFO] [1789565969.943130732] [gz_ros_control]: 		 position
[gz-1] [INFO] [1789565969.943141103] [gz_ros_control]: 			 found initial value: 0.000000
[gz-1] [INFO] [1789565969.943145403] [gz_ros_control]: 		 velocity
[gz-1] [INFO] [1789565969.943149690] [gz_ros_control]: 		 effort
[gz-1] [INFO] [1789565969.943151793] [gz_ros_control]: 	Command:
[gz-1] [INFO] [1789565969.943153414] [gz_ros_control]: 		 effort
[gz-1] [INFO] [1789565969.943160868] [gz_ros_control]: Loading joint: shoulder_lift
[gz-1] [INFO] [1789565969.943162620] [gz_ros_control]: 	State:
[gz-1] [INFO] [1789565969.943164194] [gz_ros_control]: 		 position
[gz-1] [INFO] [1789565969.943165599] [gz_ros_control]: 			 found initial value: 0.000000
[gz-1] [INFO] [1789565969.943167325] [gz_ros_control]: 		 velocity
[gz-1] [INFO] [1789565969.943170226] [gz_ros_control]: 		 effort
[gz-1] [INFO] [1789565969.943171834] [gz_ros_control]: 	Command:
[gz-1] [INFO] [1789565969.943173243] [gz_ros_control]: 		 effort
[gz-1] [INFO] [1789565969.943178053] [gz_ros_control]: Loading joint: elbow_flex
[gz-1] [INFO] [1789565969.943179780] [gz_ros_control]: 	State:
[gz-1] [INFO] [1789565969.943181078] [gz_ros_control]: 		 position
[gz-1] [INFO] [1789565969.943182308] [gz_ros_control]: 			 found initial value: 0.000000
[gz-1] [INFO] [1789565969.943183863] [gz_ros_control]: 		 velocity
[gz-1] [INFO] [1789565969.943185225] [gz_ros_control]: 		 effort
[gz-1] [INFO] [1789565969.943187232] [gz_ros_control]: 	Command:
[gz-1] [INFO] [1789565969.943188609] [gz_ros_control]: 		 effort
[gz-1] [INFO] [1789565969.943193396] [gz_ros_control]: Loading joint: wrist_flex
[gz-1] [INFO] [1789565969.943194944] [gz_ros_control]: 	State:
[gz-1] [INFO] [1789565969.943196340] [gz_ros_control]: 		 position
[gz-1] [INFO] [1789565969.943197559] [gz_ros_control]: 			 found initial value: 0.000000
[gz-1] [INFO] [1789565969.943199164] [gz_ros_control]: 		 velocity
[gz-1] [INFO] [1789565969.943200550] [gz_ros_control]: 		 effort
[gz-1] [INFO] [1789565969.943201932] [gz_ros_control]: 	Command:
[gz-1] [INFO] [1789565969.943203350] [gz_ros_control]: 		 effort
[gz-1] [INFO] [1789565969.943207332] [gz_ros_control]: Loading joint: wrist_roll
[gz-1] [INFO] [1789565969.943208876] [gz_ros_control]: 	State:
[gz-1] [INFO] [1789565969.943210183] [gz_ros_control]: 		 position
[gz-1] [INFO] [1789565969.943211438] [gz_ros_control]: 			 found initial value: 0.000000
[gz-1] [INFO] [1789565969.943212943] [gz_ros_control]: 		 velocity
[gz-1] [INFO] [1789565969.943214260] [gz_ros_control]: 		 effort
[gz-1] [INFO] [1789565969.943215524] [gz_ros_control]: 	Command:
[gz-1] [INFO] [1789565969.943216798] [gz_ros_control]: 		 effort
[gz-1] [INFO] [1789565969.943221010] [gz_ros_control]: Loading joint: gripper
[gz-1] [INFO] [1789565969.943222738] [gz_ros_control]: 	State:
[gz-1] [INFO] [1789565969.943224093] [gz_ros_control]: 		 position
[gz-1] [INFO] [1789565969.943225409] [gz_ros_control]: 			 found initial value: 0.000000
[gz-1] [INFO] [1789565969.943226946] [gz_ros_control]: 		 velocity
[gz-1] [INFO] [1789565969.943229431] [gz_ros_control]: 		 effort
[gz-1] [INFO] [1789565969.943230859] [gz_ros_control]: 	Command:
[gz-1] [INFO] [1789565969.943232170] [gz_ros_control]: 		 position
[gz-1] [INFO] [1789565969.943301570] [controller_manager]: Initialize hardware 'so101_gz' 
[gz-1] [WARN] [1789565969.943309643] [controller_manager.hardware_component.system.so101_gz]: Executor is not available during hardware component initialization for 'so101_gz'. Skipping node creation!
[gz-1] [INFO] [1789565969.943361679] [controller_manager]: Successful initialization of hardware 'so101_gz'
[gz-1] [INFO] [1789565969.943449024] [controller_manager]: Activating component 'so101_gz'.
[gz-1] [INFO] [1789565969.943455009] [resource_manager]: 'configure' hardware 'so101_gz' 
[gz-1] [INFO] [1789565969.943457571] [gz_ros_control]: System Successfully configured!
[gz-1] [INFO] [1789565969.943459840] [resource_manager]: Successful 'configure' of hardware 'so101_gz'
[gz-1] [INFO] [1789565969.943464826] [resource_manager]: 'activate' hardware 'so101_gz' 
[gz-1] [INFO] [1789565969.943472593] [resource_manager]: Successful 'activate' of hardware 'so101_gz'
[gz-1] [WARN] [1789565969.943520846] [controller_manager]: Component 'so101_gz' does not have read or write statistics initialized, skipping registration.
[gz-1] [INFO] [1789565969.943524561] [controller_manager]: Resource Manager has been successfully initialized. Starting Controller Manager services...
[gz-1] [INFO] [1789565970.142814158] [controller_manager]: Loading controller : 'joint_state_broadcaster' of type 'joint_state_broadcaster/JointStateBroadcaster'
[gz-1] [INFO] [1789565970.142865684] [controller_manager]: Loading controller 'joint_state_broadcaster'
[gz-1] [INFO] [1789565970.145565764] [controller_manager]: Controller 'joint_state_broadcaster' node arguments: --ros-args --params-file /home/lemma/so101_ws/src/so101_gazebo/config/controllers_effort_1k_gc.yaml -p use_sim_time:=true --param use_sim_time:=true 
[spawner-5] [INFO] [1789565970.150532658] [spawner_joint_state_broadcaster]: Loaded joint_state_broadcaster
[gz-1] [INFO] [1789565970.151141743] [controller_manager]: Configuring controller: 'joint_state_broadcaster'
[gz-1] [INFO] [1789565970.151240758] [joint_state_broadcaster]: 'joints' or 'interfaces' parameter is empty. All available state interfaces will be published
[gz-1] [INFO] [1789565970.159666947] [controller_manager]: Activating controllers: [ joint_state_broadcaster ]
[gz-1] [INFO] [1789565972.117186654] [controller_manager]: Successfully switched controllers!
[spawner-5] [INFO] [1789565972.119876463] [spawner_joint_state_broadcaster]: Configured and activated joint_state_broadcaster
[INFO] [spawner-5]: process has finished cleanly [pid 72341]
[INFO] [spawner-6]: process started with pid [72397]
[INFO] [spawner-7]: process started with pid [72398]
[spawner-6] [INFO] [1789565972.483273257] [spawner_gravity_compensation]: waiting for service /controller_manager/list_controllers to become available...
[gz-1] [INFO] [1789565972.734292123] [controller_manager]: Loading controller : 'gravity_compensation' of type 'so101_gravity_comp/GravityCompensationController'
[gz-1] [INFO] [1789565972.734317263] [controller_manager]: Loading controller 'gravity_compensation'
[gz-1] [INFO] [1789565972.743445948] [controller_manager]: Controller 'gravity_compensation' node arguments: --ros-args --params-file /home/lemma/so101_ws/src/so101_gazebo/config/controllers_effort_1k_gc.yaml -p use_sim_time:=true --param use_sim_time:=true 
[spawner-6] [INFO] [1789565972.747968061] [spawner_gravity_compensation]: Loaded gravity_compensation
[gz-1] [INFO] [1789565972.748390098] [controller_manager]: Configuring controller: 'gravity_compensation'
[gz-1] [INFO] [1789565972.748922500] [gravity_compensation]: 중력 보상 준비: 관절 5 개, 모델 nq=6, scale=1.000
[gz-1] [INFO] [1789565972.749746411] [controller_manager]: Activating controllers: [ gravity_compensation ]
[gz-1] [INFO] [1789565972.751195787] [controller_manager]: Successfully switched controllers!
[spawner-6] [INFO] [1789565972.754111173] [spawner_gravity_compensation]: Configured and activated gravity_compensation
[gz-1] [INFO] [1789565972.754697067] [controller_manager]: Loading controller : 'arm_controller' of type 'joint_trajectory_controller/JointTrajectoryController'
[gz-1] [INFO] [1789565972.754713923] [controller_manager]: Loading controller 'arm_controller'
[gz-1] [INFO] [1789565972.757124567] [controller_manager]: Controller 'arm_controller' node arguments: --ros-args --params-file /home/lemma/so101_ws/src/so101_gazebo/config/controllers_effort_1k_gc.yaml -p use_sim_time:=true --param use_sim_time:=true 
[spawner-6] [INFO] [1789565972.764223790] [spawner_gravity_compensation]: Loaded arm_controller
[gz-1] [INFO] [1789565972.764331878] [controller_manager]: Configuring controller: 'arm_controller'
[gz-1] Using the legacy anti-windup technique is deprecated. This option will be removed by the ROS 2 Kilted Kaiju release.
[gz-1] Using the legacy anti-windup technique is deprecated. This option will be removed by the ROS 2 Kilted Kaiju release.
[gz-1] Using the legacy anti-windup technique is deprecated. This option will be removed by the ROS 2 Kilted Kaiju release.
[gz-1] Using the legacy anti-windup technique is deprecated. This option will be removed by the ROS 2 Kilted Kaiju release.
[gz-1] Using the legacy anti-windup technique is deprecated. This option will be removed by the ROS 2 Kilted Kaiju release.
[gz-1] [INFO] [1789565972.764479972] [arm_controller]: Command interfaces are [effort] and state interfaces are [position velocity].
[gz-1] [INFO] [1789565972.764499296] [arm_controller]: Using 'splines' interpolation method.
[gz-1] [INFO] [1789565972.765962297] [arm_controller]: Action status changes will be monitored at 20.00 Hz.
[gz-1] [INFO] [1789565972.768294079] [arm_controller]: No scaling interface set. This controller will not read speed scaling from the hardware.
[gz-1] [INFO] [1789565972.770131892] [controller_manager]: Activating controllers: [ arm_controller ]
[gz-1] [INFO] [1789565972.771848841] [controller_manager]: Successfully switched controllers!
[spawner-6] [INFO] [1789565972.774322388] [spawner_gravity_compensation]: Configured and activated arm_controller
[spawner-7] [INFO] [1789565972.833936359] [spawner_gripper_controller]: waiting for service /controller_manager/list_controllers to become available...
[INFO] [spawner-6]: process has finished cleanly [pid 72397]
[gz-1] [INFO] [1789565973.085344724] [controller_manager]: Loading controller : 'gripper_controller' of type 'joint_trajectory_controller/JointTrajectoryController'
[gz-1] [INFO] [1789565973.085398321] [controller_manager]: Loading controller 'gripper_controller'
[gz-1] [INFO] [1789565973.085650995] [controller_manager]: Controller 'gripper_controller' node arguments: --ros-args --params-file /home/lemma/so101_ws/src/so101_gazebo/config/controllers_effort_1k_gc.yaml -p use_sim_time:=true --param use_sim_time:=true 
[spawner-7] [INFO] [1789565973.091268933] [spawner_gripper_controller]: Loaded gripper_controller
[gz-1] [INFO] [1789565973.091719781] [controller_manager]: Configuring controller: 'gripper_controller'
[gz-1] [INFO] [1789565973.091786459] [gripper_controller]: No specific joint names are used for command interfaces. Using 'joints' parameter.
[gz-1] [INFO] [1789565973.091797901] [gripper_controller]: Command interfaces are [position] and state interfaces are [position velocity].
[gz-1] [INFO] [1789565973.091803276] [gripper_controller]: Using 'splines' interpolation method.
[gz-1] [INFO] [1789565973.092491002] [gripper_controller]: Action status changes will be monitored at 20.00 Hz.
[gz-1] [INFO] [1789565973.094232051] [gripper_controller]: Setting initial scaling factor to 1.000000
[gz-1] [INFO] [1789565973.094244396] [gripper_controller]: No scaling interface set. This controller will not read speed scaling from the hardware.
[gz-1] [INFO] [1789565973.095632118] [controller_manager]: Activating controllers: [ gripper_controller ]
[gz-1] [INFO] [1789565973.096892478] [controller_manager]: Successfully switched controllers!
[spawner-7] [INFO] [1789565973.099420166] [spawner_gripper_controller]: Configured and activated gripper_controller
[INFO] [spawner-7]: process has finished cleanly [pid 72398]
[gz-1] [INFO] [1789565976.991306693] [arm_controller]: Received new action goal
[gz-1] [INFO] [1789565976.991350152] [arm_controller]: Accepted new action goal
[gz-1] [INFO] [1789565981.188617059] [arm_controller]: Goal reached, success!
[gz-1] [INFO] [1789565988.896181348] [controller_manager]: Deactivating controllers: [ arm_controller ]
[gz-1] [INFO] [1789565988.897458332] [controller_manager]: Requested controller switch from non-realtime loop
[gz-1] [INFO] [1789565988.897529680] [controller_manager]: Successfully switched controllers!
[robot_state_publisher-3] [INFO] [1789565995.392463576] [rclcpp]: signal_handler(SIGINT/SIGTERM)
[parameter_bridge-2] [INFO] [1789565995.392474432] [rclcpp]: signal_handler(SIGINT/SIGTERM)
[gz-1] [INFO] [1789565995.423260104] [controller_manager.pal_statistics]: Async messages lost 0
[gz-1] [INFO] [1789565995.423302790] [controller_manager.pal_statistics]: publish_async_failures_ 0
[gz-1] [INFO] [1789565995.424261792] [controller_manager.pal_statistics]: Async messages lost 0
[gz-1] [INFO] [1789565995.424268087] [controller_manager.pal_statistics]: publish_async_failures_ 0
[INFO] [robot_state_publisher-3]: process has finished cleanly [pid 72249]
[INFO] [parameter_bridge-2]: process has finished cleanly [pid 72248]
[INFO] [gz-1]: process has finished cleanly [pid 72247]
