[INFO] [launch]: All log files can be found below /home/lemma/.ros/log/2026-09-16-23-19-22-053597-intel-B860M-DS3H-81719
[INFO] [launch]: Default logging verbosity is set to INFO
WARNING:root:[33;21mCannot infer SRDF from `/home/lemma/so101_ws/install/so101_moveit_config/share/so101_moveit_config`. -- using config/so101.srdf[0m
[INFO] [move_group-1]: process started with pid [81725]
[move_group-1] [INFO] [1789568362.175667881] [move_group.moveit.moveit.ros.rdf_loader]: Loaded robot model in 0 seconds
[move_group-1] [INFO] [1789568362.175748301] [move_group.moveit.moveit.core.robot_model]: Loading robot model 'so101_new_calib'...
[move_group-1] [WARN] [1789568362.344598398] [kdl_parser]: The root link base_link has an inertia specified in the URDF, but KDL does not support a root link with an inertia.  As a workaround, you can add an extra dummy link to your URDF.
[move_group-1] [INFO] [1789568362.344651507] [move_group.moveit.moveit.kinematics.kdl_kinematics_plugin]: Joint weights for group 'arm': 1 1 1 1 1
[move_group-1] [INFO] [1789568363.052160674] [move_group.moveit.moveit.ros.planning_scene_monitor]: Publishing maintained planning scene on 'monitored_planning_scene'
[move_group-1] [INFO] [1789568363.052258782] [move_group.moveit.moveit.ros.moveit_cpp]: Listening to 'joint_states' for joint states
[move_group-1] [INFO] [1789568363.052847836] [move_group.moveit.moveit.ros.current_state_monitor]: Listening to joint states on topic 'joint_states'
[move_group-1] [INFO] [1789568363.053038866] [move_group.moveit.moveit.ros.planning_scene_monitor]: Listening to '/attached_collision_object' for attached collision objects
[move_group-1] [INFO] [1789568363.053049301] [move_group.moveit.moveit.ros.planning_scene_monitor]: Stopping existing planning scene publisher.
[move_group-1] [INFO] [1789568363.054450470] [move_group.moveit.moveit.ros.planning_scene_monitor]: Stopped publishing maintained planning scene.
[move_group-1] [INFO] [1789568363.054903184] [move_group.moveit.moveit.ros.planning_scene_monitor]: Publishing maintained planning scene on 'monitored_planning_scene'
[move_group-1] [INFO] [1789568363.054982935] [move_group.moveit.moveit.ros.planning_scene_monitor]: Starting planning scene monitor
[move_group-1] [INFO] [1789568363.055357398] [move_group.moveit.moveit.ros.planning_scene_monitor]: Listening to '/planning_scene'
[move_group-1] [INFO] [1789568363.055369905] [move_group.moveit.moveit.ros.planning_scene_monitor]: Starting world geometry update monitor for collision objects, attached objects, octomap updates.
[move_group-1] [INFO] [1789568363.055508599] [move_group.moveit.moveit.ros.planning_scene_monitor]: Listening to 'collision_object'
[move_group-1] [INFO] [1789568363.055622571] [move_group.moveit.moveit.ros.planning_scene_monitor]: Listening to 'planning_scene_world' for planning scene world geometry
[move_group-1] [WARN] [1789568363.055699895] [move_group.moveit.moveit.ros.occupancy_map_monitor]: Resolution not specified for Octomap. Assuming resolution = 0.1 instead
[move_group-1] [ERROR] [1789568363.055706284] [move_group.moveit.moveit.ros.occupancy_map_monitor]: No 3D sensor plugin(s) defined for octomap updates
[move_group-1] [INFO] [1789568363.605698891] [move_group.moveit.moveit.ros.planning_pipeline]: Successfully loaded planner 'STOMP'
[move_group-1] [INFO] [1789568363.606070976] [move_group]: Try loading adapter 'default_planning_request_adapters/ResolveConstraintFrames'
[move_group-1] [INFO] [1789568363.606475813] [move_group]: Loaded adapter 'default_planning_request_adapters/ResolveConstraintFrames'
[move_group-1] [INFO] [1789568363.606480243] [move_group]: Try loading adapter 'default_planning_request_adapters/ValidateWorkspaceBounds'
[move_group-1] [INFO] [1789568363.606613787] [move_group]: Loaded adapter 'default_planning_request_adapters/ValidateWorkspaceBounds'
[move_group-1] [INFO] [1789568363.606625642] [move_group]: Try loading adapter 'default_planning_request_adapters/CheckStartStateBounds'
[move_group-1] [INFO] [1789568363.606639470] [move_group]: Loaded adapter 'default_planning_request_adapters/CheckStartStateBounds'
[move_group-1] [INFO] [1789568363.606641336] [move_group]: Try loading adapter 'default_planning_request_adapters/CheckStartStateCollision'
[move_group-1] [INFO] [1789568363.606649588] [move_group]: Loaded adapter 'default_planning_request_adapters/CheckStartStateCollision'
[move_group-1] [INFO] [1789568363.607023651] [move_group]: Try loading adapter 'default_planning_response_adapters/AddTimeOptimalParameterization'
[move_group-1] [INFO] [1789568363.607840653] [move_group]: Loaded adapter 'default_planning_response_adapters/AddTimeOptimalParameterization'
[move_group-1] [INFO] [1789568363.607847257] [move_group]: Try loading adapter 'default_planning_response_adapters/ValidateSolution'
[move_group-1] [INFO] [1789568363.608882588] [move_group]: Loaded adapter 'default_planning_response_adapters/ValidateSolution'
[move_group-1] [INFO] [1789568363.608891072] [move_group]: Try loading adapter 'default_planning_response_adapters/DisplayMotionPath'
[move_group-1] [INFO] [1789568363.609111715] [move_group]: Loaded adapter 'default_planning_response_adapters/DisplayMotionPath'
[move_group-1] [INFO] [1789568363.610496727] [move_group.moveit.moveit.ros.planning_pipeline]: Successfully loaded planner 'CHOMP'
[move_group-1] [INFO] [1789568363.610799214] [move_group]: Try loading adapter 'default_planning_request_adapters/ResolveConstraintFrames'
[move_group-1] [INFO] [1789568363.610826861] [move_group]: Loaded adapter 'default_planning_request_adapters/ResolveConstraintFrames'
[move_group-1] [INFO] [1789568363.610828960] [move_group]: Try loading adapter 'default_planning_request_adapters/ValidateWorkspaceBounds'
[move_group-1] [INFO] [1789568363.610901719] [move_group]: Loaded adapter 'default_planning_request_adapters/ValidateWorkspaceBounds'
[move_group-1] [INFO] [1789568363.610904333] [move_group]: Try loading adapter 'default_planning_request_adapters/CheckStartStateBounds'
[move_group-1] [INFO] [1789568363.610911241] [move_group]: Loaded adapter 'default_planning_request_adapters/CheckStartStateBounds'
[move_group-1] [INFO] [1789568363.610912976] [move_group]: Try loading adapter 'default_planning_request_adapters/CheckStartStateCollision'
[move_group-1] [INFO] [1789568363.610917265] [move_group]: Loaded adapter 'default_planning_request_adapters/CheckStartStateCollision'
[move_group-1] [INFO] [1789568363.611194729] [move_group]: Try loading adapter 'default_planning_response_adapters/AddTimeOptimalParameterization'
[move_group-1] [INFO] [1789568363.611309395] [move_group]: Loaded adapter 'default_planning_response_adapters/AddTimeOptimalParameterization'
[move_group-1] [INFO] [1789568363.611312809] [move_group]: Try loading adapter 'default_planning_response_adapters/ValidateSolution'
[move_group-1] [INFO] [1789568363.611464250] [move_group]: Loaded adapter 'default_planning_response_adapters/ValidateSolution'
[move_group-1] [INFO] [1789568363.611468599] [move_group]: Try loading adapter 'default_planning_response_adapters/DisplayMotionPath'
[move_group-1] [INFO] [1789568363.611563232] [move_group]: Loaded adapter 'default_planning_response_adapters/DisplayMotionPath'
[move_group-1] [INFO] [1789568363.612508282] [move_group.moveit.moveit.planners.pilz.joint_limits_aggregator]: Reading limits from namespace robot_description_planning
[move_group-1] [INFO] [1789568363.613821591] [move_group.moveit.moveit.planners.pilz.command_planner]: Available plugins: pilz_industrial_motion_planner/PlanningContextLoaderCIRC pilz_industrial_motion_planner/PlanningContextLoaderLIN pilz_industrial_motion_planner/PlanningContextLoaderPTP 
[move_group-1] [INFO] [1789568363.613831740] [move_group.moveit.moveit.planners.pilz.command_planner]: About to load: pilz_industrial_motion_planner/PlanningContextLoaderCIRC
[move_group-1] [INFO] [1789568363.614410612] [move_group.moveit.moveit.planners.pilz.command_planner]: Registered Algorithm [CIRC]
[move_group-1] [INFO] [1789568363.614417870] [move_group.moveit.moveit.planners.pilz.command_planner]: About to load: pilz_industrial_motion_planner/PlanningContextLoaderLIN
[move_group-1] [INFO] [1789568363.614802373] [move_group.moveit.moveit.planners.pilz.command_planner]: Registered Algorithm [LIN]
[move_group-1] [INFO] [1789568363.614807895] [move_group.moveit.moveit.planners.pilz.command_planner]: About to load: pilz_industrial_motion_planner/PlanningContextLoaderPTP
[move_group-1] [INFO] [1789568363.615162789] [move_group.moveit.moveit.planners.pilz.command_planner]: Registered Algorithm [PTP]
[move_group-1] [INFO] [1789568363.615168821] [move_group.moveit.moveit.ros.planning_pipeline]: Successfully loaded planner 'Pilz Industrial Motion Planner'
[move_group-1] [INFO] [1789568363.615469372] [move_group]: Try loading adapter 'default_planning_request_adapters/ResolveConstraintFrames'
[move_group-1] [INFO] [1789568363.615492901] [move_group]: Loaded adapter 'default_planning_request_adapters/ResolveConstraintFrames'
[move_group-1] [INFO] [1789568363.615494872] [move_group]: Try loading adapter 'default_planning_request_adapters/ValidateWorkspaceBounds'
[move_group-1] [INFO] [1789568363.615579336] [move_group]: Loaded adapter 'default_planning_request_adapters/ValidateWorkspaceBounds'
[move_group-1] [INFO] [1789568363.615581836] [move_group]: Try loading adapter 'default_planning_request_adapters/CheckStartStateBounds'
[move_group-1] [INFO] [1789568363.615589037] [move_group]: Loaded adapter 'default_planning_request_adapters/CheckStartStateBounds'
[move_group-1] [INFO] [1789568363.615590552] [move_group]: Try loading adapter 'default_planning_request_adapters/CheckStartStateCollision'
[move_group-1] [INFO] [1789568363.615595229] [move_group]: Loaded adapter 'default_planning_request_adapters/CheckStartStateCollision'
[move_group-1] [INFO] [1789568363.615873590] [move_group]: Try loading adapter 'default_planning_response_adapters/ValidateSolution'
[move_group-1] [INFO] [1789568363.616161229] [move_group]: Loaded adapter 'default_planning_response_adapters/ValidateSolution'
[move_group-1] [INFO] [1789568363.616167938] [move_group]: Try loading adapter 'default_planning_response_adapters/DisplayMotionPath'
[move_group-1] [INFO] [1789568363.616266461] [move_group]: Loaded adapter 'default_planning_response_adapters/DisplayMotionPath'
[move_group-1] [INFO] [1789568363.621872849] [move_group.moveit.moveit.ros.planning_pipeline]: Successfully loaded planner 'OMPL'
[move_group-1] [INFO] [1789568363.622210008] [move_group]: Try loading adapter 'default_planning_request_adapters/ResolveConstraintFrames'
[move_group-1] [INFO] [1789568363.622234358] [move_group]: Loaded adapter 'default_planning_request_adapters/ResolveConstraintFrames'
[move_group-1] [INFO] [1789568363.622236524] [move_group]: Try loading adapter 'default_planning_request_adapters/ValidateWorkspaceBounds'
[move_group-1] [INFO] [1789568363.622338013] [move_group]: Loaded adapter 'default_planning_request_adapters/ValidateWorkspaceBounds'
[move_group-1] [INFO] [1789568363.622340635] [move_group]: Try loading adapter 'default_planning_request_adapters/CheckStartStateBounds'
[move_group-1] [INFO] [1789568363.622348250] [move_group]: Loaded adapter 'default_planning_request_adapters/CheckStartStateBounds'
[move_group-1] [INFO] [1789568363.622349967] [move_group]: Try loading adapter 'default_planning_request_adapters/CheckStartStateCollision'
[move_group-1] [INFO] [1789568363.622354428] [move_group]: Loaded adapter 'default_planning_request_adapters/CheckStartStateCollision'
[move_group-1] [INFO] [1789568363.622638279] [move_group]: Try loading adapter 'default_planning_response_adapters/AddTimeOptimalParameterization'
[move_group-1] [INFO] [1789568363.622776967] [move_group]: Loaded adapter 'default_planning_response_adapters/AddTimeOptimalParameterization'
[move_group-1] [INFO] [1789568363.622780059] [move_group]: Try loading adapter 'default_planning_response_adapters/ValidateSolution'
[move_group-1] [INFO] [1789568363.622934371] [move_group]: Loaded adapter 'default_planning_response_adapters/ValidateSolution'
[move_group-1] [INFO] [1789568363.622939962] [move_group]: Try loading adapter 'default_planning_response_adapters/DisplayMotionPath'
[move_group-1] [INFO] [1789568363.623041947] [move_group]: Loaded adapter 'default_planning_response_adapters/DisplayMotionPath'
[move_group-1] [INFO] [1789568363.638576808] [move_group.moveit.moveit.plugins.simple_controller_manager]: Added FollowJointTrajectory controller for arm_controller
[move_group-1] [INFO] [1789568363.639249165] [move_group.moveit.moveit.plugins.simple_controller_manager]: Added FollowJointTrajectory controller for gripper_controller
[move_group-1] [INFO] [1789568363.639348501] [move_group.moveit.moveit.plugins.simple_controller_manager]: Returned 2 controllers in list
[move_group-1] [INFO] [1789568363.639364939] [move_group.moveit.moveit.plugins.simple_controller_manager]: Returned 2 controllers in list
[move_group-1] [INFO] [1789568363.639539036] [move_group.moveit.moveit.ros.trajectory_execution_manager]: Trajectory execution is managing controllers
[move_group-1] [INFO] [1789568363.639547070] [move_group]: MoveGroup debug mode is ON
[move_group-1] [INFO] [1789568363.647365245] [move_group.moveit.moveit.planners.pilz.move_group_sequence_action]: initialize move group sequence action
[move_group-1] [INFO] [1789568363.648508930] [move_group.moveit.moveit.planners.pilz.joint_limits_aggregator]: Reading limits from namespace robot_description_planning
[move_group-1] [INFO] [1789568363.648613622] [move_group.moveit.moveit.planners.pilz.joint_limits_aggregator]: Reading limits from namespace robot_description_planning
[move_group-1] [INFO] [1789568363.648936628] [move_group.moveit.moveit.ros.move_group.executable]: 
[move_group-1] 
[move_group-1] ********************************************************
[move_group-1] * MoveGroup using: 
[move_group-1] *     - apply_planning_scene_service
[move_group-1] *     - clear_octomap_service
[move_group-1] *     - get_group_urdf
[move_group-1] *     - load_geometry_from_file
[move_group-1] *     - CartesianPathService
[move_group-1] *     - execute_trajectory_action
[move_group-1] *     - get_planning_scene_service
[move_group-1] *     - kinematics_service
[move_group-1] *     - move_action
[move_group-1] *     - motion_plan_service
[move_group-1] *     - query_planners_service
[move_group-1] *     - state_validation_service
[move_group-1] *     - save_geometry_to_file
[move_group-1] *     - SequenceAction
[move_group-1] *     - SequenceService
[move_group-1] ********************************************************
[move_group-1] 
[move_group-1] [INFO] [1789568363.648959718] [move_group.moveit.moveit.ros.move_group.context]: MoveGroup context using pipeline ompl
[move_group-1] [INFO] [1789568363.648965034] [move_group.moveit.moveit.ros.move_group.context]: MoveGroup context initialization complete
[move_group-1] [96mLoading 'move_group/ApplyPlanningSceneService'...[0m
[move_group-1] [96mLoading 'move_group/ClearOctomapService'...[0m
[move_group-1] [96mLoading 'move_group/GetUrdfService'...[0m
[move_group-1] [96mLoading 'move_group/LoadGeometryFromFileService'...[0m
[move_group-1] [96mLoading 'move_group/MoveGroupCartesianPathService'...[0m
[move_group-1] [96mLoading 'move_group/MoveGroupExecuteTrajectoryAction'...[0m
[move_group-1] [96mLoading 'move_group/MoveGroupGetPlanningSceneService'...[0m
[move_group-1] [96mLoading 'move_group/MoveGroupKinematicsService'...[0m
[move_group-1] [96mLoading 'move_group/MoveGroupMoveAction'...[0m
[move_group-1] [96mLoading 'move_group/MoveGroupPlanService'...[0m
[move_group-1] [96mLoading 'move_group/MoveGroupQueryPlannersService'...[0m
[move_group-1] [96mLoading 'move_group/MoveGroupStateValidationService'...[0m
[move_group-1] [96mLoading 'move_group/SaveGeometryToFileService'...[0m
[move_group-1] [96mLoading 'pilz_industrial_motion_planner/MoveGroupSequenceAction'...[0m
[move_group-1] [96mLoading 'pilz_industrial_motion_planner/MoveGroupSequenceService'...[0m
[move_group-1] 
[move_group-1] [92mYou can start planning now![0m
[move_group-1] 
[move_group-1] [INFO] [1789568366.183617917] [move_group.moveit.moveit.ros.move_group.move_action]: MoveGroupMoveAction: Received request
[move_group-1] [INFO] [1789568366.184061688] [move_group.moveit.moveit.ros.move_group.move_action]: executing..
[move_group-1] [INFO] [1789568366.184988660] [move_group.moveit.moveit.ros.move_group.move_action]: Combined planning and execution request received for MoveGroup action. Forwarding to planning and execution pipeline.
[move_group-1] [WARN] [1789568366.185041351] [move_group.moveit.moveit.ros.move_group.capability]: Execution of motions should always start at the robot's current state. Ignoring the state supplied as start state in the motion planning request
[move_group-1] [WARN] [1789568366.185065040] [move_group.moveit.moveit.ros.move_group.capability]: Execution of motions should always start at the robot's current state. Ignoring the state supplied as difference in the planning scene diff
[move_group-1] [INFO] [1789568366.185088432] [move_group.moveit.moveit.ros.plan_execution]: Planning attempt 1 of at most 1
[move_group-1] [INFO] [1789568366.185360146] [move_group]: Calling PlanningRequestAdapter 'ResolveConstraintFrames'
[move_group-1] [INFO] [1789568366.185386393] [move_group]: Calling PlanningRequestAdapter 'ValidateWorkspaceBounds'
[move_group-1] [WARN] [1789568366.185391526] [move_group.moveit.moveit.ros.validate_workspace_bounds]: It looks like the planning volume was not specified. Using default values.
[move_group-1] [INFO] [1789568366.185402074] [move_group]: Calling PlanningRequestAdapter 'CheckStartStateBounds'
[move_group-1] [INFO] [1789568366.185420960] [move_group]: Calling PlanningRequestAdapter 'CheckStartStateCollision'
[move_group-1] [INFO] [1789568366.185974122] [move_group.moveit.moveit.planners.ompl.model_based_planning_context]: Planner configuration 'arm' will use planner 'geometric::RRTConnect'. Additional configuration parameters will be set when the planner is constructed.
[move_group-1] [INFO] [1789568366.186101863] [move_group]: Calling Planner 'OMPL'
[move_group-1] [INFO] [1789568366.199722885] [move_group]: Calling PlanningResponseAdapter 'AddTimeOptimalParameterization'
[move_group-1] [INFO] [1789568366.200240615] [move_group]: Calling PlanningResponseAdapter 'ValidateSolution'
[move_group-1] [INFO] [1789568366.200382071] [move_group]: Calling PlanningResponseAdapter 'DisplayMotionPath'
[move_group-1] [WARN] [1789568366.200415497] [move_group.moveit.moveit.ros.planning_pipeline]: The planner plugin did not fill out the 'planner_id' field of the MotionPlanResponse. Setting it to the planner ID name of the MotionPlanRequest assuming that the planner plugin does warn you if it does not use the requested planner.
[move_group-1] [INFO] [1789568366.200479097] [move_group.moveit.moveit.plugins.simple_controller_manager]: Returned 2 controllers in list
[move_group-1] [INFO] [1789568366.200491860] [move_group.moveit.moveit.plugins.simple_controller_manager]: Returned 2 controllers in list
[move_group-1] [INFO] [1789568366.200539619] [move_group.moveit.moveit.ros.trajectory_execution_manager]: Validating trajectory with allowed_start_tolerance 0.01
[move_group-1] [INFO] [1789568366.201741923] [move_group.moveit.moveit.ros.trajectory_execution_manager]: Starting trajectory execution ...
[move_group-1] [INFO] [1789568366.201767446] [move_group.moveit.moveit.plugins.simple_controller_manager]: Returned 2 controllers in list
[move_group-1] [INFO] [1789568366.201784779] [move_group.moveit.moveit.plugins.simple_controller_manager]: Returned 2 controllers in list
[move_group-1] [INFO] [1789568366.201895200] [moveit.simple_controller_manager.follow_joint_trajectory_controller_handle]: sending trajectory to arm_controller
[move_group-1] [INFO] [1789568366.202307246] [moveit.simple_controller_manager.follow_joint_trajectory_controller_handle]: arm_controller started execution
[move_group-1] [INFO] [1789568366.202316743] [moveit.simple_controller_manager.follow_joint_trajectory_controller_handle]: Goal request accepted!
[move_group-1] [INFO] [1789568369.552617747] [moveit.simple_controller_manager.follow_joint_trajectory_controller_handle]: Controller 'arm_controller' successfully finished
[move_group-1] [INFO] [1789568369.552867260] [move_group.moveit.moveit.ros.trajectory_execution_manager]: Completed trajectory execution with status SUCCEEDED ...
[move_group-1] [INFO] [1789568369.561904041] [move_group.moveit.moveit.ros.move_group.move_action]: Solution was found and executed.
[move_group-1] [INFO] [1789568370.563786329] [move_group.moveit.moveit.ros.move_group.move_action]: MoveGroupMoveAction: Received request
[move_group-1] [INFO] [1789568370.563900406] [move_group.moveit.moveit.ros.move_group.move_action]: executing..
[move_group-1] [INFO] [1789568370.565325377] [move_group.moveit.moveit.ros.move_group.move_action]: Combined planning and execution request received for MoveGroup action. Forwarding to planning and execution pipeline.
[move_group-1] [WARN] [1789568370.565349900] [move_group.moveit.moveit.ros.move_group.capability]: Execution of motions should always start at the robot's current state. Ignoring the state supplied as start state in the motion planning request
[move_group-1] [WARN] [1789568370.565357968] [move_group.moveit.moveit.ros.move_group.capability]: Execution of motions should always start at the robot's current state. Ignoring the state supplied as difference in the planning scene diff
[move_group-1] [INFO] [1789568370.565363926] [move_group.moveit.moveit.ros.plan_execution]: Planning attempt 1 of at most 1
[move_group-1] [INFO] [1789568370.565433940] [move_group]: Calling PlanningRequestAdapter 'ResolveConstraintFrames'
[move_group-1] [INFO] [1789568370.565447792] [move_group]: Calling PlanningRequestAdapter 'ValidateWorkspaceBounds'
[move_group-1] [WARN] [1789568370.565451269] [move_group.moveit.moveit.ros.validate_workspace_bounds]: It looks like the planning volume was not specified. Using default values.
[move_group-1] [INFO] [1789568370.565458824] [move_group]: Calling PlanningRequestAdapter 'CheckStartStateBounds'
[move_group-1] [INFO] [1789568370.565467755] [move_group]: Calling PlanningRequestAdapter 'CheckStartStateCollision'
[move_group-1] [INFO] [1789568370.565670546] [move_group.moveit.moveit.planners.ompl.model_based_planning_context]: Planner configuration 'arm' will use planner 'geometric::RRTConnect'. Additional configuration parameters will be set when the planner is constructed.
[move_group-1] [INFO] [1789568370.565708602] [move_group]: Calling Planner 'OMPL'
[move_group-1] [INFO] [1789568370.610032332] [move_group]: Calling PlanningResponseAdapter 'AddTimeOptimalParameterization'
[move_group-1] [INFO] [1789568370.610647802] [move_group]: Calling PlanningResponseAdapter 'ValidateSolution'
[move_group-1] [INFO] [1789568370.610822939] [move_group]: Calling PlanningResponseAdapter 'DisplayMotionPath'
[move_group-1] [WARN] [1789568370.610848525] [move_group.moveit.moveit.ros.planning_pipeline]: The planner plugin did not fill out the 'planner_id' field of the MotionPlanResponse. Setting it to the planner ID name of the MotionPlanRequest assuming that the planner plugin does warn you if it does not use the requested planner.
[move_group-1] [INFO] [1789568370.610900575] [move_group.moveit.moveit.plugins.simple_controller_manager]: Returned 2 controllers in list
[move_group-1] [INFO] [1789568370.610912899] [move_group.moveit.moveit.plugins.simple_controller_manager]: Returned 2 controllers in list
[move_group-1] [INFO] [1789568370.610948651] [move_group.moveit.moveit.ros.trajectory_execution_manager]: Validating trajectory with allowed_start_tolerance 0.01
[move_group-1] [INFO] [1789568370.612648697] [move_group.moveit.moveit.ros.trajectory_execution_manager]: Starting trajectory execution ...
[move_group-1] [INFO] [1789568370.612673870] [move_group.moveit.moveit.plugins.simple_controller_manager]: Returned 2 controllers in list
[move_group-1] [INFO] [1789568370.612687627] [move_group.moveit.moveit.plugins.simple_controller_manager]: Returned 2 controllers in list
[move_group-1] [INFO] [1789568370.612769126] [moveit.simple_controller_manager.follow_joint_trajectory_controller_handle]: sending trajectory to arm_controller
[move_group-1] [INFO] [1789568370.612967373] [moveit.simple_controller_manager.follow_joint_trajectory_controller_handle]: arm_controller started execution
[move_group-1] [INFO] [1789568370.612977134] [moveit.simple_controller_manager.follow_joint_trajectory_controller_handle]: Goal request accepted!
[move_group-1] [INFO] [1789568375.163247209] [moveit.simple_controller_manager.follow_joint_trajectory_controller_handle]: Controller 'arm_controller' successfully finished
[move_group-1] [INFO] [1789568375.163625511] [move_group.moveit.moveit.ros.trajectory_execution_manager]: Completed trajectory execution with status SUCCEEDED ...
[move_group-1] [INFO] [1789568375.172758159] [move_group.moveit.moveit.ros.move_group.move_action]: Solution was found and executed.
[move_group-1] [INFO] [1789568376.432823324] [rclcpp]: signal_handler(SIGINT/SIGTERM)
[move_group-1] Stack trace (most recent call last):
[move_group-1] #6    Object "/usr/lib/x86_64-linux-gnu/ld-linux-x86-64.so.2", at 0xffffffffffffffff, in 
[move_group-1] #5    Object "/opt/ros/jazzy/lib/moveit_ros_move_group/move_group", at 0x61df643ada44, in _start
[move_group-1] #4    Source "../csu/libc-start.c", line 360, in __libc_start_main_impl [0x7f7fd642a28a]
[move_group-1] #3    Source "../sysdeps/nptl/libc_start_call_main.h", line 58, in __libc_start_call_main [0x7f7fd642a1c9]
[move_group-1] #2    Object "/opt/ros/jazzy/lib/moveit_ros_move_group/move_group", at 0x61df643ac517, in main
[move_group-1] #1    Object "/opt/ros/jazzy/lib/librclcpp.so", at 0x7f7fd6d14767, in rclcpp::Executor::~Executor()
[move_group-1] #0    Object "/opt/ros/jazzy/lib/librclcpp.so", at 0x7f7fd6d0f24e, in 
[move_group-1] Segmentation fault (Address not mapped to object [0x7f7f98515170])
[ERROR] [move_group-1]: process has died [pid 81725, exit code -11, cmd '/opt/ros/jazzy/lib/moveit_ros_move_group/move_group --ros-args --params-file /tmp/launch_params_x6ftom6_ --params-file /tmp/launch_params_zmdfyv1n'].
