[INFO] [launch]: All log files can be found below /home/lemma/.ros/log/2026-09-16-23-19-51-174393-intel-B860M-DS3H-82084
[INFO] [launch]: Default logging verbosity is set to INFO
WARNING:root:[33;21mCannot infer SRDF from `/home/lemma/so101_ws/install/so101_moveit_config/share/so101_moveit_config`. -- using config/so101.srdf[0m
[INFO] [move_group-1]: process started with pid [82090]
[move_group-1] [INFO] [1789568391.298105135] [move_group.moveit.moveit.ros.rdf_loader]: Loaded robot model in 0 seconds
[move_group-1] [INFO] [1789568391.298185659] [move_group.moveit.moveit.core.robot_model]: Loading robot model 'so101_new_calib'...
[move_group-1] [WARN] [1789568391.800135707] [kdl_parser]: The root link base_link has an inertia specified in the URDF, but KDL does not support a root link with an inertia.  As a workaround, you can add an extra dummy link to your URDF.
[move_group-1] [INFO] [1789568391.800191708] [move_group.moveit.moveit.kinematics.kdl_kinematics_plugin]: Joint weights for group 'arm': 1 1 1 1 1
[move_group-1] [INFO] [1789568392.511733052] [move_group.moveit.moveit.ros.planning_scene_monitor]: Publishing maintained planning scene on 'monitored_planning_scene'
[move_group-1] [INFO] [1789568392.511826414] [move_group.moveit.moveit.ros.moveit_cpp]: Listening to 'joint_states' for joint states
[move_group-1] [INFO] [1789568392.512427252] [move_group.moveit.moveit.ros.current_state_monitor]: Listening to joint states on topic 'joint_states'
[move_group-1] [INFO] [1789568392.512623099] [move_group.moveit.moveit.ros.planning_scene_monitor]: Listening to '/attached_collision_object' for attached collision objects
[move_group-1] [INFO] [1789568392.512630280] [move_group.moveit.moveit.ros.planning_scene_monitor]: Stopping existing planning scene publisher.
[move_group-1] [INFO] [1789568392.512704078] [move_group.moveit.moveit.ros.planning_scene_monitor]: Stopped publishing maintained planning scene.
[move_group-1] [INFO] [1789568392.512835112] [move_group.moveit.moveit.ros.planning_scene_monitor]: Publishing maintained planning scene on 'monitored_planning_scene'
[move_group-1] [INFO] [1789568392.512863037] [move_group.moveit.moveit.ros.planning_scene_monitor]: Starting planning scene monitor
[move_group-1] [INFO] [1789568392.513188200] [move_group.moveit.moveit.ros.planning_scene_monitor]: Listening to '/planning_scene'
[move_group-1] [INFO] [1789568392.513222115] [move_group.moveit.moveit.ros.planning_scene_monitor]: Starting world geometry update monitor for collision objects, attached objects, octomap updates.
[move_group-1] [INFO] [1789568392.513534307] [move_group.moveit.moveit.ros.planning_scene_monitor]: Listening to 'collision_object'
[move_group-1] [INFO] [1789568392.513678616] [move_group.moveit.moveit.ros.planning_scene_monitor]: Listening to 'planning_scene_world' for planning scene world geometry
[move_group-1] [WARN] [1789568392.513757075] [move_group.moveit.moveit.ros.occupancy_map_monitor]: Resolution not specified for Octomap. Assuming resolution = 0.1 instead
[move_group-1] [ERROR] [1789568392.513764180] [move_group.moveit.moveit.ros.occupancy_map_monitor]: No 3D sensor plugin(s) defined for octomap updates
[move_group-1] [INFO] [1789568392.985086285] [move_group.moveit.moveit.ros.planning_pipeline]: Successfully loaded planner 'STOMP'
[move_group-1] [INFO] [1789568392.985411795] [move_group]: Try loading adapter 'default_planning_request_adapters/ResolveConstraintFrames'
[move_group-1] [INFO] [1789568392.985804161] [move_group]: Loaded adapter 'default_planning_request_adapters/ResolveConstraintFrames'
[move_group-1] [INFO] [1789568392.985808617] [move_group]: Try loading adapter 'default_planning_request_adapters/ValidateWorkspaceBounds'
[move_group-1] [INFO] [1789568392.985872013] [move_group]: Loaded adapter 'default_planning_request_adapters/ValidateWorkspaceBounds'
[move_group-1] [INFO] [1789568392.985874820] [move_group]: Try loading adapter 'default_planning_request_adapters/CheckStartStateBounds'
[move_group-1] [INFO] [1789568392.985883098] [move_group]: Loaded adapter 'default_planning_request_adapters/CheckStartStateBounds'
[move_group-1] [INFO] [1789568392.985885199] [move_group]: Try loading adapter 'default_planning_request_adapters/CheckStartStateCollision'
[move_group-1] [INFO] [1789568392.985892813] [move_group]: Loaded adapter 'default_planning_request_adapters/CheckStartStateCollision'
[move_group-1] [INFO] [1789568392.986182863] [move_group]: Try loading adapter 'default_planning_response_adapters/AddTimeOptimalParameterization'
[move_group-1] [INFO] [1789568392.986899921] [move_group]: Loaded adapter 'default_planning_response_adapters/AddTimeOptimalParameterization'
[move_group-1] [INFO] [1789568392.986904168] [move_group]: Try loading adapter 'default_planning_response_adapters/ValidateSolution'
[move_group-1] [INFO] [1789568392.987876984] [move_group]: Loaded adapter 'default_planning_response_adapters/ValidateSolution'
[move_group-1] [INFO] [1789568392.987884248] [move_group]: Try loading adapter 'default_planning_response_adapters/DisplayMotionPath'
[move_group-1] [INFO] [1789568392.988083808] [move_group]: Loaded adapter 'default_planning_response_adapters/DisplayMotionPath'
[move_group-1] [INFO] [1789568392.989441996] [move_group.moveit.moveit.ros.planning_pipeline]: Successfully loaded planner 'CHOMP'
[move_group-1] [INFO] [1789568392.989737944] [move_group]: Try loading adapter 'default_planning_request_adapters/ResolveConstraintFrames'
[move_group-1] [INFO] [1789568392.989761927] [move_group]: Loaded adapter 'default_planning_request_adapters/ResolveConstraintFrames'
[move_group-1] [INFO] [1789568392.989764046] [move_group]: Try loading adapter 'default_planning_request_adapters/ValidateWorkspaceBounds'
[move_group-1] [INFO] [1789568392.989833873] [move_group]: Loaded adapter 'default_planning_request_adapters/ValidateWorkspaceBounds'
[move_group-1] [INFO] [1789568392.989836163] [move_group]: Try loading adapter 'default_planning_request_adapters/CheckStartStateBounds'
[move_group-1] [INFO] [1789568392.989842815] [move_group]: Loaded adapter 'default_planning_request_adapters/CheckStartStateBounds'
[move_group-1] [INFO] [1789568392.989844434] [move_group]: Try loading adapter 'default_planning_request_adapters/CheckStartStateCollision'
[move_group-1] [INFO] [1789568392.989848975] [move_group]: Loaded adapter 'default_planning_request_adapters/CheckStartStateCollision'
[move_group-1] [INFO] [1789568392.990130201] [move_group]: Try loading adapter 'default_planning_response_adapters/AddTimeOptimalParameterization'
[move_group-1] [INFO] [1789568392.990261599] [move_group]: Loaded adapter 'default_planning_response_adapters/AddTimeOptimalParameterization'
[move_group-1] [INFO] [1789568392.990265452] [move_group]: Try loading adapter 'default_planning_response_adapters/ValidateSolution'
[move_group-1] [INFO] [1789568392.990416770] [move_group]: Loaded adapter 'default_planning_response_adapters/ValidateSolution'
[move_group-1] [INFO] [1789568392.990420921] [move_group]: Try loading adapter 'default_planning_response_adapters/DisplayMotionPath'
[move_group-1] [INFO] [1789568392.990536004] [move_group]: Loaded adapter 'default_planning_response_adapters/DisplayMotionPath'
[move_group-1] [INFO] [1789568392.991527814] [move_group.moveit.moveit.planners.pilz.joint_limits_aggregator]: Reading limits from namespace robot_description_planning
[move_group-1] [INFO] [1789568392.993132191] [move_group.moveit.moveit.planners.pilz.command_planner]: Available plugins: pilz_industrial_motion_planner/PlanningContextLoaderCIRC pilz_industrial_motion_planner/PlanningContextLoaderLIN pilz_industrial_motion_planner/PlanningContextLoaderPTP 
[move_group-1] [INFO] [1789568392.993144806] [move_group.moveit.moveit.planners.pilz.command_planner]: About to load: pilz_industrial_motion_planner/PlanningContextLoaderCIRC
[move_group-1] [INFO] [1789568392.993755906] [move_group.moveit.moveit.planners.pilz.command_planner]: Registered Algorithm [CIRC]
[move_group-1] [INFO] [1789568392.993763578] [move_group.moveit.moveit.planners.pilz.command_planner]: About to load: pilz_industrial_motion_planner/PlanningContextLoaderLIN
[move_group-1] [INFO] [1789568392.994146401] [move_group.moveit.moveit.planners.pilz.command_planner]: Registered Algorithm [LIN]
[move_group-1] [INFO] [1789568392.994152045] [move_group.moveit.moveit.planners.pilz.command_planner]: About to load: pilz_industrial_motion_planner/PlanningContextLoaderPTP
[move_group-1] [INFO] [1789568392.994509535] [move_group.moveit.moveit.planners.pilz.command_planner]: Registered Algorithm [PTP]
[move_group-1] [INFO] [1789568392.994514769] [move_group.moveit.moveit.ros.planning_pipeline]: Successfully loaded planner 'Pilz Industrial Motion Planner'
[move_group-1] [INFO] [1789568392.994821174] [move_group]: Try loading adapter 'default_planning_request_adapters/ResolveConstraintFrames'
[move_group-1] [INFO] [1789568392.994846308] [move_group]: Loaded adapter 'default_planning_request_adapters/ResolveConstraintFrames'
[move_group-1] [INFO] [1789568392.994848399] [move_group]: Try loading adapter 'default_planning_request_adapters/ValidateWorkspaceBounds'
[move_group-1] [INFO] [1789568392.994933794] [move_group]: Loaded adapter 'default_planning_request_adapters/ValidateWorkspaceBounds'
[move_group-1] [INFO] [1789568392.994937123] [move_group]: Try loading adapter 'default_planning_request_adapters/CheckStartStateBounds'
[move_group-1] [INFO] [1789568392.994944759] [move_group]: Loaded adapter 'default_planning_request_adapters/CheckStartStateBounds'
[move_group-1] [INFO] [1789568392.994946547] [move_group]: Try loading adapter 'default_planning_request_adapters/CheckStartStateCollision'
[move_group-1] [INFO] [1789568392.994951496] [move_group]: Loaded adapter 'default_planning_request_adapters/CheckStartStateCollision'
[move_group-1] [INFO] [1789568392.995237375] [move_group]: Try loading adapter 'default_planning_response_adapters/ValidateSolution'
[move_group-1] [INFO] [1789568392.995574838] [move_group]: Loaded adapter 'default_planning_response_adapters/ValidateSolution'
[move_group-1] [INFO] [1789568392.995581976] [move_group]: Try loading adapter 'default_planning_response_adapters/DisplayMotionPath'
[move_group-1] [INFO] [1789568392.995899542] [move_group]: Loaded adapter 'default_planning_response_adapters/DisplayMotionPath'
[move_group-1] [INFO] [1789568393.001580682] [move_group.moveit.moveit.ros.planning_pipeline]: Successfully loaded planner 'OMPL'
[move_group-1] [INFO] [1789568393.001931601] [move_group]: Try loading adapter 'default_planning_request_adapters/ResolveConstraintFrames'
[move_group-1] [INFO] [1789568393.001958154] [move_group]: Loaded adapter 'default_planning_request_adapters/ResolveConstraintFrames'
[move_group-1] [INFO] [1789568393.001960438] [move_group]: Try loading adapter 'default_planning_request_adapters/ValidateWorkspaceBounds'
[move_group-1] [INFO] [1789568393.002072959] [move_group]: Loaded adapter 'default_planning_request_adapters/ValidateWorkspaceBounds'
[move_group-1] [INFO] [1789568393.002075953] [move_group]: Try loading adapter 'default_planning_request_adapters/CheckStartStateBounds'
[move_group-1] [INFO] [1789568393.002087008] [move_group]: Loaded adapter 'default_planning_request_adapters/CheckStartStateBounds'
[move_group-1] [INFO] [1789568393.002089260] [move_group]: Try loading adapter 'default_planning_request_adapters/CheckStartStateCollision'
[move_group-1] [INFO] [1789568393.002094595] [move_group]: Loaded adapter 'default_planning_request_adapters/CheckStartStateCollision'
[move_group-1] [INFO] [1789568393.002378880] [move_group]: Try loading adapter 'default_planning_response_adapters/AddTimeOptimalParameterization'
[move_group-1] [INFO] [1789568393.002561927] [move_group]: Loaded adapter 'default_planning_response_adapters/AddTimeOptimalParameterization'
[move_group-1] [INFO] [1789568393.002565820] [move_group]: Try loading adapter 'default_planning_response_adapters/ValidateSolution'
[move_group-1] [INFO] [1789568393.002757682] [move_group]: Loaded adapter 'default_planning_response_adapters/ValidateSolution'
[move_group-1] [INFO] [1789568393.002762572] [move_group]: Try loading adapter 'default_planning_response_adapters/DisplayMotionPath'
[move_group-1] [INFO] [1789568393.002872947] [move_group]: Loaded adapter 'default_planning_response_adapters/DisplayMotionPath'
[move_group-1] [INFO] [1789568393.018658277] [move_group.moveit.moveit.plugins.simple_controller_manager]: Added FollowJointTrajectory controller for arm_controller
[move_group-1] [INFO] [1789568393.019498773] [move_group.moveit.moveit.plugins.simple_controller_manager]: Added FollowJointTrajectory controller for gripper_controller
[move_group-1] [INFO] [1789568393.019615174] [move_group.moveit.moveit.plugins.simple_controller_manager]: Returned 2 controllers in list
[move_group-1] [INFO] [1789568393.019632034] [move_group.moveit.moveit.plugins.simple_controller_manager]: Returned 2 controllers in list
[move_group-1] [INFO] [1789568393.019803820] [move_group.moveit.moveit.ros.trajectory_execution_manager]: Trajectory execution is managing controllers
[move_group-1] [INFO] [1789568393.019812465] [move_group]: MoveGroup debug mode is ON
[move_group-1] [INFO] [1789568393.028298534] [move_group.moveit.moveit.planners.pilz.move_group_sequence_action]: initialize move group sequence action
[move_group-1] [INFO] [1789568393.029501307] [move_group.moveit.moveit.planners.pilz.joint_limits_aggregator]: Reading limits from namespace robot_description_planning
[move_group-1] [INFO] [1789568393.029610743] [move_group.moveit.moveit.planners.pilz.joint_limits_aggregator]: Reading limits from namespace robot_description_planning
[move_group-1] [INFO] [1789568393.029933425] [move_group.moveit.moveit.ros.move_group.executable]: 
[move_group-1] 
[move_group-1] ********************************************************
[move_group-1] * MoveGroup using: 
[move_group-1] *     - apply_planning_scene_service
[move_group-1] *     - clear_octomap_service
[move_group-1] *     - get_group_urdf
[move_group-1] *     - load_geometry_from_file
[move_group-1] *     - CartesianPathService
[move_group-1] *     - execute_trajectory_action
[move_group-1] *     - get_planning_scene_service
[move_group-1] *     - kinematics_service
[move_group-1] *     - move_action
[move_group-1] *     - motion_plan_service
[move_group-1] *     - query_planners_service
[move_group-1] *     - state_validation_service
[move_group-1] *     - save_geometry_to_file
[move_group-1] *     - SequenceAction
[move_group-1] *     - SequenceService
[move_group-1] ********************************************************
[move_group-1] 
[move_group-1] [INFO] [1789568393.029955725] [move_group.moveit.moveit.ros.move_group.context]: MoveGroup context using pipeline ompl
[move_group-1] [INFO] [1789568393.029960883] [move_group.moveit.moveit.ros.move_group.context]: MoveGroup context initialization complete
[move_group-1] [96mLoading 'move_group/ApplyPlanningSceneService'...[0m
[move_group-1] [96mLoading 'move_group/ClearOctomapService'...[0m
[move_group-1] [96mLoading 'move_group/GetUrdfService'...[0m
[move_group-1] [96mLoading 'move_group/LoadGeometryFromFileService'...[0m
[move_group-1] [96mLoading 'move_group/MoveGroupCartesianPathService'...[0m
[move_group-1] [96mLoading 'move_group/MoveGroupExecuteTrajectoryAction'...[0m
[move_group-1] [96mLoading 'move_group/MoveGroupGetPlanningSceneService'...[0m
[move_group-1] [96mLoading 'move_group/MoveGroupKinematicsService'...[0m
[move_group-1] [96mLoading 'move_group/MoveGroupMoveAction'...[0m
[move_group-1] [96mLoading 'move_group/MoveGroupPlanService'...[0m
[move_group-1] [96mLoading 'move_group/MoveGroupQueryPlannersService'...[0m
[move_group-1] [96mLoading 'move_group/MoveGroupStateValidationService'...[0m
[move_group-1] [96mLoading 'move_group/SaveGeometryToFileService'...[0m
[move_group-1] [96mLoading 'pilz_industrial_motion_planner/MoveGroupSequenceAction'...[0m
[move_group-1] [96mLoading 'pilz_industrial_motion_planner/MoveGroupSequenceService'...[0m
[move_group-1] 
[move_group-1] [92mYou can start planning now![0m
[move_group-1] 
[move_group-1] [INFO] [1789568396.559467069] [move_group.moveit.moveit.ros.move_group.move_action]: MoveGroupMoveAction: Received request
[move_group-1] [INFO] [1789568396.559709968] [move_group.moveit.moveit.ros.move_group.move_action]: executing..
[move_group-1] [INFO] [1789568396.563607762] [move_group.moveit.moveit.ros.move_group.move_action]: Combined planning and execution request received for MoveGroup action. Forwarding to planning and execution pipeline.
[move_group-1] [WARN] [1789568396.563630814] [move_group.moveit.moveit.ros.move_group.capability]: Execution of motions should always start at the robot's current state. Ignoring the state supplied as start state in the motion planning request
[move_group-1] [WARN] [1789568396.563638152] [move_group.moveit.moveit.ros.move_group.capability]: Execution of motions should always start at the robot's current state. Ignoring the state supplied as difference in the planning scene diff
[move_group-1] [INFO] [1789568396.563647591] [move_group.moveit.moveit.ros.plan_execution]: Planning attempt 1 of at most 1
[move_group-1] [INFO] [1789568396.563785649] [move_group]: Calling PlanningRequestAdapter 'ResolveConstraintFrames'
[move_group-1] [INFO] [1789568396.563804725] [move_group]: Calling PlanningRequestAdapter 'ValidateWorkspaceBounds'
[move_group-1] [WARN] [1789568396.563813165] [move_group.moveit.moveit.ros.validate_workspace_bounds]: It looks like the planning volume was not specified. Using default values.
[move_group-1] [INFO] [1789568396.563819947] [move_group]: Calling PlanningRequestAdapter 'CheckStartStateBounds'
[move_group-1] [INFO] [1789568396.563832826] [move_group]: Calling PlanningRequestAdapter 'CheckStartStateCollision'
[move_group-1] [INFO] [1789568396.564223014] [move_group.moveit.moveit.planners.ompl.model_based_planning_context]: Planner configuration 'arm' will use planner 'geometric::RRTConnect'. Additional configuration parameters will be set when the planner is constructed.
[move_group-1] [INFO] [1789568396.564308060] [move_group]: Calling Planner 'OMPL'
[move_group-1] [INFO] [1789568396.567627561] [move_group]: Calling PlanningResponseAdapter 'AddTimeOptimalParameterization'
[move_group-1] [INFO] [1789568396.568082216] [move_group]: Calling PlanningResponseAdapter 'ValidateSolution'
[move_group-1] [INFO] [1789568396.568204212] [move_group]: Calling PlanningResponseAdapter 'DisplayMotionPath'
[move_group-1] [WARN] [1789568396.568231720] [move_group.moveit.moveit.ros.planning_pipeline]: The planner plugin did not fill out the 'planner_id' field of the MotionPlanResponse. Setting it to the planner ID name of the MotionPlanRequest assuming that the planner plugin does warn you if it does not use the requested planner.
[move_group-1] [INFO] [1789568396.568278358] [move_group.moveit.moveit.plugins.simple_controller_manager]: Returned 2 controllers in list
[move_group-1] [INFO] [1789568396.568287979] [move_group.moveit.moveit.plugins.simple_controller_manager]: Returned 2 controllers in list
[move_group-1] [INFO] [1789568396.568325058] [move_group.moveit.moveit.ros.trajectory_execution_manager]: Validating trajectory with allowed_start_tolerance 0.01
[move_group-1] [INFO] [1789568396.569810036] [move_group.moveit.moveit.ros.trajectory_execution_manager]: Starting trajectory execution ...
[move_group-1] [INFO] [1789568396.569841130] [move_group.moveit.moveit.plugins.simple_controller_manager]: Returned 2 controllers in list
[move_group-1] [INFO] [1789568396.569853546] [move_group.moveit.moveit.plugins.simple_controller_manager]: Returned 2 controllers in list
[move_group-1] [INFO] [1789568396.569952408] [moveit.simple_controller_manager.follow_joint_trajectory_controller_handle]: sending trajectory to arm_controller
[move_group-1] [INFO] [1789568396.570273097] [moveit.simple_controller_manager.follow_joint_trajectory_controller_handle]: arm_controller started execution
[move_group-1] [INFO] [1789568396.570278556] [moveit.simple_controller_manager.follow_joint_trajectory_controller_handle]: Goal request accepted!
[move_group-1] [INFO] [1789568399.820815869] [moveit.simple_controller_manager.follow_joint_trajectory_controller_handle]: Controller 'arm_controller' successfully finished
[move_group-1] [INFO] [1789568399.820927442] [move_group.moveit.moveit.ros.trajectory_execution_manager]: Completed trajectory execution with status SUCCEEDED ...
[move_group-1] [INFO] [1789568399.829914100] [move_group.moveit.moveit.ros.move_group.move_action]: Solution was found and executed.
[move_group-1] [INFO] [1789568400.831630111] [move_group.moveit.moveit.ros.move_group.move_action]: MoveGroupMoveAction: Received request
[move_group-1] [INFO] [1789568400.831753544] [move_group.moveit.moveit.ros.move_group.move_action]: executing..
[move_group-1] [INFO] [1789568400.833140343] [move_group.moveit.moveit.ros.move_group.move_action]: Combined planning and execution request received for MoveGroup action. Forwarding to planning and execution pipeline.
[move_group-1] [WARN] [1789568400.833159466] [move_group.moveit.moveit.ros.move_group.capability]: Execution of motions should always start at the robot's current state. Ignoring the state supplied as start state in the motion planning request
[move_group-1] [WARN] [1789568400.833167610] [move_group.moveit.moveit.ros.move_group.capability]: Execution of motions should always start at the robot's current state. Ignoring the state supplied as difference in the planning scene diff
[move_group-1] [INFO] [1789568400.833175727] [move_group.moveit.moveit.ros.plan_execution]: Planning attempt 1 of at most 1
[move_group-1] [INFO] [1789568400.833250563] [move_group]: Calling PlanningRequestAdapter 'ResolveConstraintFrames'
[move_group-1] [INFO] [1789568400.833264100] [move_group]: Calling PlanningRequestAdapter 'ValidateWorkspaceBounds'
[move_group-1] [WARN] [1789568400.833267275] [move_group.moveit.moveit.ros.validate_workspace_bounds]: It looks like the planning volume was not specified. Using default values.
[move_group-1] [INFO] [1789568400.833275692] [move_group]: Calling PlanningRequestAdapter 'CheckStartStateBounds'
[move_group-1] [INFO] [1789568400.833285249] [move_group]: Calling PlanningRequestAdapter 'CheckStartStateCollision'
[move_group-1] [INFO] [1789568400.833501803] [move_group.moveit.moveit.planners.ompl.model_based_planning_context]: Planner configuration 'arm' will use planner 'geometric::RRTConnect'. Additional configuration parameters will be set when the planner is constructed.
[move_group-1] [INFO] [1789568400.833540919] [move_group]: Calling Planner 'OMPL'
[move_group-1] [INFO] [1789568400.846613354] [move_group]: Calling PlanningResponseAdapter 'AddTimeOptimalParameterization'
[move_group-1] [INFO] [1789568400.847106494] [move_group]: Calling PlanningResponseAdapter 'ValidateSolution'
[move_group-1] [INFO] [1789568400.847236740] [move_group]: Calling PlanningResponseAdapter 'DisplayMotionPath'
[move_group-1] [WARN] [1789568400.847257427] [move_group.moveit.moveit.ros.planning_pipeline]: The planner plugin did not fill out the 'planner_id' field of the MotionPlanResponse. Setting it to the planner ID name of the MotionPlanRequest assuming that the planner plugin does warn you if it does not use the requested planner.
[move_group-1] [INFO] [1789568400.847297928] [move_group.moveit.moveit.plugins.simple_controller_manager]: Returned 2 controllers in list
[move_group-1] [INFO] [1789568400.847307725] [move_group.moveit.moveit.plugins.simple_controller_manager]: Returned 2 controllers in list
[move_group-1] [INFO] [1789568400.847421576] [move_group.moveit.moveit.ros.trajectory_execution_manager]: Validating trajectory with allowed_start_tolerance 0.01
[move_group-1] [INFO] [1789568400.847987374] [move_group.moveit.moveit.ros.trajectory_execution_manager]: Starting trajectory execution ...
[move_group-1] [INFO] [1789568400.848003305] [move_group.moveit.moveit.plugins.simple_controller_manager]: Returned 2 controllers in list
[move_group-1] [INFO] [1789568400.848013218] [move_group.moveit.moveit.plugins.simple_controller_manager]: Returned 2 controllers in list
[move_group-1] [INFO] [1789568400.848086071] [moveit.simple_controller_manager.follow_joint_trajectory_controller_handle]: sending trajectory to arm_controller
[move_group-1] [INFO] [1789568400.848259773] [moveit.simple_controller_manager.follow_joint_trajectory_controller_handle]: arm_controller started execution
[move_group-1] [INFO] [1789568400.848267369] [moveit.simple_controller_manager.follow_joint_trajectory_controller_handle]: Goal request accepted!
[move_group-1] [INFO] [1789568404.848326091] [moveit.simple_controller_manager.follow_joint_trajectory_controller_handle]: Controller 'arm_controller' successfully finished
[move_group-1] [INFO] [1789568404.848372214] [move_group.moveit.moveit.ros.trajectory_execution_manager]: Completed trajectory execution with status SUCCEEDED ...
[move_group-1] [INFO] [1789568404.858099695] [move_group.moveit.moveit.ros.move_group.move_action]: Solution was found and executed.
[move_group-1] [INFO] [1789568406.114411754] [rclcpp]: signal_handler(SIGINT/SIGTERM)
[move_group-1] Stack trace (most recent call last):
[move_group-1] #6    Object "/usr/lib/x86_64-linux-gnu/ld-linux-x86-64.so.2", at 0xffffffffffffffff, in 
[move_group-1] #5    Object "/opt/ros/jazzy/lib/moveit_ros_move_group/move_group", at 0x5aa974912a44, in _start
[move_group-1] #4    Source "../csu/libc-start.c", line 360, in __libc_start_main_impl [0x79f6b3e2a28a]
[move_group-1] #3    Source "../sysdeps/nptl/libc_start_call_main.h", line 58, in __libc_start_call_main [0x79f6b3e2a1c9]
[move_group-1] #2    Object "/opt/ros/jazzy/lib/moveit_ros_move_group/move_group", at 0x5aa974911517, in main
[move_group-1] #1    Object "/opt/ros/jazzy/lib/librclcpp.so", at 0x79f6b4714767, in rclcpp::Executor::~Executor()
[move_group-1] #0    Object "/opt/ros/jazzy/lib/librclcpp.so", at 0x79f6b470f24e, in 
[move_group-1] Segmentation fault (Address not mapped to object [0x79f661808170])
[ERROR] [move_group-1]: process has died [pid 82090, exit code -11, cmd '/opt/ros/jazzy/lib/moveit_ros_move_group/move_group --ros-args --params-file /tmp/launch_params_n68knfoz --params-file /tmp/launch_params_esjhac70'].
