[INFO] [launch]: All log files can be found below /home/lemma/.ros/log/2026-09-16-22-40-59-276403-intel-B860M-DS3H-73285
[INFO] [launch]: Default logging verbosity is set to INFO
[INFO] [gz-1]: process started with pid [73295]
[INFO] [parameter_bridge-2]: process started with pid [73296]
[INFO] [robot_state_publisher-3]: process started with pid [73297]
[INFO] [create-4]: process started with pid [73298]
[create-4] [INFO] [1789566059.356230378] [ros_gz_sim]: Requesting list of world names.
[robot_state_publisher-3] [INFO] [1789566059.360088094] [robot_state_publisher]: Robot initialized
[parameter_bridge-2] [INFO] [1789566059.372239332] [ros_gz_bridge]: Creating GZ->ROS Bridge: [/clock (gz.msgs.Clock) -> /clock (rosgraph_msgs/msg/Clock)] (Lazy 0)
[create-4] [INFO] [1789566059.752877115] [ros_gz_sim]: Waiting messages on topic [robot_description].
[create-4] [INFO] [1789566059.765268802] [ros_gz_sim]: Entity creation successful.
[INFO] [create-4]: process has finished cleanly [pid 73298]
[INFO] [spawner-5]: process started with pid [73387]
[spawner-5] [INFO] [1789566060.098013417] [spawner_joint_state_broadcaster]: waiting for service /controller_manager/list_controllers to become available...
[gz-1] [INFO] [1789566061.504271745] [gz_ros_control]: [gz_ros2_control] Fixed joint ['world_fixed'] (Entity='52') is skipped.
[gz-1] [INFO] [1789566061.504640667] [gz_ros_control]: Loading controller_manager
[gz-1] [INFO] [1789566061.510071489] [controller_manager]: Using ROS clock for triggering controller manager cycles.
[gz-1] [INFO] [1789566061.512139306] [controller_manager]: Subscribing to '/robot_description' topic for robot description.
[gz-1] [WARN] [1789566061.513290364] [gz_ros_control]: Waiting RM to load and initialize hardware...
[gz-1] [INFO] [1789566061.691001169] [controller_manager]: Received robot description from topic.
[gz-1] [INFO] [1789566061.691080743] [controller_manager]: Enforcing command limits is disabled. Command limits from URDF will be ignored.
[gz-1] [INFO] [1789566061.695347018] [gz_ros_control]: The position_proportional_gain has been set to: 0.1
[gz-1] [INFO] [1789566061.695378013] [gz_ros_control]: Loading joint: shoulder_pan
[gz-1] [INFO] [1789566061.695382275] [gz_ros_control]: 	State:
[gz-1] [INFO] [1789566061.695385372] [gz_ros_control]: 		 position
[gz-1] [INFO] [1789566061.695395658] [gz_ros_control]: 			 found initial value: 0.000000
[gz-1] [INFO] [1789566061.695400198] [gz_ros_control]: 		 velocity
[gz-1] [INFO] [1789566061.695404971] [gz_ros_control]: 		 effort
[gz-1] [INFO] [1789566061.695407357] [gz_ros_control]: 	Command:
[gz-1] [INFO] [1789566061.695409624] [gz_ros_control]: 		 effort
[gz-1] [INFO] [1789566061.695418470] [gz_ros_control]: Loading joint: shoulder_lift
[gz-1] [INFO] [1789566061.695420418] [gz_ros_control]: 	State:
[gz-1] [INFO] [1789566061.695422659] [gz_ros_control]: 		 position
[gz-1] [INFO] [1789566061.695424418] [gz_ros_control]: 			 found initial value: 0.000000
[gz-1] [INFO] [1789566061.695426323] [gz_ros_control]: 		 velocity
[gz-1] [INFO] [1789566061.695431041] [gz_ros_control]: 		 effort
[gz-1] [INFO] [1789566061.695433315] [gz_ros_control]: 	Command:
[gz-1] [INFO] [1789566061.695434534] [gz_ros_control]: 		 effort
[gz-1] [INFO] [1789566061.695440029] [gz_ros_control]: Loading joint: elbow_flex
[gz-1] [INFO] [1789566061.695441683] [gz_ros_control]: 	State:
[gz-1] [INFO] [1789566061.695442959] [gz_ros_control]: 		 position
[gz-1] [INFO] [1789566061.695444351] [gz_ros_control]: 			 found initial value: 0.000000
[gz-1] [INFO] [1789566061.695446133] [gz_ros_control]: 		 velocity
[gz-1] [INFO] [1789566061.695447539] [gz_ros_control]: 		 effort
[gz-1] [INFO] [1789566061.695449659] [gz_ros_control]: 	Command:
[gz-1] [INFO] [1789566061.695450886] [gz_ros_control]: 		 effort
[gz-1] [INFO] [1789566061.695456248] [gz_ros_control]: Loading joint: wrist_flex
[gz-1] [INFO] [1789566061.695457959] [gz_ros_control]: 	State:
[gz-1] [INFO] [1789566061.695459401] [gz_ros_control]: 		 position
[gz-1] [INFO] [1789566061.695461843] [gz_ros_control]: 			 found initial value: 0.000000
[gz-1] [INFO] [1789566061.695463565] [gz_ros_control]: 		 velocity
[gz-1] [INFO] [1789566061.695465124] [gz_ros_control]: 		 effort
[gz-1] [INFO] [1789566061.695466596] [gz_ros_control]: 	Command:
[gz-1] [INFO] [1789566061.695467895] [gz_ros_control]: 		 effort
[gz-1] [INFO] [1789566061.695472753] [gz_ros_control]: Loading joint: wrist_roll
[gz-1] [INFO] [1789566061.695474199] [gz_ros_control]: 	State:
[gz-1] [INFO] [1789566061.695475570] [gz_ros_control]: 		 position
[gz-1] [INFO] [1789566061.695476892] [gz_ros_control]: 			 found initial value: 0.000000
[gz-1] [INFO] [1789566061.695478416] [gz_ros_control]: 		 velocity
[gz-1] [INFO] [1789566061.695479693] [gz_ros_control]: 		 effort
[gz-1] [INFO] [1789566061.695481026] [gz_ros_control]: 	Command:
[gz-1] [INFO] [1789566061.695482267] [gz_ros_control]: 		 effort
[gz-1] [INFO] [1789566061.695486457] [gz_ros_control]: Loading joint: gripper
[gz-1] [INFO] [1789566061.695487969] [gz_ros_control]: 	State:
[gz-1] [INFO] [1789566061.695489199] [gz_ros_control]: 		 position
[gz-1] [INFO] [1789566061.695490474] [gz_ros_control]: 			 found initial value: 0.000000
[gz-1] [INFO] [1789566061.695491976] [gz_ros_control]: 		 velocity
[gz-1] [INFO] [1789566061.695494299] [gz_ros_control]: 		 effort
[gz-1] [INFO] [1789566061.695495674] [gz_ros_control]: 	Command:
[gz-1] [INFO] [1789566061.695497029] [gz_ros_control]: 		 position
[gz-1] [INFO] [1789566061.695568458] [controller_manager]: Initialize hardware 'so101_gz' 
[gz-1] [WARN] [1789566061.695577025] [controller_manager.hardware_component.system.so101_gz]: Executor is not available during hardware component initialization for 'so101_gz'. Skipping node creation!
[gz-1] [INFO] [1789566061.695631372] [controller_manager]: Successful initialization of hardware 'so101_gz'
[gz-1] [INFO] [1789566061.695717947] [controller_manager]: Activating component 'so101_gz'.
[gz-1] [INFO] [1789566061.695723604] [resource_manager]: 'configure' hardware 'so101_gz' 
[gz-1] [INFO] [1789566061.695726384] [gz_ros_control]: System Successfully configured!
[gz-1] [INFO] [1789566061.695728845] [resource_manager]: Successful 'configure' of hardware 'so101_gz'
[gz-1] [INFO] [1789566061.695734005] [resource_manager]: 'activate' hardware 'so101_gz' 
[gz-1] [INFO] [1789566061.695741506] [resource_manager]: Successful 'activate' of hardware 'so101_gz'
[gz-1] [WARN] [1789566061.695790335] [controller_manager]: Component 'so101_gz' does not have read or write statistics initialized, skipping registration.
[gz-1] [INFO] [1789566061.695793916] [controller_manager]: Resource Manager has been successfully initialized. Starting Controller Manager services...
[gz-1] [INFO] [1789566061.851590807] [controller_manager]: Loading controller : 'joint_state_broadcaster' of type 'joint_state_broadcaster/JointStateBroadcaster'
[gz-1] [INFO] [1789566061.851681137] [controller_manager]: Loading controller 'joint_state_broadcaster'
[gz-1] [INFO] [1789566061.857059459] [controller_manager]: Controller 'joint_state_broadcaster' node arguments: --ros-args --params-file /home/lemma/so101_ws/src/so101_gazebo/config/controllers_effort_1k_gc.yaml -p use_sim_time:=true --param use_sim_time:=true 
[spawner-5] [INFO] [1789566061.863023891] [spawner_joint_state_broadcaster]: Loaded joint_state_broadcaster
[gz-1] [INFO] [1789566061.863518663] [controller_manager]: Configuring controller: 'joint_state_broadcaster'
[gz-1] [INFO] [1789566061.863637677] [joint_state_broadcaster]: 'joints' or 'interfaces' parameter is empty. All available state interfaces will be published
[gz-1] [INFO] [1789566061.869577283] [controller_manager]: Activating controllers: [ joint_state_broadcaster ]
[gz-1] [INFO] [1789566063.842386377] [controller_manager]: Successfully switched controllers!
[spawner-5] [INFO] [1789566063.845327626] [spawner_joint_state_broadcaster]: Configured and activated joint_state_broadcaster
[INFO] [spawner-5]: process has finished cleanly [pid 73387]
[INFO] [spawner-6]: process started with pid [73440]
[INFO] [spawner-7]: process started with pid [73441]
[spawner-7] [INFO] [1789566064.216549224] [spawner_gripper_controller]: waiting for service /controller_manager/list_controllers to become available...
[gz-1] [INFO] [1789566064.698312628] [controller_manager]: Loading controller : 'gripper_controller' of type 'joint_trajectory_controller/JointTrajectoryController'
[gz-1] [INFO] [1789566064.698335062] [controller_manager]: Loading controller 'gripper_controller'
[gz-1] [INFO] [1789566064.701021325] [controller_manager]: Controller 'gripper_controller' node arguments: --ros-args --params-file /home/lemma/so101_ws/src/so101_gazebo/config/controllers_effort_1k_gc.yaml -p use_sim_time:=true --param use_sim_time:=true 
[spawner-7] [INFO] [1789566064.707477754] [spawner_gripper_controller]: Loaded gripper_controller
[gz-1] [INFO] [1789566064.707908619] [controller_manager]: Configuring controller: 'gripper_controller'
[gz-1] [INFO] [1789566064.707975608] [gripper_controller]: No specific joint names are used for command interfaces. Using 'joints' parameter.
[gz-1] [INFO] [1789566064.707991026] [gripper_controller]: Command interfaces are [position] and state interfaces are [position velocity].
[gz-1] [INFO] [1789566064.708005519] [gripper_controller]: Using 'splines' interpolation method.
[gz-1] [INFO] [1789566064.709368611] [gripper_controller]: Action status changes will be monitored at 20.00 Hz.
[gz-1] [INFO] [1789566064.711694898] [gripper_controller]: Setting initial scaling factor to 1.000000
[gz-1] [INFO] [1789566064.711706334] [gripper_controller]: No scaling interface set. This controller will not read speed scaling from the hardware.
[gz-1] [INFO] [1789566064.713273491] [controller_manager]: Activating controllers: [ gripper_controller ]
[gz-1] [INFO] [1789566064.714795015] [controller_manager]: Successfully switched controllers!
[spawner-7] [INFO] [1789566064.717628589] [spawner_gripper_controller]: Configured and activated gripper_controller
[spawner-6] [INFO] [1789566064.777975897] [spawner_gravity_compensation]: waiting for service /controller_manager/list_controllers to become available...
[INFO] [spawner-7]: process has finished cleanly [pid 73441]
[gz-1] [INFO] [1789566065.032010444] [controller_manager]: Loading controller : 'gravity_compensation' of type 'so101_gravity_comp/GravityCompensationController'
[gz-1] [INFO] [1789566065.032087349] [controller_manager]: Loading controller 'gravity_compensation'
[gz-1] [INFO] [1789566065.044848824] [controller_manager]: Controller 'gravity_compensation' node arguments: --ros-args --params-file /home/lemma/so101_ws/src/so101_gazebo/config/controllers_effort_1k_gc.yaml -p use_sim_time:=true --param use_sim_time:=true 
[spawner-6] [INFO] [1789566065.052072779] [spawner_gravity_compensation]: Loaded gravity_compensation
[gz-1] [INFO] [1789566065.052609010] [controller_manager]: Configuring controller: 'gravity_compensation'
[gz-1] [INFO] [1789566065.053143788] [gravity_compensation]: 중력 보상 준비: 관절 5 개, 모델 nq=6, scale=1.000
[gz-1] [INFO] [1789566065.055934558] [controller_manager]: Activating controllers: [ gravity_compensation ]
[gz-1] [INFO] [1789566065.057228338] [controller_manager]: Successfully switched controllers!
[spawner-6] [INFO] [1789566065.059856758] [spawner_gravity_compensation]: Configured and activated gravity_compensation
[gz-1] [INFO] [1789566065.060268771] [controller_manager]: Loading controller : 'arm_controller' of type 'joint_trajectory_controller/JointTrajectoryController'
[gz-1] [INFO] [1789566065.060280449] [controller_manager]: Loading controller 'arm_controller'
[gz-1] [INFO] [1789566065.060362670] [controller_manager]: Controller 'arm_controller' node arguments: --ros-args --params-file /home/lemma/so101_ws/src/so101_gazebo/config/controllers_effort_1k_gc.yaml -p use_sim_time:=true --param use_sim_time:=true 
[spawner-6] [INFO] [1789566065.066558570] [spawner_gravity_compensation]: Loaded arm_controller
[gz-1] [INFO] [1789566065.066711794] [controller_manager]: Configuring controller: 'arm_controller'
[gz-1] Using the legacy anti-windup technique is deprecated. This option will be removed by the ROS 2 Kilted Kaiju release.
[gz-1] Using the legacy anti-windup technique is deprecated. This option will be removed by the ROS 2 Kilted Kaiju release.
[gz-1] Using the legacy anti-windup technique is deprecated. This option will be removed by the ROS 2 Kilted Kaiju release.
[gz-1] Using the legacy anti-windup technique is deprecated. This option will be removed by the ROS 2 Kilted Kaiju release.
[gz-1] Using the legacy anti-windup technique is deprecated. This option will be removed by the ROS 2 Kilted Kaiju release.
[gz-1] [INFO] [1789566065.066874109] [arm_controller]: Command interfaces are [effort] and state interfaces are [position velocity].
[gz-1] [INFO] [1789566065.066886528] [arm_controller]: Using 'splines' interpolation method.
[gz-1] [INFO] [1789566065.067539956] [arm_controller]: Action status changes will be monitored at 20.00 Hz.
[gz-1] [INFO] [1789566065.068980439] [arm_controller]: No scaling interface set. This controller will not read speed scaling from the hardware.
[gz-1] [INFO] [1789566065.070348829] [controller_manager]: Activating controllers: [ arm_controller ]
[gz-1] [INFO] [1789566065.072109071] [controller_manager]: Successfully switched controllers!
[spawner-6] [INFO] [1789566065.074802820] [spawner_gravity_compensation]: Configured and activated arm_controller
[INFO] [spawner-6]: process has finished cleanly [pid 73440]
[gz-1] [INFO] [1789566071.544055219] [arm_controller]: Received new action goal
[gz-1] [INFO] [1789566071.544103291] [arm_controller]: Accepted new action goal
[gz-1] [INFO] [1789566075.637038236] [arm_controller]: Goal reached, success!
[gz-1] [INFO] [1789566083.417949053] [controller_manager]: Deactivating controllers: [ arm_controller ]
[gz-1] [INFO] [1789566083.419139241] [controller_manager]: Requested controller switch from non-realtime loop
[gz-1] [INFO] [1789566083.419198555] [controller_manager]: Successfully switched controllers!
[parameter_bridge-2] [INFO] [1789566089.862592111] [rclcpp]: signal_handler(SIGINT/SIGTERM)
[robot_state_publisher-3] [INFO] [1789566089.862611380] [rclcpp]: signal_handler(SIGINT/SIGTERM)
[gz-1] [INFO] [1789566089.894183954] [controller_manager.pal_statistics]: Async messages lost 0
[gz-1] [INFO] [1789566089.894227583] [controller_manager.pal_statistics]: publish_async_failures_ 0
[gz-1] [INFO] [1789566089.895083318] [controller_manager.pal_statistics]: Async messages lost 0
[gz-1] [INFO] [1789566089.895089319] [controller_manager.pal_statistics]: publish_async_failures_ 0
[INFO] [robot_state_publisher-3]: process has finished cleanly [pid 73297]
[INFO] [parameter_bridge-2]: process has finished cleanly [pid 73296]
[INFO] [gz-1]: process has finished cleanly [pid 73295]
