[INFO] [launch]: All log files can be found below /home/lemma/.ros/log/2026-09-16-23-19-41-903003-intel-B860M-DS3H-81866
[INFO] [launch]: Default logging verbosity is set to INFO
[INFO] [gz-1]: process started with pid [81877]
[INFO] [parameter_bridge-2]: process started with pid [81878]
[INFO] [robot_state_publisher-3]: process started with pid [81879]
[INFO] [create-4]: process started with pid [81880]
[create-4] [INFO] [1789568381.982961112] [ros_gz_sim]: Requesting list of world names.
[robot_state_publisher-3] [INFO] [1789568381.986279521] [robot_state_publisher]: Robot initialized
[parameter_bridge-2] [INFO] [1789568381.998654832] [ros_gz_bridge]: Creating GZ->ROS Bridge: [/clock (gz.msgs.Clock) -> /clock (rosgraph_msgs/msg/Clock)] (Lazy 0)
[create-4] [INFO] [1789568382.374738747] [ros_gz_sim]: Waiting messages on topic [robot_description].
[create-4] [INFO] [1789568382.387122858] [ros_gz_sim]: Entity creation successful.
[INFO] [create-4]: process has finished cleanly [pid 81880]
[INFO] [spawner-5]: process started with pid [81955]
[spawner-5] [INFO] [1789568382.720235007] [spawner_joint_state_broadcaster]: waiting for service /controller_manager/list_controllers to become available...
[gz-1] [INFO] [1789568384.139064089] [gz_ros_control]: [gz_ros2_control] Fixed joint ['world_fixed'] (Entity='52') is skipped.
[gz-1] [INFO] [1789568384.139411352] [gz_ros_control]: Loading controller_manager
[gz-1] [INFO] [1789568384.144874487] [controller_manager]: Using ROS clock for triggering controller manager cycles.
[gz-1] [INFO] [1789568384.146928855] [controller_manager]: Subscribing to '/robot_description' topic for robot description.
[gz-1] [WARN] [1789568384.148077989] [gz_ros_control]: Waiting RM to load and initialize hardware...
[gz-1] [INFO] [1789568384.589518441] [controller_manager]: Received robot description from topic.
[gz-1] [INFO] [1789568384.589577956] [controller_manager]: Enforcing command limits is disabled. Command limits from URDF will be ignored.
[gz-1] [INFO] [1789568384.593253535] [gz_ros_control]: The position_proportional_gain has been set to: 0.1
[gz-1] [INFO] [1789568384.593288349] [gz_ros_control]: Loading joint: shoulder_pan
[gz-1] [INFO] [1789568384.593296661] [gz_ros_control]: 	State:
[gz-1] [INFO] [1789568384.593300016] [gz_ros_control]: 		 position
[gz-1] [INFO] [1789568384.593310441] [gz_ros_control]: 			 found initial value: 0.000000
[gz-1] [INFO] [1789568384.593314905] [gz_ros_control]: 		 velocity
[gz-1] [INFO] [1789568384.593319947] [gz_ros_control]: 		 effort
[gz-1] [INFO] [1789568384.593322618] [gz_ros_control]: 	Command:
[gz-1] [INFO] [1789568384.593324547] [gz_ros_control]: 		 effort
[gz-1] [INFO] [1789568384.593333810] [gz_ros_control]: Loading joint: shoulder_lift
[gz-1] [INFO] [1789568384.593336120] [gz_ros_control]: 	State:
[gz-1] [INFO] [1789568384.593338201] [gz_ros_control]: 		 position
[gz-1] [INFO] [1789568384.593339924] [gz_ros_control]: 			 found initial value: 0.000000
[gz-1] [INFO] [1789568384.593342218] [gz_ros_control]: 		 velocity
[gz-1] [INFO] [1789568384.593345020] [gz_ros_control]: 		 effort
[gz-1] [INFO] [1789568384.593347204] [gz_ros_control]: 	Command:
[gz-1] [INFO] [1789568384.593349211] [gz_ros_control]: 		 effort
[gz-1] [INFO] [1789568384.593355496] [gz_ros_control]: Loading joint: elbow_flex
[gz-1] [INFO] [1789568384.593357666] [gz_ros_control]: 	State:
[gz-1] [INFO] [1789568384.593359205] [gz_ros_control]: 		 position
[gz-1] [INFO] [1789568384.593361008] [gz_ros_control]: 			 found initial value: 0.000000
[gz-1] [INFO] [1789568384.593362771] [gz_ros_control]: 		 velocity
[gz-1] [INFO] [1789568384.593364461] [gz_ros_control]: 		 effort
[gz-1] [INFO] [1789568384.593366943] [gz_ros_control]: 	Command:
[gz-1] [INFO] [1789568384.593368613] [gz_ros_control]: 		 effort
[gz-1] [INFO] [1789568384.593375374] [gz_ros_control]: Loading joint: wrist_flex
[gz-1] [INFO] [1789568384.593377419] [gz_ros_control]: 	State:
[gz-1] [INFO] [1789568384.593379000] [gz_ros_control]: 		 position
[gz-1] [INFO] [1789568384.593380358] [gz_ros_control]: 			 found initial value: 0.000000
[gz-1] [INFO] [1789568384.593382047] [gz_ros_control]: 		 velocity
[gz-1] [INFO] [1789568384.593383550] [gz_ros_control]: 		 effort
[gz-1] [INFO] [1789568384.593385915] [gz_ros_control]: 	Command:
[gz-1] [INFO] [1789568384.593387595] [gz_ros_control]: 		 effort
[gz-1] [INFO] [1789568384.593392991] [gz_ros_control]: Loading joint: wrist_roll
[gz-1] [INFO] [1789568384.593394624] [gz_ros_control]: 	State:
[gz-1] [INFO] [1789568384.593396451] [gz_ros_control]: 		 position
[gz-1] [INFO] [1789568384.593397819] [gz_ros_control]: 			 found initial value: 0.000000
[gz-1] [INFO] [1789568384.593399514] [gz_ros_control]: 		 velocity
[gz-1] [INFO] [1789568384.593402043] [gz_ros_control]: 		 effort
[gz-1] [INFO] [1789568384.593404336] [gz_ros_control]: 	Command:
[gz-1] [INFO] [1789568384.593405832] [gz_ros_control]: 		 effort
[gz-1] [INFO] [1789568384.593410598] [gz_ros_control]: Loading joint: gripper
[gz-1] [INFO] [1789568384.593412322] [gz_ros_control]: 	State:
[gz-1] [INFO] [1789568384.593413907] [gz_ros_control]: 		 position
[gz-1] [INFO] [1789568384.593415430] [gz_ros_control]: 			 found initial value: 0.000000
[gz-1] [INFO] [1789568384.593417134] [gz_ros_control]: 		 velocity
[gz-1] [INFO] [1789568384.593420574] [gz_ros_control]: 		 effort
[gz-1] [INFO] [1789568384.593422407] [gz_ros_control]: 	Command:
[gz-1] [INFO] [1789568384.593423876] [gz_ros_control]: 		 position
[gz-1] [INFO] [1789568384.593511966] [controller_manager]: Initialize hardware 'so101_gz' 
[gz-1] [WARN] [1789568384.593521169] [controller_manager.hardware_component.system.so101_gz]: Executor is not available during hardware component initialization for 'so101_gz'. Skipping node creation!
[gz-1] [INFO] [1789568384.593580778] [controller_manager]: Successful initialization of hardware 'so101_gz'
[gz-1] [INFO] [1789568384.593674740] [controller_manager]: Activating component 'so101_gz'.
[gz-1] [INFO] [1789568384.593680981] [resource_manager]: 'configure' hardware 'so101_gz' 
[gz-1] [INFO] [1789568384.593683880] [gz_ros_control]: System Successfully configured!
[gz-1] [INFO] [1789568384.593686562] [resource_manager]: Successful 'configure' of hardware 'so101_gz'
[gz-1] [INFO] [1789568384.593692270] [resource_manager]: 'activate' hardware 'so101_gz' 
[gz-1] [INFO] [1789568384.593700685] [resource_manager]: Successful 'activate' of hardware 'so101_gz'
[gz-1] [WARN] [1789568384.593757802] [controller_manager]: Component 'so101_gz' does not have read or write statistics initialized, skipping registration.
[gz-1] [INFO] [1789568384.593761882] [controller_manager]: Resource Manager has been successfully initialized. Starting Controller Manager services...
[gz-1] [INFO] [1789568384.805252078] [controller_manager]: Loading controller : 'joint_state_broadcaster' of type 'joint_state_broadcaster/JointStateBroadcaster'
[gz-1] [INFO] [1789568384.805307259] [controller_manager]: Loading controller 'joint_state_broadcaster'
[gz-1] [INFO] [1789568384.808598788] [controller_manager]: Controller 'joint_state_broadcaster' node arguments: --ros-args --params-file /home/lemma/so101_ws/src/so101_gazebo/config/controllers_effort_1k_ff_full.yaml -p use_sim_time:=true --param use_sim_time:=true 
[spawner-5] [INFO] [1789568384.814938421] [spawner_joint_state_broadcaster]: Loaded joint_state_broadcaster
[gz-1] [INFO] [1789568384.815427147] [controller_manager]: Configuring controller: 'joint_state_broadcaster'
[gz-1] [INFO] [1789568384.815551641] [joint_state_broadcaster]: 'joints' or 'interfaces' parameter is empty. All available state interfaces will be published
[gz-1] [INFO] [1789568384.821667405] [controller_manager]: Activating controllers: [ joint_state_broadcaster ]
[gz-1] [INFO] [1789568386.477320006] [controller_manager]: Successfully switched controllers!
[spawner-5] [INFO] [1789568386.480369465] [spawner_joint_state_broadcaster]: Configured and activated joint_state_broadcaster
[INFO] [spawner-5]: process has finished cleanly [pid 81955]
[INFO] [spawner-6]: process started with pid [82008]
[INFO] [spawner-7]: process started with pid [82009]
[spawner-6] [INFO] [1789568386.843788891] [spawner_gravity_compensation]: waiting for service /controller_manager/list_controllers to become available...
[gz-1] [INFO] [1789568387.095442752] [controller_manager]: Loading controller : 'gravity_compensation' of type 'so101_gravity_comp/GravityCompensationController'
[gz-1] [INFO] [1789568387.095473740] [controller_manager]: Loading controller 'gravity_compensation'
[gz-1] [INFO] [1789568387.105878298] [controller_manager]: Controller 'gravity_compensation' node arguments: --ros-args --params-file /home/lemma/so101_ws/src/so101_gazebo/config/controllers_effort_1k_ff_full.yaml -p use_sim_time:=true --param use_sim_time:=true 
[spawner-6] [INFO] [1789568387.110059108] [spawner_gravity_compensation]: Loaded gravity_compensation
[gz-1] [INFO] [1789568387.110512924] [controller_manager]: Configuring controller: 'gravity_compensation'
[gz-1] [INFO] [1789568387.111662824] [gravity_compensation]: 동역학 피드포워드 준비: 관절 5 개, 모델 nq=6, 모드=full, scale=1.000
[gz-1] [INFO] [1789568387.114135602] [controller_manager]: Activating controllers: [ gravity_compensation ]
[gz-1] [INFO] [1789568387.115441317] [controller_manager]: Successfully switched controllers!
[spawner-6] [INFO] [1789568387.118211965] [spawner_gravity_compensation]: Configured and activated gravity_compensation
[gz-1] [INFO] [1789568387.118669936] [controller_manager]: Loading controller : 'arm_controller' of type 'joint_trajectory_controller/JointTrajectoryController'
[gz-1] [INFO] [1789568387.118696079] [controller_manager]: Loading controller 'arm_controller'
[gz-1] [INFO] [1789568387.122220080] [controller_manager]: Controller 'arm_controller' node arguments: --ros-args --params-file /home/lemma/so101_ws/src/so101_gazebo/config/controllers_effort_1k_ff_full.yaml -p use_sim_time:=true --param use_sim_time:=true 
[spawner-6] [INFO] [1789568387.131145528] [spawner_gravity_compensation]: Loaded arm_controller
[gz-1] [INFO] [1789568387.131276274] [controller_manager]: Configuring controller: 'arm_controller'
[gz-1] Using the legacy anti-windup technique is deprecated. This option will be removed by the ROS 2 Kilted Kaiju release.
[gz-1] Using the legacy anti-windup technique is deprecated. This option will be removed by the ROS 2 Kilted Kaiju release.
[gz-1] Using the legacy anti-windup technique is deprecated. This option will be removed by the ROS 2 Kilted Kaiju release.
[gz-1] Using the legacy anti-windup technique is deprecated. This option will be removed by the ROS 2 Kilted Kaiju release.
[gz-1] Using the legacy anti-windup technique is deprecated. This option will be removed by the ROS 2 Kilted Kaiju release.
[gz-1] [INFO] [1789568387.131437665] [arm_controller]: Command interfaces are [effort] and state interfaces are [position velocity].
[gz-1] [INFO] [1789568387.131459711] [arm_controller]: Using 'splines' interpolation method.
[gz-1] [INFO] [1789568387.132576253] [arm_controller]: Action status changes will be monitored at 20.00 Hz.
[gz-1] [INFO] [1789568387.134821319] [arm_controller]: No scaling interface set. This controller will not read speed scaling from the hardware.
[gz-1] [INFO] [1789568387.137077227] [controller_manager]: Activating controllers: [ arm_controller ]
[gz-1] [INFO] [1789568387.138909211] [controller_manager]: Successfully switched controllers!
[spawner-6] [INFO] [1789568387.141563674] [spawner_gravity_compensation]: Configured and activated arm_controller
[spawner-7] [INFO] [1789568387.210897641] [spawner_gripper_controller]: waiting for service /controller_manager/list_controllers to become available...
[INFO] [spawner-6]: process has finished cleanly [pid 82008]
[gz-1] [INFO] [1789568387.964394346] [controller_manager]: Loading controller : 'gripper_controller' of type 'joint_trajectory_controller/JointTrajectoryController'
[gz-1] [INFO] [1789568387.964445209] [controller_manager]: Loading controller 'gripper_controller'
[gz-1] [INFO] [1789568387.964539788] [controller_manager]: Controller 'gripper_controller' node arguments: --ros-args --params-file /home/lemma/so101_ws/src/so101_gazebo/config/controllers_effort_1k_ff_full.yaml -p use_sim_time:=true --param use_sim_time:=true 
[spawner-7] [INFO] [1789568387.971868652] [spawner_gripper_controller]: Loaded gripper_controller
[gz-1] [INFO] [1789568387.972576823] [controller_manager]: Configuring controller: 'gripper_controller'
[gz-1] [INFO] [1789568387.972653302] [gripper_controller]: No specific joint names are used for command interfaces. Using 'joints' parameter.
[gz-1] [INFO] [1789568387.972664799] [gripper_controller]: Command interfaces are [position] and state interfaces are [position velocity].
[gz-1] [INFO] [1789568387.972671066] [gripper_controller]: Using 'splines' interpolation method.
[gz-1] [INFO] [1789568387.973350923] [gripper_controller]: Action status changes will be monitored at 20.00 Hz.
[gz-1] [INFO] [1789568387.975035680] [gripper_controller]: Setting initial scaling factor to 1.000000
[gz-1] [INFO] [1789568387.975048625] [gripper_controller]: No scaling interface set. This controller will not read speed scaling from the hardware.
[gz-1] [INFO] [1789568387.978061266] [controller_manager]: Activating controllers: [ gripper_controller ]
[gz-1] [INFO] [1789568387.979197431] [controller_manager]: Successfully switched controllers!
[spawner-7] [INFO] [1789568387.981890836] [spawner_gripper_controller]: Configured and activated gripper_controller
[INFO] [spawner-7]: process has finished cleanly [pid 82009]
[gz-1] [INFO] [1789568396.570138684] [arm_controller]: Received new action goal
[gz-1] [INFO] [1789568396.570185035] [arm_controller]: Accepted new action goal
[gz-1] [INFO] [1789568399.812398933] [arm_controller]: Goal reached, success!
[gz-1] [INFO] [1789568400.848165219] [arm_controller]: Received new action goal
[gz-1] [INFO] [1789568400.848184210] [arm_controller]: Accepted new action goal
[gz-1] [INFO] [1789568404.841805359] [arm_controller]: Goal reached, success!
[parameter_bridge-2] [INFO] [1789568410.117780559] [rclcpp]: signal_handler(SIGINT/SIGTERM)
[robot_state_publisher-3] [INFO] [1789568410.117781391] [rclcpp]: signal_handler(SIGINT/SIGTERM)
[gz-1] [INFO] [1789568410.149046719] [controller_manager.pal_statistics]: Async messages lost 0
[gz-1] [INFO] [1789568410.149092580] [controller_manager.pal_statistics]: publish_async_failures_ 0
[gz-1] [INFO] [1789568410.150766317] [controller_manager.pal_statistics]: Async messages lost 0
[gz-1] [INFO] [1789568410.150777752] [controller_manager.pal_statistics]: publish_async_failures_ 0
[INFO] [parameter_bridge-2]: process has finished cleanly [pid 81878]
[INFO] [robot_state_publisher-3]: process has finished cleanly [pid 81879]
[INFO] [gz-1]: process has finished cleanly [pid 81877]
