[INFO] [launch]: All log files can be found below /home/lemma/.ros/log/2026-09-16-22-40-28-688846-intel-B860M-DS3H-72938
[INFO] [launch]: Default logging verbosity is set to INFO
[INFO] [gz-1]: process started with pid [72948]
[INFO] [parameter_bridge-2]: process started with pid [72949]
[INFO] [robot_state_publisher-3]: process started with pid [72950]
[INFO] [create-4]: process started with pid [72951]
[create-4] [INFO] [1789566028.769251906] [ros_gz_sim]: Requesting list of world names.
[robot_state_publisher-3] [INFO] [1789566028.773125185] [robot_state_publisher]: Robot initialized
[parameter_bridge-2] [INFO] [1789566028.786056997] [ros_gz_bridge]: Creating GZ->ROS Bridge: [/clock (gz.msgs.Clock) -> /clock (rosgraph_msgs/msg/Clock)] (Lazy 0)
[create-4] [INFO] [1789566029.160949436] [ros_gz_sim]: Waiting messages on topic [robot_description].
[create-4] [INFO] [1789566029.173635411] [ros_gz_sim]: Entity creation successful.
[INFO] [create-4]: process has finished cleanly [pid 72951]
[INFO] [spawner-5]: process started with pid [73040]
[spawner-5] [INFO] [1789566029.506975160] [spawner_joint_state_broadcaster]: waiting for service /controller_manager/list_controllers to become available...
[gz-1] [INFO] [1789566030.913673597] [gz_ros_control]: [gz_ros2_control] Fixed joint ['world_fixed'] (Entity='52') is skipped.
[gz-1] [INFO] [1789566030.914035673] [gz_ros_control]: Loading controller_manager
[gz-1] [INFO] [1789566030.919497440] [controller_manager]: Using ROS clock for triggering controller manager cycles.
[gz-1] [INFO] [1789566030.921502694] [controller_manager]: Subscribing to '/robot_description' topic for robot description.
[gz-1] [WARN] [1789566030.922653963] [gz_ros_control]: Waiting RM to load and initialize hardware...
[gz-1] [INFO] [1789566031.105481936] [controller_manager]: Received robot description from topic.
[gz-1] [INFO] [1789566031.105561888] [controller_manager]: Enforcing command limits is disabled. Command limits from URDF will be ignored.
[gz-1] [INFO] [1789566031.109838188] [gz_ros_control]: The position_proportional_gain has been set to: 0.1
[gz-1] [INFO] [1789566031.109878451] [gz_ros_control]: Loading joint: shoulder_pan
[gz-1] [INFO] [1789566031.109884387] [gz_ros_control]: 	State:
[gz-1] [INFO] [1789566031.109888685] [gz_ros_control]: 		 position
[gz-1] [INFO] [1789566031.109900742] [gz_ros_control]: 			 found initial value: 0.000000
[gz-1] [INFO] [1789566031.109906300] [gz_ros_control]: 		 velocity
[gz-1] [INFO] [1789566031.109912206] [gz_ros_control]: 		 effort
[gz-1] [INFO] [1789566031.109914884] [gz_ros_control]: 	Command:
[gz-1] [INFO] [1789566031.109916567] [gz_ros_control]: 		 effort
[gz-1] [INFO] [1789566031.109925675] [gz_ros_control]: Loading joint: shoulder_lift
[gz-1] [INFO] [1789566031.109927475] [gz_ros_control]: 	State:
[gz-1] [INFO] [1789566031.109928837] [gz_ros_control]: 		 position
[gz-1] [INFO] [1789566031.109930708] [gz_ros_control]: 			 found initial value: 0.000000
[gz-1] [INFO] [1789566031.109932470] [gz_ros_control]: 		 velocity
[gz-1] [INFO] [1789566031.109934263] [gz_ros_control]: 		 effort
[gz-1] [INFO] [1789566031.109935708] [gz_ros_control]: 	Command:
[gz-1] [INFO] [1789566031.109937043] [gz_ros_control]: 		 effort
[gz-1] [INFO] [1789566031.109943248] [gz_ros_control]: Loading joint: elbow_flex
[gz-1] [INFO] [1789566031.109944910] [gz_ros_control]: 	State:
[gz-1] [INFO] [1789566031.109946237] [gz_ros_control]: 		 position
[gz-1] [INFO] [1789566031.109947682] [gz_ros_control]: 			 found initial value: 0.000000
[gz-1] [INFO] [1789566031.109949343] [gz_ros_control]: 		 velocity
[gz-1] [INFO] [1789566031.109950899] [gz_ros_control]: 		 effort
[gz-1] [INFO] [1789566031.109952858] [gz_ros_control]: 	Command:
[gz-1] [INFO] [1789566031.109954102] [gz_ros_control]: 		 effort
[gz-1] [INFO] [1789566031.109959616] [gz_ros_control]: Loading joint: wrist_flex
[gz-1] [INFO] [1789566031.109961168] [gz_ros_control]: 	State:
[gz-1] [INFO] [1789566031.109962521] [gz_ros_control]: 		 position
[gz-1] [INFO] [1789566031.109963976] [gz_ros_control]: 			 found initial value: 0.000000
[gz-1] [INFO] [1789566031.109965441] [gz_ros_control]: 		 velocity
[gz-1] [INFO] [1789566031.109966967] [gz_ros_control]: 		 effort
[gz-1] [INFO] [1789566031.109968306] [gz_ros_control]: 	Command:
[gz-1] [INFO] [1789566031.109969537] [gz_ros_control]: 		 effort
[gz-1] [INFO] [1789566031.109974066] [gz_ros_control]: Loading joint: wrist_roll
[gz-1] [INFO] [1789566031.109975647] [gz_ros_control]: 	State:
[gz-1] [INFO] [1789566031.109976872] [gz_ros_control]: 		 position
[gz-1] [INFO] [1789566031.109979402] [gz_ros_control]: 			 found initial value: 0.000000
[gz-1] [INFO] [1789566031.109980891] [gz_ros_control]: 		 velocity
[gz-1] [INFO] [1789566031.109982168] [gz_ros_control]: 		 effort
[gz-1] [INFO] [1789566031.109983467] [gz_ros_control]: 	Command:
[gz-1] [INFO] [1789566031.109984637] [gz_ros_control]: 		 effort
[gz-1] [INFO] [1789566031.109989334] [gz_ros_control]: Loading joint: gripper
[gz-1] [INFO] [1789566031.109990878] [gz_ros_control]: 	State:
[gz-1] [INFO] [1789566031.109992154] [gz_ros_control]: 		 position
[gz-1] [INFO] [1789566031.109993344] [gz_ros_control]: 			 found initial value: 0.000000
[gz-1] [INFO] [1789566031.109994969] [gz_ros_control]: 		 velocity
[gz-1] [INFO] [1789566031.109997396] [gz_ros_control]: 		 effort
[gz-1] [INFO] [1789566031.109998741] [gz_ros_control]: 	Command:
[gz-1] [INFO] [1789566031.110000040] [gz_ros_control]: 		 position
[gz-1] [INFO] [1789566031.110070715] [controller_manager]: Initialize hardware 'so101_gz' 
[gz-1] [WARN] [1789566031.110078869] [controller_manager.hardware_component.system.so101_gz]: Executor is not available during hardware component initialization for 'so101_gz'. Skipping node creation!
[gz-1] [INFO] [1789566031.110131529] [controller_manager]: Successful initialization of hardware 'so101_gz'
[gz-1] [INFO] [1789566031.110214737] [controller_manager]: Activating component 'so101_gz'.
[gz-1] [INFO] [1789566031.110220623] [resource_manager]: 'configure' hardware 'so101_gz' 
[gz-1] [INFO] [1789566031.110223088] [gz_ros_control]: System Successfully configured!
[gz-1] [INFO] [1789566031.110225544] [resource_manager]: Successful 'configure' of hardware 'so101_gz'
[gz-1] [INFO] [1789566031.110230630] [resource_manager]: 'activate' hardware 'so101_gz' 
[gz-1] [INFO] [1789566031.110238134] [resource_manager]: Successful 'activate' of hardware 'so101_gz'
[gz-1] [WARN] [1789566031.110286447] [controller_manager]: Component 'so101_gz' does not have read or write statistics initialized, skipping registration.
[gz-1] [INFO] [1789566031.110290291] [controller_manager]: Resource Manager has been successfully initialized. Starting Controller Manager services...
[gz-1] [INFO] [1789566031.260586591] [controller_manager]: Loading controller : 'joint_state_broadcaster' of type 'joint_state_broadcaster/JointStateBroadcaster'
[gz-1] [INFO] [1789566031.260683945] [controller_manager]: Loading controller 'joint_state_broadcaster'
[gz-1] [INFO] [1789566031.266250451] [controller_manager]: Controller 'joint_state_broadcaster' node arguments: --ros-args --params-file /home/lemma/so101_ws/src/so101_gazebo/config/controllers_effort_1k_gc.yaml -p use_sim_time:=true --param use_sim_time:=true 
[spawner-5] [INFO] [1789566031.272278370] [spawner_joint_state_broadcaster]: Loaded joint_state_broadcaster
[gz-1] [INFO] [1789566031.272783634] [controller_manager]: Configuring controller: 'joint_state_broadcaster'
[gz-1] [INFO] [1789566031.272896719] [joint_state_broadcaster]: 'joints' or 'interfaces' parameter is empty. All available state interfaces will be published
[gz-1] [INFO] [1789566031.278806624] [controller_manager]: Activating controllers: [ joint_state_broadcaster ]
[gz-1] [INFO] [1789566033.255817739] [controller_manager]: Successfully switched controllers!
[spawner-5] [INFO] [1789566033.259090143] [spawner_joint_state_broadcaster]: Configured and activated joint_state_broadcaster
[INFO] [spawner-5]: process has finished cleanly [pid 73040]
[INFO] [spawner-6]: process started with pid [73093]
[INFO] [spawner-7]: process started with pid [73094]
[spawner-6] [INFO] [1789566033.619931814] [spawner_gravity_compensation]: waiting for service /controller_manager/list_controllers to become available...
[gz-1] [INFO] [1789566033.871078139] [controller_manager]: Loading controller : 'gravity_compensation' of type 'so101_gravity_comp/GravityCompensationController'
[gz-1] [INFO] [1789566033.871129041] [controller_manager]: Loading controller 'gravity_compensation'
[gz-1] [INFO] [1789566033.884527216] [controller_manager]: Controller 'gravity_compensation' node arguments: --ros-args --params-file /home/lemma/so101_ws/src/so101_gazebo/config/controllers_effort_1k_gc.yaml -p use_sim_time:=true --param use_sim_time:=true 
[spawner-6] [INFO] [1789566033.891080105] [spawner_gravity_compensation]: Loaded gravity_compensation
[gz-1] [INFO] [1789566033.891509051] [controller_manager]: Configuring controller: 'gravity_compensation'
[gz-1] [INFO] [1789566033.892021243] [gravity_compensation]: 중력 보상 준비: 관절 5 개, 모델 nq=6, scale=1.000
[gz-1] [INFO] [1789566033.892893633] [controller_manager]: Activating controllers: [ gravity_compensation ]
[gz-1] [INFO] [1789566033.894395038] [controller_manager]: Successfully switched controllers!
[spawner-6] [INFO] [1789566033.897181595] [spawner_gravity_compensation]: Configured and activated gravity_compensation
[gz-1] [INFO] [1789566033.897494079] [controller_manager]: Loading controller : 'arm_controller' of type 'joint_trajectory_controller/JointTrajectoryController'
[gz-1] [INFO] [1789566033.897509276] [controller_manager]: Loading controller 'arm_controller'
[gz-1] [INFO] [1789566033.900343035] [controller_manager]: Controller 'arm_controller' node arguments: --ros-args --params-file /home/lemma/so101_ws/src/so101_gazebo/config/controllers_effort_1k_gc.yaml -p use_sim_time:=true --param use_sim_time:=true 
[spawner-6] [INFO] [1789566033.907746646] [spawner_gravity_compensation]: Loaded arm_controller
[gz-1] [INFO] [1789566033.907844308] [controller_manager]: Configuring controller: 'arm_controller'
[gz-1] Using the legacy anti-windup technique is deprecated. This option will be removed by the ROS 2 Kilted Kaiju release.
[gz-1] Using the legacy anti-windup technique is deprecated. This option will be removed by the ROS 2 Kilted Kaiju release.
[gz-1] Using the legacy anti-windup technique is deprecated. This option will be removed by the ROS 2 Kilted Kaiju release.
[gz-1] Using the legacy anti-windup technique is deprecated. This option will be removed by the ROS 2 Kilted Kaiju release.
[gz-1] Using the legacy anti-windup technique is deprecated. This option will be removed by the ROS 2 Kilted Kaiju release.
[gz-1] [INFO] [1789566033.907986735] [arm_controller]: Command interfaces are [effort] and state interfaces are [position velocity].
[gz-1] [INFO] [1789566033.908005098] [arm_controller]: Using 'splines' interpolation method.
[gz-1] [INFO] [1789566033.909385378] [arm_controller]: Action status changes will be monitored at 20.00 Hz.
[gz-1] [INFO] [1789566033.911527307] [arm_controller]: No scaling interface set. This controller will not read speed scaling from the hardware.
[gz-1] [INFO] [1789566033.913388428] [controller_manager]: Activating controllers: [ arm_controller ]
[gz-1] [INFO] [1789566033.915104109] [controller_manager]: Successfully switched controllers!
[spawner-6] [INFO] [1789566033.917657597] [spawner_gravity_compensation]: Configured and activated arm_controller
[spawner-7] [INFO] [1789566033.979471891] [spawner_gripper_controller]: waiting for service /controller_manager/list_controllers to become available...
[INFO] [spawner-6]: process has finished cleanly [pid 73093]
[gz-1] [INFO] [1789566034.233169212] [controller_manager]: Loading controller : 'gripper_controller' of type 'joint_trajectory_controller/JointTrajectoryController'
[gz-1] [INFO] [1789566034.233216948] [controller_manager]: Loading controller 'gripper_controller'
[gz-1] [INFO] [1789566034.233315140] [controller_manager]: Controller 'gripper_controller' node arguments: --ros-args --params-file /home/lemma/so101_ws/src/so101_gazebo/config/controllers_effort_1k_gc.yaml -p use_sim_time:=true --param use_sim_time:=true 
[spawner-7] [INFO] [1789566034.240198478] [spawner_gripper_controller]: Loaded gripper_controller
[gz-1] [INFO] [1789566034.240742727] [controller_manager]: Configuring controller: 'gripper_controller'
[gz-1] [INFO] [1789566034.240789750] [gripper_controller]: No specific joint names are used for command interfaces. Using 'joints' parameter.
[gz-1] [INFO] [1789566034.240797939] [gripper_controller]: Command interfaces are [position] and state interfaces are [position velocity].
[gz-1] [INFO] [1789566034.240801767] [gripper_controller]: Using 'splines' interpolation method.
[gz-1] [INFO] [1789566034.241291072] [gripper_controller]: Action status changes will be monitored at 20.00 Hz.
[gz-1] [INFO] [1789566034.242524964] [gripper_controller]: Setting initial scaling factor to 1.000000
[gz-1] [INFO] [1789566034.242534743] [gripper_controller]: No scaling interface set. This controller will not read speed scaling from the hardware.
[gz-1] [INFO] [1789566034.244068092] [controller_manager]: Activating controllers: [ gripper_controller ]
[gz-1] [INFO] [1789566034.245179261] [controller_manager]: Successfully switched controllers!
[spawner-7] [INFO] [1789566034.247804383] [spawner_gripper_controller]: Configured and activated gripper_controller
[INFO] [spawner-7]: process has finished cleanly [pid 73094]
[gz-1] [INFO] [1789566040.222349703] [arm_controller]: Received new action goal
[gz-1] [INFO] [1789566040.222394404] [arm_controller]: Accepted new action goal
[gz-1] [INFO] [1789566044.401146606] [arm_controller]: Goal reached, success!
[gz-1] [INFO] [1789566051.369267542] [controller_manager]: Deactivating controllers: [ arm_controller ]
[gz-1] [INFO] [1789566051.370376275] [controller_manager]: Requested controller switch from non-realtime loop
[gz-1] [INFO] [1789566051.370430017] [controller_manager]: Successfully switched controllers!
[robot_state_publisher-3] [INFO] [1789566057.815564007] [rclcpp]: signal_handler(SIGINT/SIGTERM)
[parameter_bridge-2] [INFO] [1789566057.815568979] [rclcpp]: signal_handler(SIGINT/SIGTERM)
[gz-1] [INFO] [1789566057.847565441] [controller_manager.pal_statistics]: Async messages lost 0
[gz-1] [INFO] [1789566057.847609282] [controller_manager.pal_statistics]: publish_async_failures_ 0
[gz-1] [INFO] [1789566057.848587209] [controller_manager.pal_statistics]: Async messages lost 0
[gz-1] [INFO] [1789566057.848593349] [controller_manager.pal_statistics]: publish_async_failures_ 0
[INFO] [parameter_bridge-2]: process has finished cleanly [pid 72949]
[INFO] [robot_state_publisher-3]: process has finished cleanly [pid 72950]
[INFO] [gz-1]: process has finished cleanly [pid 72948]
