[INFO] [launch]: All log files can be found below /home/lemma/.ros/log/2026-09-16-22-39-56-852928-intel-B860M-DS3H-72586
[INFO] [launch]: Default logging verbosity is set to INFO
[INFO] [gz-1]: process started with pid [72596]
[INFO] [parameter_bridge-2]: process started with pid [72597]
[INFO] [robot_state_publisher-3]: process started with pid [72598]
[INFO] [create-4]: process started with pid [72599]
[create-4] [INFO] [1789565996.933132497] [ros_gz_sim]: Requesting list of world names.
[robot_state_publisher-3] [INFO] [1789565996.935659328] [robot_state_publisher]: Robot initialized
[parameter_bridge-2] [INFO] [1789565996.949532041] [ros_gz_bridge]: Creating GZ->ROS Bridge: [/clock (gz.msgs.Clock) -> /clock (rosgraph_msgs/msg/Clock)] (Lazy 0)
[create-4] [INFO] [1789565997.325542104] [ros_gz_sim]: Waiting messages on topic [robot_description].
[create-4] [INFO] [1789565997.336219579] [ros_gz_sim]: Entity creation successful.
[INFO] [create-4]: process has finished cleanly [pid 72599]
[INFO] [spawner-5]: process started with pid [72688]
[spawner-5] [INFO] [1789565997.663078917] [spawner_joint_state_broadcaster]: waiting for service /controller_manager/list_controllers to become available...
[gz-1] [INFO] [1789565999.082952702] [gz_ros_control]: [gz_ros2_control] Fixed joint ['world_fixed'] (Entity='52') is skipped.
[gz-1] [INFO] [1789565999.083302052] [gz_ros_control]: Loading controller_manager
[gz-1] [INFO] [1789565999.088856908] [controller_manager]: Using ROS clock for triggering controller manager cycles.
[gz-1] [INFO] [1789565999.090875890] [controller_manager]: Subscribing to '/robot_description' topic for robot description.
[gz-1] [WARN] [1789565999.092045992] [gz_ros_control]: Waiting RM to load and initialize hardware...
[gz-1] [INFO] [1789565999.271186018] [controller_manager]: Received robot description from topic.
[gz-1] [INFO] [1789565999.271271244] [controller_manager]: Enforcing command limits is disabled. Command limits from URDF will be ignored.
[gz-1] [INFO] [1789565999.276260880] [gz_ros_control]: The position_proportional_gain has been set to: 0.1
[gz-1] [INFO] [1789565999.276299431] [gz_ros_control]: Loading joint: shoulder_pan
[gz-1] [INFO] [1789565999.276305421] [gz_ros_control]: 	State:
[gz-1] [INFO] [1789565999.276309705] [gz_ros_control]: 		 position
[gz-1] [INFO] [1789565999.276321641] [gz_ros_control]: 			 found initial value: 0.000000
[gz-1] [INFO] [1789565999.276327245] [gz_ros_control]: 		 velocity
[gz-1] [INFO] [1789565999.276334785] [gz_ros_control]: 		 effort
[gz-1] [INFO] [1789565999.276337561] [gz_ros_control]: 	Command:
[gz-1] [INFO] [1789565999.276339636] [gz_ros_control]: 		 effort
[gz-1] [INFO] [1789565999.276350594] [gz_ros_control]: Loading joint: shoulder_lift
[gz-1] [INFO] [1789565999.276353046] [gz_ros_control]: 	State:
[gz-1] [INFO] [1789565999.276355017] [gz_ros_control]: 		 position
[gz-1] [INFO] [1789565999.276357140] [gz_ros_control]: 			 found initial value: 0.000000
[gz-1] [INFO] [1789565999.276359593] [gz_ros_control]: 		 velocity
[gz-1] [INFO] [1789565999.276362392] [gz_ros_control]: 		 effort
[gz-1] [INFO] [1789565999.276364423] [gz_ros_control]: 	Command:
[gz-1] [INFO] [1789565999.276366802] [gz_ros_control]: 		 effort
[gz-1] [INFO] [1789565999.276374867] [gz_ros_control]: Loading joint: elbow_flex
[gz-1] [INFO] [1789565999.276377500] [gz_ros_control]: 	State:
[gz-1] [INFO] [1789565999.276379783] [gz_ros_control]: 		 position
[gz-1] [INFO] [1789565999.276381866] [gz_ros_control]: 			 found initial value: 0.000000
[gz-1] [INFO] [1789565999.276384406] [gz_ros_control]: 		 velocity
[gz-1] [INFO] [1789565999.276386618] [gz_ros_control]: 		 effort
[gz-1] [INFO] [1789565999.276389594] [gz_ros_control]: 	Command:
[gz-1] [INFO] [1789565999.276391693] [gz_ros_control]: 		 effort
[gz-1] [INFO] [1789565999.276399214] [gz_ros_control]: Loading joint: wrist_flex
[gz-1] [INFO] [1789565999.276401927] [gz_ros_control]: 	State:
[gz-1] [INFO] [1789565999.276404248] [gz_ros_control]: 		 position
[gz-1] [INFO] [1789565999.276406276] [gz_ros_control]: 			 found initial value: 0.000000
[gz-1] [INFO] [1789565999.276408712] [gz_ros_control]: 		 velocity
[gz-1] [INFO] [1789565999.276410943] [gz_ros_control]: 		 effort
[gz-1] [INFO] [1789565999.276413075] [gz_ros_control]: 	Command:
[gz-1] [INFO] [1789565999.276415049] [gz_ros_control]: 		 effort
[gz-1] [INFO] [1789565999.276421889] [gz_ros_control]: Loading joint: wrist_roll
[gz-1] [INFO] [1789565999.276424223] [gz_ros_control]: 	State:
[gz-1] [INFO] [1789565999.276426311] [gz_ros_control]: 		 position
[gz-1] [INFO] [1789565999.276434585] [gz_ros_control]: 			 found initial value: 0.000000
[gz-1] [INFO] [1789565999.276437219] [gz_ros_control]: 		 velocity
[gz-1] [INFO] [1789565999.276439418] [gz_ros_control]: 		 effort
[gz-1] [INFO] [1789565999.276441474] [gz_ros_control]: 	Command:
[gz-1] [INFO] [1789565999.276443350] [gz_ros_control]: 		 effort
[gz-1] [INFO] [1789565999.276451309] [gz_ros_control]: Loading joint: gripper
[gz-1] [INFO] [1789565999.276453874] [gz_ros_control]: 	State:
[gz-1] [INFO] [1789565999.276455909] [gz_ros_control]: 		 position
[gz-1] [INFO] [1789565999.276457985] [gz_ros_control]: 			 found initial value: 0.000000
[gz-1] [INFO] [1789565999.276460398] [gz_ros_control]: 		 velocity
[gz-1] [INFO] [1789565999.276464059] [gz_ros_control]: 		 effort
[gz-1] [INFO] [1789565999.276466144] [gz_ros_control]: 	Command:
[gz-1] [INFO] [1789565999.276468188] [gz_ros_control]: 		 position
[gz-1] [INFO] [1789565999.276566078] [controller_manager]: Initialize hardware 'so101_gz' 
[gz-1] [WARN] [1789565999.276578527] [controller_manager.hardware_component.system.so101_gz]: Executor is not available during hardware component initialization for 'so101_gz'. Skipping node creation!
[gz-1] [INFO] [1789565999.276650405] [controller_manager]: Successful initialization of hardware 'so101_gz'
[gz-1] [INFO] [1789565999.276760960] [controller_manager]: Activating component 'so101_gz'.
[gz-1] [INFO] [1789565999.276768196] [resource_manager]: 'configure' hardware 'so101_gz' 
[gz-1] [INFO] [1789565999.276771728] [gz_ros_control]: System Successfully configured!
[gz-1] [INFO] [1789565999.276774965] [resource_manager]: Successful 'configure' of hardware 'so101_gz'
[gz-1] [INFO] [1789565999.276781538] [resource_manager]: 'activate' hardware 'so101_gz' 
[gz-1] [INFO] [1789565999.276791743] [resource_manager]: Successful 'activate' of hardware 'so101_gz'
[gz-1] [WARN] [1789565999.276853510] [controller_manager]: Component 'so101_gz' does not have read or write statistics initialized, skipping registration.
[gz-1] [INFO] [1789565999.276858399] [controller_manager]: Resource Manager has been successfully initialized. Starting Controller Manager services...
[gz-1] [INFO] [1789565999.417321278] [controller_manager]: Loading controller : 'joint_state_broadcaster' of type 'joint_state_broadcaster/JointStateBroadcaster'
[gz-1] [INFO] [1789565999.417460685] [controller_manager]: Loading controller 'joint_state_broadcaster'
[gz-1] [INFO] [1789565999.423915169] [controller_manager]: Controller 'joint_state_broadcaster' node arguments: --ros-args --params-file /home/lemma/so101_ws/src/so101_gazebo/config/controllers_effort_1k_gc.yaml -p use_sim_time:=true --param use_sim_time:=true 
[spawner-5] [INFO] [1789565999.429990901] [spawner_joint_state_broadcaster]: Loaded joint_state_broadcaster
[gz-1] [INFO] [1789565999.430443788] [controller_manager]: Configuring controller: 'joint_state_broadcaster'
[gz-1] [INFO] [1789565999.430551102] [joint_state_broadcaster]: 'joints' or 'interfaces' parameter is empty. All available state interfaces will be published
[gz-1] [INFO] [1789565999.436319182] [controller_manager]: Activating controllers: [ joint_state_broadcaster ]
[gz-1] [INFO] [1789566001.424804958] [controller_manager]: Successfully switched controllers!
[spawner-5] [INFO] [1789566001.427565084] [spawner_joint_state_broadcaster]: Configured and activated joint_state_broadcaster
[INFO] [spawner-5]: process has finished cleanly [pid 72688]
[INFO] [spawner-6]: process started with pid [72742]
[INFO] [spawner-7]: process started with pid [72743]
[spawner-6] [INFO] [1789566001.785969914] [spawner_gravity_compensation]: waiting for service /controller_manager/list_controllers to become available...
[gz-1] [INFO] [1789566002.037435332] [controller_manager]: Loading controller : 'gravity_compensation' of type 'so101_gravity_comp/GravityCompensationController'
[gz-1] [INFO] [1789566002.037460229] [controller_manager]: Loading controller 'gravity_compensation'
[gz-1] [INFO] [1789566002.046777679] [controller_manager]: Controller 'gravity_compensation' node arguments: --ros-args --params-file /home/lemma/so101_ws/src/so101_gazebo/config/controllers_effort_1k_gc.yaml -p use_sim_time:=true --param use_sim_time:=true 
[spawner-6] [INFO] [1789566002.051140368] [spawner_gravity_compensation]: Loaded gravity_compensation
[gz-1] [INFO] [1789566002.051602796] [controller_manager]: Configuring controller: 'gravity_compensation'
[gz-1] [INFO] [1789566002.052588843] [gravity_compensation]: 중력 보상 준비: 관절 5 개, 모델 nq=6, scale=1.000
[gz-1] [INFO] [1789566002.055099924] [controller_manager]: Activating controllers: [ gravity_compensation ]
[gz-1] [INFO] [1789566002.056486095] [controller_manager]: Successfully switched controllers!
[spawner-6] [INFO] [1789566002.058976520] [spawner_gravity_compensation]: Configured and activated gravity_compensation
[gz-1] [INFO] [1789566002.059282655] [controller_manager]: Loading controller : 'arm_controller' of type 'joint_trajectory_controller/JointTrajectoryController'
[gz-1] [INFO] [1789566002.059296505] [controller_manager]: Loading controller 'arm_controller'
[gz-1] [INFO] [1789566002.061607048] [controller_manager]: Controller 'arm_controller' node arguments: --ros-args --params-file /home/lemma/so101_ws/src/so101_gazebo/config/controllers_effort_1k_gc.yaml -p use_sim_time:=true --param use_sim_time:=true 
[spawner-6] [INFO] [1789566002.069630428] [spawner_gravity_compensation]: Loaded arm_controller
[gz-1] [INFO] [1789566002.069748370] [controller_manager]: Configuring controller: 'arm_controller'
[gz-1] Using the legacy anti-windup technique is deprecated. This option will be removed by the ROS 2 Kilted Kaiju release.
[gz-1] Using the legacy anti-windup technique is deprecated. This option will be removed by the ROS 2 Kilted Kaiju release.
[gz-1] Using the legacy anti-windup technique is deprecated. This option will be removed by the ROS 2 Kilted Kaiju release.
[gz-1] Using the legacy anti-windup technique is deprecated. This option will be removed by the ROS 2 Kilted Kaiju release.
[gz-1] Using the legacy anti-windup technique is deprecated. This option will be removed by the ROS 2 Kilted Kaiju release.
[gz-1] [INFO] [1789566002.069890781] [arm_controller]: Command interfaces are [effort] and state interfaces are [position velocity].
[gz-1] [INFO] [1789566002.069912842] [arm_controller]: Using 'splines' interpolation method.
[gz-1] [INFO] [1789566002.071341802] [arm_controller]: Action status changes will be monitored at 20.00 Hz.
[gz-1] [INFO] [1789566002.073496862] [arm_controller]: No scaling interface set. This controller will not read speed scaling from the hardware.
[gz-1] [INFO] [1789566002.075586978] [controller_manager]: Activating controllers: [ arm_controller ]
[gz-1] [INFO] [1789566002.077346801] [controller_manager]: Successfully switched controllers!
[spawner-6] [INFO] [1789566002.079901456] [spawner_gravity_compensation]: Configured and activated arm_controller
[spawner-7] [INFO] [1789566002.138736738] [spawner_gripper_controller]: waiting for service /controller_manager/list_controllers to become available...
[INFO] [spawner-6]: process has finished cleanly [pid 72742]
[gz-1] [INFO] [1789566002.390177163] [controller_manager]: Loading controller : 'gripper_controller' of type 'joint_trajectory_controller/JointTrajectoryController'
[gz-1] [INFO] [1789566002.390216109] [controller_manager]: Loading controller 'gripper_controller'
[gz-1] [INFO] [1789566002.390339626] [controller_manager]: Controller 'gripper_controller' node arguments: --ros-args --params-file /home/lemma/so101_ws/src/so101_gazebo/config/controllers_effort_1k_gc.yaml -p use_sim_time:=true --param use_sim_time:=true 
[spawner-7] [INFO] [1789566002.395482909] [spawner_gripper_controller]: Loaded gripper_controller
[gz-1] [INFO] [1789566002.395927075] [controller_manager]: Configuring controller: 'gripper_controller'
[gz-1] [INFO] [1789566002.395980247] [gripper_controller]: No specific joint names are used for command interfaces. Using 'joints' parameter.
[gz-1] [INFO] [1789566002.395989828] [gripper_controller]: Command interfaces are [position] and state interfaces are [position velocity].
[gz-1] [INFO] [1789566002.395993745] [gripper_controller]: Using 'splines' interpolation method.
[gz-1] [INFO] [1789566002.396504098] [gripper_controller]: Action status changes will be monitored at 20.00 Hz.
[gz-1] [INFO] [1789566002.397689357] [gripper_controller]: Setting initial scaling factor to 1.000000
[gz-1] [INFO] [1789566002.397698837] [gripper_controller]: No scaling interface set. This controller will not read speed scaling from the hardware.
[gz-1] [INFO] [1789566002.399606868] [controller_manager]: Activating controllers: [ gripper_controller ]
[gz-1] [INFO] [1789566002.400896078] [controller_manager]: Successfully switched controllers!
[spawner-7] [INFO] [1789566002.403662593] [spawner_gripper_controller]: Configured and activated gripper_controller
[INFO] [spawner-7]: process has finished cleanly [pid 72743]
[gz-1] [INFO] [1789566008.865115802] [arm_controller]: Received new action goal
[gz-1] [INFO] [1789566008.865163423] [arm_controller]: Accepted new action goal
[gz-1] [INFO] [1789566013.069606613] [arm_controller]: Goal reached, success!
[gz-1] [INFO] [1789566020.816032514] [controller_manager]: Deactivating controllers: [ arm_controller ]
[gz-1] [INFO] [1789566020.817910046] [controller_manager]: Requested controller switch from non-realtime loop
[gz-1] [INFO] [1789566020.818031157] [controller_manager]: Successfully switched controllers!
[robot_state_publisher-3] [INFO] [1789566027.234463871] [rclcpp]: signal_handler(SIGINT/SIGTERM)
[parameter_bridge-2] [INFO] [1789566027.234477715] [rclcpp]: signal_handler(SIGINT/SIGTERM)
[gz-1] [INFO] [1789566027.266542873] [controller_manager.pal_statistics]: Async messages lost 0
[gz-1] [INFO] [1789566027.266585338] [controller_manager.pal_statistics]: publish_async_failures_ 0
[gz-1] [INFO] [1789566027.267645224] [controller_manager.pal_statistics]: Async messages lost 0
[gz-1] [INFO] [1789566027.267651703] [controller_manager.pal_statistics]: publish_async_failures_ 0
[INFO] [robot_state_publisher-3]: process has finished cleanly [pid 72598]
[INFO] [parameter_bridge-2]: process has finished cleanly [pid 72597]
[INFO] [gz-1]: process has finished cleanly [pid 72596]
