[INFO] [launch]: All log files can be found below /home/lemma/.ros/log/2026-09-16-22-24-32-617872-intel-B860M-DS3H-66963
[INFO] [launch]: Default logging verbosity is set to INFO
[INFO] [gz-1]: process started with pid [66973]
[INFO] [parameter_bridge-2]: process started with pid [66974]
[INFO] [robot_state_publisher-3]: process started with pid [66975]
[INFO] [create-4]: process started with pid [66976]
[create-4] [INFO] [1789565072.698743967] [ros_gz_sim]: Requesting list of world names.
[robot_state_publisher-3] [INFO] [1789565072.701406219] [robot_state_publisher]: Robot initialized
[parameter_bridge-2] [INFO] [1789565072.714168399] [ros_gz_bridge]: Creating GZ->ROS Bridge: [/clock (gz.msgs.Clock) -> /clock (rosgraph_msgs/msg/Clock)] (Lazy 0)
[create-4] [INFO] [1789565073.086835075] [ros_gz_sim]: Waiting messages on topic [robot_description].
[create-4] [INFO] [1789565073.099184754] [ros_gz_sim]: Entity creation successful.
[INFO] [create-4]: process has finished cleanly [pid 66976]
[INFO] [spawner-5]: process started with pid [67065]
[spawner-5] [INFO] [1789565073.438449632] [spawner_joint_state_broadcaster]: waiting for service /controller_manager/list_controllers to become available...
[gz-1] [INFO] [1789565074.842705161] [gz_ros_control]: [gz_ros2_control] Fixed joint ['world_fixed'] (Entity='52') is skipped.
[gz-1] [INFO] [1789565074.843085816] [gz_ros_control]: Loading controller_manager
[gz-1] [INFO] [1789565074.848658331] [controller_manager]: Using ROS clock for triggering controller manager cycles.
[gz-1] [INFO] [1789565074.850687858] [controller_manager]: Subscribing to '/robot_description' topic for robot description.
[gz-1] [WARN] [1789565074.851863537] [gz_ros_control]: Waiting RM to load and initialize hardware...
[gz-1] [INFO] [1789565075.028620155] [controller_manager]: Received robot description from topic.
[gz-1] [INFO] [1789565075.028679119] [controller_manager]: Enforcing command limits is disabled. Command limits from URDF will be ignored.
[gz-1] [INFO] [1789565075.032064460] [gz_ros_control]: The position_proportional_gain has been set to: 0.1
[gz-1] [INFO] [1789565075.032098368] [gz_ros_control]: Loading joint: shoulder_pan
[gz-1] [INFO] [1789565075.032102451] [gz_ros_control]: 	State:
[gz-1] [INFO] [1789565075.032105611] [gz_ros_control]: 		 position
[gz-1] [INFO] [1789565075.032115078] [gz_ros_control]: 			 found initial value: 0.000000
[gz-1] [INFO] [1789565075.032119826] [gz_ros_control]: 		 velocity
[gz-1] [INFO] [1789565075.032124797] [gz_ros_control]: 		 effort
[gz-1] [INFO] [1789565075.032126927] [gz_ros_control]: 	Command:
[gz-1] [INFO] [1789565075.032128384] [gz_ros_control]: 		 effort
[gz-1] [INFO] [1789565075.032137838] [gz_ros_control]: Loading joint: shoulder_lift
[gz-1] [INFO] [1789565075.032139629] [gz_ros_control]: 	State:
[gz-1] [INFO] [1789565075.032141234] [gz_ros_control]: 		 position
[gz-1] [INFO] [1789565075.032142829] [gz_ros_control]: 			 found initial value: 0.000000
[gz-1] [INFO] [1789565075.032144530] [gz_ros_control]: 		 velocity
[gz-1] [INFO] [1789565075.032146354] [gz_ros_control]: 		 effort
[gz-1] [INFO] [1789565075.032147995] [gz_ros_control]: 	Command:
[gz-1] [INFO] [1789565075.032149439] [gz_ros_control]: 		 effort
[gz-1] [INFO] [1789565075.032155329] [gz_ros_control]: Loading joint: elbow_flex
[gz-1] [INFO] [1789565075.032156804] [gz_ros_control]: 	State:
[gz-1] [INFO] [1789565075.032158309] [gz_ros_control]: 		 position
[gz-1] [INFO] [1789565075.032159794] [gz_ros_control]: 			 found initial value: 0.000000
[gz-1] [INFO] [1789565075.032161274] [gz_ros_control]: 		 velocity
[gz-1] [INFO] [1789565075.032162665] [gz_ros_control]: 		 effort
[gz-1] [INFO] [1789565075.032164509] [gz_ros_control]: 	Command:
[gz-1] [INFO] [1789565075.032165721] [gz_ros_control]: 		 effort
[gz-1] [INFO] [1789565075.032171145] [gz_ros_control]: Loading joint: wrist_flex
[gz-1] [INFO] [1789565075.032172645] [gz_ros_control]: 	State:
[gz-1] [INFO] [1789565075.032174102] [gz_ros_control]: 		 position
[gz-1] [INFO] [1789565075.032175358] [gz_ros_control]: 			 found initial value: 0.000000
[gz-1] [INFO] [1789565075.032176921] [gz_ros_control]: 		 velocity
[gz-1] [INFO] [1789565075.032178319] [gz_ros_control]: 		 effort
[gz-1] [INFO] [1789565075.032179638] [gz_ros_control]: 	Command:
[gz-1] [INFO] [1789565075.032180876] [gz_ros_control]: 		 effort
[gz-1] [INFO] [1789565075.032185635] [gz_ros_control]: Loading joint: wrist_roll
[gz-1] [INFO] [1789565075.032187204] [gz_ros_control]: 	State:
[gz-1] [INFO] [1789565075.032188488] [gz_ros_control]: 		 position
[gz-1] [INFO] [1789565075.032189829] [gz_ros_control]: 			 found initial value: 0.000000
[gz-1] [INFO] [1789565075.032191243] [gz_ros_control]: 		 velocity
[gz-1] [INFO] [1789565075.032192615] [gz_ros_control]: 		 effort
[gz-1] [INFO] [1789565075.032193874] [gz_ros_control]: 	Command:
[gz-1] [INFO] [1789565075.032195148] [gz_ros_control]: 		 effort
[gz-1] [INFO] [1789565075.032199520] [gz_ros_control]: Loading joint: gripper
[gz-1] [INFO] [1789565075.032201127] [gz_ros_control]: 	State:
[gz-1] [INFO] [1789565075.032202541] [gz_ros_control]: 		 position
[gz-1] [INFO] [1789565075.032205062] [gz_ros_control]: 			 found initial value: 0.000000
[gz-1] [INFO] [1789565075.032206673] [gz_ros_control]: 		 velocity
[gz-1] [INFO] [1789565075.032209138] [gz_ros_control]: 		 effort
[gz-1] [INFO] [1789565075.032210588] [gz_ros_control]: 	Command:
[gz-1] [INFO] [1789565075.032211889] [gz_ros_control]: 		 position
[gz-1] [INFO] [1789565075.032284310] [controller_manager]: Initialize hardware 'so101_gz' 
[gz-1] [WARN] [1789565075.032293854] [controller_manager.hardware_component.system.so101_gz]: Executor is not available during hardware component initialization for 'so101_gz'. Skipping node creation!
[gz-1] [INFO] [1789565075.032348681] [controller_manager]: Successful initialization of hardware 'so101_gz'
[gz-1] [INFO] [1789565075.032440941] [controller_manager]: Activating component 'so101_gz'.
[gz-1] [INFO] [1789565075.032446881] [resource_manager]: 'configure' hardware 'so101_gz' 
[gz-1] [INFO] [1789565075.032449752] [gz_ros_control]: System Successfully configured!
[gz-1] [INFO] [1789565075.032452207] [resource_manager]: Successful 'configure' of hardware 'so101_gz'
[gz-1] [INFO] [1789565075.032457337] [resource_manager]: 'activate' hardware 'so101_gz' 
[gz-1] [INFO] [1789565075.032465476] [resource_manager]: Successful 'activate' of hardware 'so101_gz'
[gz-1] [WARN] [1789565075.032515653] [controller_manager]: Component 'so101_gz' does not have read or write statistics initialized, skipping registration.
[gz-1] [INFO] [1789565075.032519279] [controller_manager]: Resource Manager has been successfully initialized. Starting Controller Manager services...
[gz-1] [INFO] [1789565075.271787706] [controller_manager]: Loading controller : 'joint_state_broadcaster' of type 'joint_state_broadcaster/JointStateBroadcaster'
[gz-1] [INFO] [1789565075.271836801] [controller_manager]: Loading controller 'joint_state_broadcaster'
[gz-1] [INFO] [1789565075.274447721] [controller_manager]: Controller 'joint_state_broadcaster' node arguments: --ros-args --params-file /home/lemma/so101_ws/src/so101_gazebo/config/controllers_effort_1k_gc.yaml -p use_sim_time:=true --param use_sim_time:=true 
[spawner-5] [INFO] [1789565075.279200070] [spawner_joint_state_broadcaster]: Loaded joint_state_broadcaster
[gz-1] [INFO] [1789565075.279697074] [controller_manager]: Configuring controller: 'joint_state_broadcaster'
[gz-1] [INFO] [1789565075.279799560] [joint_state_broadcaster]: 'joints' or 'interfaces' parameter is empty. All available state interfaces will be published
[gz-1] [INFO] [1789565075.286080863] [controller_manager]: Activating controllers: [ joint_state_broadcaster ]
[gz-1] [INFO] [1789565077.190645070] [controller_manager]: Successfully switched controllers!
[spawner-5] [INFO] [1789565077.193379780] [spawner_joint_state_broadcaster]: Configured and activated joint_state_broadcaster
[INFO] [spawner-5]: process has finished cleanly [pid 67065]
[INFO] [spawner-6]: process started with pid [67120]
[INFO] [spawner-7]: process started with pid [67121]
[spawner-7] [INFO] [1789565077.582140616] [spawner_gripper_controller]: waiting for service /controller_manager/list_controllers to become available...
[gz-1] [INFO] [1789565078.587571282] [controller_manager]: Loading controller : 'gripper_controller' of type 'joint_trajectory_controller/JointTrajectoryController'
[gz-1] [INFO] [1789565078.587620689] [controller_manager]: Loading controller 'gripper_controller'
[gz-1] [INFO] [1789565078.591735012] [controller_manager]: Controller 'gripper_controller' node arguments: --ros-args --params-file /home/lemma/so101_ws/src/so101_gazebo/config/controllers_effort_1k_gc.yaml -p use_sim_time:=true --param use_sim_time:=true 
[spawner-7] [INFO] [1789565078.597643863] [spawner_gripper_controller]: Loaded gripper_controller
[gz-1] [INFO] [1789565078.598068464] [controller_manager]: Configuring controller: 'gripper_controller'
[gz-1] [INFO] [1789565078.598136539] [gripper_controller]: No specific joint names are used for command interfaces. Using 'joints' parameter.
[gz-1] [INFO] [1789565078.598150954] [gripper_controller]: Command interfaces are [position] and state interfaces are [position velocity].
[gz-1] [INFO] [1789565078.598166054] [gripper_controller]: Using 'splines' interpolation method.
[gz-1] [INFO] [1789565078.599528921] [gripper_controller]: Action status changes will be monitored at 20.00 Hz.
[gz-1] [INFO] [1789565078.601905498] [gripper_controller]: Setting initial scaling factor to 1.000000
[gz-1] [INFO] [1789565078.601916632] [gripper_controller]: No scaling interface set. This controller will not read speed scaling from the hardware.
[gz-1] [INFO] [1789565078.603755604] [controller_manager]: Activating controllers: [ gripper_controller ]
[gz-1] [INFO] [1789565078.605096072] [controller_manager]: Successfully switched controllers!
[spawner-7] [INFO] [1789565078.607780237] [spawner_gripper_controller]: Configured and activated gripper_controller
[spawner-6] [INFO] [1789565078.688830482] [spawner_gravity_compensation]: waiting for service /controller_manager/list_controllers to become available...
[INFO] [spawner-7]: process has finished cleanly [pid 67121]
[gz-1] [INFO] [1789565079.940830819] [controller_manager]: Loading controller : 'gravity_compensation' of type 'so101_gravity_comp/GravityCompensationController'
[gz-1] [INFO] [1789565079.940899711] [controller_manager]: Loading controller 'gravity_compensation'
[gz-1] [INFO] [1789565079.996377366] [controller_manager]: Controller 'gravity_compensation' node arguments: --ros-args --params-file /home/lemma/so101_ws/src/so101_gazebo/config/controllers_effort_1k_gc.yaml -p use_sim_time:=true --param use_sim_time:=true 
[spawner-6] [INFO] [1789565080.002626572] [spawner_gravity_compensation]: Loaded gravity_compensation
[gz-1] [INFO] [1789565080.003128071] [controller_manager]: Configuring controller: 'gravity_compensation'
[gz-1] [INFO] [1789565080.009993130] [gravity_compensation]: 중력 보상 준비: 관절 5 개, 모델 nq=6, scale=1.000
[gz-1] [INFO] [1789565080.019040187] [controller_manager]: Activating controllers: [ gravity_compensation ]
[gz-1] [INFO] [1789565080.020320671] [controller_manager]: Successfully switched controllers!
[spawner-6] [INFO] [1789565080.022971930] [spawner_gravity_compensation]: Configured and activated gravity_compensation
[INFO] [spawner-6]: process has finished cleanly [pid 67120]
[parameter_bridge-2] [INFO] [1789565096.224923532] [rclcpp]: signal_handler(SIGINT/SIGTERM)
[robot_state_publisher-3] [INFO] [1789565096.224923224] [rclcpp]: signal_handler(SIGINT/SIGTERM)
[gz-1] [INFO] [1789565096.257544162] [controller_manager.pal_statistics]: Async messages lost 0
[gz-1] [INFO] [1789565096.257585097] [controller_manager.pal_statistics]: publish_async_failures_ 0
[gz-1] [INFO] [1789565096.258572223] [controller_manager.pal_statistics]: Async messages lost 0
[gz-1] [INFO] [1789565096.258579653] [controller_manager.pal_statistics]: publish_async_failures_ 0
[INFO] [parameter_bridge-2]: process has finished cleanly [pid 66974]
[INFO] [robot_state_publisher-3]: process has finished cleanly [pid 66975]
[INFO] [gz-1]: process has finished cleanly [pid 66973]
