[INFO] [launch]: All log files can be found below /home/lemma/.ros/log/2026-09-16-21-54-35-414596-intel-B860M-DS3H-58387
[INFO] [launch]: Default logging verbosity is set to INFO
[INFO] [gz-1]: process started with pid [58397]
[INFO] [parameter_bridge-2]: process started with pid [58398]
[INFO] [robot_state_publisher-3]: process started with pid [58399]
[INFO] [create-4]: process started with pid [58400]
[create-4] [INFO] [1789563275.493041809] [ros_gz_sim]: Requesting list of world names.
[robot_state_publisher-3] [INFO] [1789563275.496549242] [robot_state_publisher]: Robot initialized
[parameter_bridge-2] [INFO] [1789563275.506383809] [ros_gz_bridge]: Creating GZ->ROS Bridge: [/clock (gz.msgs.Clock) -> /clock (rosgraph_msgs/msg/Clock)] (Lazy 0)
[create-4] [INFO] [1789563275.888645820] [ros_gz_sim]: Waiting messages on topic [robot_description].
[create-4] [INFO] [1789563275.901792658] [ros_gz_sim]: Entity creation successful.
[INFO] [create-4]: process has finished cleanly [pid 58400]
[INFO] [spawner-5]: process started with pid [58491]
[spawner-5] [INFO] [1789563276.234269281] [spawner_joint_state_broadcaster]: waiting for service /controller_manager/list_controllers to become available...
[gz-1] [INFO] [1789563277.648076095] [gz_ros_control]: [gz_ros2_control] Fixed joint ['world_fixed'] (Entity='52') is skipped.
[gz-1] [INFO] [1789563277.648503156] [gz_ros_control]: Loading controller_manager
[gz-1] [INFO] [1789563277.654862866] [controller_manager]: Using ROS clock for triggering controller manager cycles.
[gz-1] [INFO] [1789563277.657256068] [controller_manager]: Subscribing to '/robot_description' topic for robot description.
[gz-1] [WARN] [1789563277.658755886] [gz_ros_control]: Waiting RM to load and initialize hardware...
[gz-1] [INFO] [1789563277.836654235] [controller_manager]: Received robot description from topic.
[gz-1] [INFO] [1789563277.836754928] [controller_manager]: Enforcing command limits is disabled. Command limits from URDF will be ignored.
[gz-1] [INFO] [1789563277.841619199] [gz_ros_control]: The position_proportional_gain has been set to: 0.1
[gz-1] [INFO] [1789563277.841664425] [gz_ros_control]: Loading joint: shoulder_pan
[gz-1] [INFO] [1789563277.841671187] [gz_ros_control]: 	State:
[gz-1] [INFO] [1789563277.841676226] [gz_ros_control]: 		 position
[gz-1] [INFO] [1789563277.841689565] [gz_ros_control]: 			 found initial value: 0.000000
[gz-1] [INFO] [1789563277.841696436] [gz_ros_control]: 		 velocity
[gz-1] [INFO] [1789563277.841702903] [gz_ros_control]: 		 effort
[gz-1] [INFO] [1789563277.841706208] [gz_ros_control]: 	Command:
[gz-1] [INFO] [1789563277.841709008] [gz_ros_control]: 		 position
[gz-1] [INFO] [1789563277.841722414] [gz_ros_control]: Loading joint: shoulder_lift
[gz-1] [INFO] [1789563277.841725782] [gz_ros_control]: 	State:
[gz-1] [INFO] [1789563277.841728157] [gz_ros_control]: 		 position
[gz-1] [INFO] [1789563277.841732855] [gz_ros_control]: 			 found initial value: 0.000000
[gz-1] [INFO] [1789563277.841735763] [gz_ros_control]: 		 velocity
[gz-1] [INFO] [1789563277.841739163] [gz_ros_control]: 		 effort
[gz-1] [INFO] [1789563277.841741670] [gz_ros_control]: 	Command:
[gz-1] [INFO] [1789563277.841743854] [gz_ros_control]: 		 position
[gz-1] [INFO] [1789563277.841752577] [gz_ros_control]: Loading joint: elbow_flex
[gz-1] [INFO] [1789563277.841755290] [gz_ros_control]: 	State:
[gz-1] [INFO] [1789563277.841757984] [gz_ros_control]: 		 position
[gz-1] [INFO] [1789563277.841760771] [gz_ros_control]: 			 found initial value: 0.000000
[gz-1] [INFO] [1789563277.841763704] [gz_ros_control]: 		 velocity
[gz-1] [INFO] [1789563277.841766123] [gz_ros_control]: 		 effort
[gz-1] [INFO] [1789563277.841769722] [gz_ros_control]: 	Command:
[gz-1] [INFO] [1789563277.841772020] [gz_ros_control]: 		 position
[gz-1] [INFO] [1789563277.841780211] [gz_ros_control]: Loading joint: wrist_flex
[gz-1] [INFO] [1789563277.841783161] [gz_ros_control]: 	State:
[gz-1] [INFO] [1789563277.841785450] [gz_ros_control]: 		 position
[gz-1] [INFO] [1789563277.841787761] [gz_ros_control]: 			 found initial value: 0.000000
[gz-1] [INFO] [1789563277.841790426] [gz_ros_control]: 		 velocity
[gz-1] [INFO] [1789563277.841792832] [gz_ros_control]: 		 effort
[gz-1] [INFO] [1789563277.841795261] [gz_ros_control]: 	Command:
[gz-1] [INFO] [1789563277.841797403] [gz_ros_control]: 		 position
[gz-1] [INFO] [1789563277.841805467] [gz_ros_control]: Loading joint: wrist_roll
[gz-1] [INFO] [1789563277.841808282] [gz_ros_control]: 	State:
[gz-1] [INFO] [1789563277.841810603] [gz_ros_control]: 		 position
[gz-1] [INFO] [1789563277.841813077] [gz_ros_control]: 			 found initial value: 0.000000
[gz-1] [INFO] [1789563277.841815756] [gz_ros_control]: 		 velocity
[gz-1] [INFO] [1789563277.841817935] [gz_ros_control]: 		 effort
[gz-1] [INFO] [1789563277.841820142] [gz_ros_control]: 	Command:
[gz-1] [INFO] [1789563277.841822244] [gz_ros_control]: 		 position
[gz-1] [INFO] [1789563277.841829032] [gz_ros_control]: Loading joint: gripper
[gz-1] [INFO] [1789563277.841831839] [gz_ros_control]: 	State:
[gz-1] [INFO] [1789563277.841834084] [gz_ros_control]: 		 position
[gz-1] [INFO] [1789563277.841836350] [gz_ros_control]: 			 found initial value: 0.000000
[gz-1] [INFO] [1789563277.841839725] [gz_ros_control]: 		 velocity
[gz-1] [INFO] [1789563277.841843853] [gz_ros_control]: 		 effort
[gz-1] [INFO] [1789563277.841847982] [gz_ros_control]: 	Command:
[gz-1] [INFO] [1789563277.841850237] [gz_ros_control]: 		 position
[gz-1] [INFO] [1789563277.841945961] [controller_manager]: Initialize hardware 'so101_gz' 
[gz-1] [WARN] [1789563277.841957424] [controller_manager.hardware_component.system.so101_gz]: Executor is not available during hardware component initialization for 'so101_gz'. Skipping node creation!
[gz-1] [INFO] [1789563277.842026916] [controller_manager]: Successful initialization of hardware 'so101_gz'
[gz-1] [INFO] [1789563277.842145419] [controller_manager]: Activating component 'so101_gz'.
[gz-1] [INFO] [1789563277.842153344] [resource_manager]: 'configure' hardware 'so101_gz' 
[gz-1] [INFO] [1789563277.842157063] [gz_ros_control]: System Successfully configured!
[gz-1] [INFO] [1789563277.842160426] [resource_manager]: Successful 'configure' of hardware 'so101_gz'
[gz-1] [INFO] [1789563277.842167611] [resource_manager]: 'activate' hardware 'so101_gz' 
[gz-1] [INFO] [1789563277.842178685] [resource_manager]: Successful 'activate' of hardware 'so101_gz'
[gz-1] [WARN] [1789563277.842239634] [controller_manager]: Component 'so101_gz' does not have read or write statistics initialized, skipping registration.
[gz-1] [INFO] [1789563277.842244466] [controller_manager]: Resource Manager has been successfully initialized. Starting Controller Manager services...
[gz-1] [INFO] [1789563277.989028848] [controller_manager]: Loading controller : 'joint_state_broadcaster' of type 'joint_state_broadcaster/JointStateBroadcaster'
[gz-1] [INFO] [1789563277.989117052] [controller_manager]: Loading controller 'joint_state_broadcaster'
[gz-1] [INFO] [1789563277.993156188] [controller_manager]: Controller 'joint_state_broadcaster' node arguments: --ros-args --params-file /home/lemma/so101_ws/install/so101_gazebo/share/so101_gazebo/config/controllers_position.yaml -p use_sim_time:=true --param use_sim_time:=true 
[spawner-5] [INFO] [1789563277.997855307] [spawner_joint_state_broadcaster]: Loaded joint_state_broadcaster
[gz-1] [INFO] [1789563278.079628195] [controller_manager]: Configuring controller: 'joint_state_broadcaster'
[gz-1] [INFO] [1789563278.080207744] [joint_state_broadcaster]: 'joints' or 'interfaces' parameter is empty. All available state interfaces will be published
[gz-1] [INFO] [1789563278.091426697] [controller_manager]: Activating controllers: [ joint_state_broadcaster ]
[gz-1] [WARN] [1789563279.977378029] [gz_ros_control]:  Desired controller update period (0.01 s) is slower than the gazebo simulation period (0.001 s).
[gz-1] [INFO] [1789563279.997518459] [controller_manager]: Successfully switched controllers!
[spawner-5] [INFO] [1789563280.020313984] [spawner_joint_state_broadcaster]: Configured and activated joint_state_broadcaster
[INFO] [spawner-5]: process has finished cleanly [pid 58491]
[INFO] [spawner-6]: process started with pid [58545]
[INFO] [spawner-7]: process started with pid [58546]
[spawner-6] [INFO] [1789563280.379261354] [spawner_arm_controller]: waiting for service /controller_manager/list_controllers to become available...
[gz-1] [INFO] [1789563280.938853626] [controller_manager]: Loading controller : 'arm_controller' of type 'joint_trajectory_controller/JointTrajectoryController'
[gz-1] [INFO] [1789563280.938887006] [controller_manager]: Loading controller 'arm_controller'
[gz-1] [INFO] [1789563280.941376627] [controller_manager]: Controller 'arm_controller' node arguments: --ros-args --params-file /home/lemma/so101_ws/install/so101_gazebo/share/so101_gazebo/config/controllers_position.yaml -p use_sim_time:=true --param use_sim_time:=true 
[spawner-6] [INFO] [1789563280.957750077] [spawner_arm_controller]: Loaded arm_controller
[gz-1] [INFO] [1789563280.958298216] [controller_manager]: Configuring controller: 'arm_controller'
[gz-1] [INFO] [1789563280.958511768] [arm_controller]: No specific joint names are used for command interfaces. Using 'joints' parameter.
[gz-1] [INFO] [1789563280.958539808] [arm_controller]: Command interfaces are [position] and state interfaces are [position velocity].
[gz-1] [INFO] [1789563280.958570593] [arm_controller]: Using 'splines' interpolation method.
[gz-1] [INFO] [1789563280.961004190] [arm_controller]: Action status changes will be monitored at 20.00 Hz.
[gz-1] [INFO] [1789563280.964188189] [arm_controller]: Setting initial scaling factor to 1.000000
[gz-1] [INFO] [1789563280.964209735] [arm_controller]: No scaling interface set. This controller will not read speed scaling from the hardware.
[gz-1] [INFO] [1789563280.978298966] [controller_manager]: Activating controllers: [ arm_controller ]
[gz-1] [INFO] [1789563280.997507084] [controller_manager]: Successfully switched controllers!
[spawner-6] [INFO] [1789563281.021977887] [spawner_arm_controller]: Configured and activated arm_controller
[spawner-7] [INFO] [1789563281.089512485] [spawner_gripper_controller]: waiting for service /controller_manager/list_controllers to become available...
[INFO] [spawner-6]: process has finished cleanly [pid 58545]
[gz-1] [INFO] [1789563281.343698278] [controller_manager]: Loading controller : 'gripper_controller' of type 'joint_trajectory_controller/JointTrajectoryController'
[gz-1] [INFO] [1789563281.343758888] [controller_manager]: Loading controller 'gripper_controller'
[gz-1] [INFO] [1789563281.344099292] [controller_manager]: Controller 'gripper_controller' node arguments: --ros-args --params-file /home/lemma/so101_ws/install/so101_gazebo/share/so101_gazebo/config/controllers_position.yaml -p use_sim_time:=true --param use_sim_time:=true 
[spawner-7] [INFO] [1789563281.364171249] [spawner_gripper_controller]: Loaded gripper_controller
[gz-1] [INFO] [1789563281.364681118] [controller_manager]: Configuring controller: 'gripper_controller'
[gz-1] [INFO] [1789563281.364751573] [gripper_controller]: No specific joint names are used for command interfaces. Using 'joints' parameter.
[gz-1] [INFO] [1789563281.364761252] [gripper_controller]: Command interfaces are [position] and state interfaces are [position velocity].
[gz-1] [INFO] [1789563281.364765299] [gripper_controller]: Using 'splines' interpolation method.
[gz-1] [INFO] [1789563281.365289924] [gripper_controller]: Action status changes will be monitored at 20.00 Hz.
[gz-1] [INFO] [1789563281.366512114] [gripper_controller]: Setting initial scaling factor to 1.000000
[gz-1] [INFO] [1789563281.366523373] [gripper_controller]: No scaling interface set. This controller will not read speed scaling from the hardware.
[gz-1] [INFO] [1789563281.384968047] [controller_manager]: Activating controllers: [ gripper_controller ]
[gz-1] [INFO] [1789563281.404062144] [controller_manager]: Successfully switched controllers!
[spawner-7] [INFO] [1789563281.427501697] [spawner_gripper_controller]: Configured and activated gripper_controller
[INFO] [spawner-7]: process has finished cleanly [pid 58546]
[gz-1] [INFO] [1789563289.217246057] [arm_controller]: Received new action goal
[gz-1] [INFO] [1789563289.217459373] [arm_controller]: Accepted new action goal
[gz-1] [INFO] [1789563304.459451804] [arm_controller]: Goal reached, success!
[gz-1] [INFO] [1789563311.667037636] [controller_manager.pal_statistics]: Async messages lost 0
[gz-1] [INFO] [1789563311.667085249] [controller_manager.pal_statistics]: publish_async_failures_ 0
[gz-1] [INFO] [1789563311.668327516] [controller_manager.pal_statistics]: Async messages lost 0
[gz-1] [INFO] [1789563311.668333128] [controller_manager.pal_statistics]: publish_async_failures_ 0
[INFO] [gz-1]: process has finished cleanly [pid 58397]
