[INFO] [launch]: All log files can be found below /home/lemma/.ros/log/2026-09-16-21-51-22-842174-intel-B860M-DS3H-57584
[INFO] [launch]: Default logging verbosity is set to INFO
[INFO] [gz-1]: process started with pid [57606]
[INFO] [parameter_bridge-2]: process started with pid [57607]
[INFO] [robot_state_publisher-3]: process started with pid [57608]
[INFO] [create-4]: process started with pid [57609]
[create-4] [INFO] [1789563083.024519827] [ros_gz_sim]: Requesting list of world names.
[parameter_bridge-2] [INFO] [1789563083.033497463] [ros_gz_bridge]: Creating GZ->ROS Bridge: [/clock (gz.msgs.Clock) -> /clock (rosgraph_msgs/msg/Clock)] (Lazy 0)
[robot_state_publisher-3] [INFO] [1789563083.088233918] [robot_state_publisher]: Robot initialized
[create-4] [INFO] [1789563083.409699114] [ros_gz_sim]: Waiting messages on topic [robot_description].
[create-4] [INFO] [1789563083.423228960] [ros_gz_sim]: Entity creation successful.
[INFO] [create-4]: process has finished cleanly [pid 57609]
[INFO] [spawner-5]: process started with pid [57671]
[spawner-5] [INFO] [1789563083.846222057] [spawner_joint_state_broadcaster]: waiting for service /controller_manager/list_controllers to become available...
[gz-1] [INFO] [1789563085.256016664] [gz_ros_control]: [gz_ros2_control] Fixed joint ['world_fixed'] (Entity='52') is skipped.
[gz-1] [INFO] [1789563085.263943730] [gz_ros_control]: Loading controller_manager
[gz-1] [INFO] [1789563085.307126623] [controller_manager]: Using ROS clock for triggering controller manager cycles.
[gz-1] [INFO] [1789563085.332919581] [controller_manager]: Subscribing to '/robot_description' topic for robot description.
[gz-1] [WARN] [1789563085.335724757] [gz_ros_control]: Waiting RM to load and initialize hardware...
[gz-1] [INFO] [1789563085.528908979] [controller_manager]: Received robot description from topic.
[gz-1] [INFO] [1789563085.528957689] [controller_manager]: Enforcing command limits is disabled. Command limits from URDF will be ignored.
[gz-1] [INFO] [1789563085.531169533] [gz_ros_control]: The position_proportional_gain has been set to: 0.1
[gz-1] [INFO] [1789563085.531201550] [gz_ros_control]: Loading joint: shoulder_pan
[gz-1] [INFO] [1789563085.531205420] [gz_ros_control]: 	State:
[gz-1] [INFO] [1789563085.531208688] [gz_ros_control]: 		 position
[gz-1] [INFO] [1789563085.531218574] [gz_ros_control]: 			 found initial value: 0.000000
[gz-1] [INFO] [1789563085.531222879] [gz_ros_control]: 		 velocity
[gz-1] [INFO] [1789563085.531227719] [gz_ros_control]: 		 effort
[gz-1] [INFO] [1789563085.531229918] [gz_ros_control]: 	Command:
[gz-1] [INFO] [1789563085.531231510] [gz_ros_control]: 		 position
[gz-1] [INFO] [1789563085.531240748] [gz_ros_control]: Loading joint: shoulder_lift
[gz-1] [INFO] [1789563085.531242715] [gz_ros_control]: 	State:
[gz-1] [INFO] [1789563085.531244064] [gz_ros_control]: 		 position
[gz-1] [INFO] [1789563085.531245578] [gz_ros_control]: 			 found initial value: 0.000000
[gz-1] [INFO] [1789563085.531247292] [gz_ros_control]: 		 velocity
[gz-1] [INFO] [1789563085.531249136] [gz_ros_control]: 		 effort
[gz-1] [INFO] [1789563085.531250668] [gz_ros_control]: 	Command:
[gz-1] [INFO] [1789563085.531251973] [gz_ros_control]: 		 position
[gz-1] [INFO] [1789563085.531257618] [gz_ros_control]: Loading joint: elbow_flex
[gz-1] [INFO] [1789563085.531259220] [gz_ros_control]: 	State:
[gz-1] [INFO] [1789563085.531260589] [gz_ros_control]: 		 position
[gz-1] [INFO] [1789563085.531262071] [gz_ros_control]: 			 found initial value: 0.000000
[gz-1] [INFO] [1789563085.531263679] [gz_ros_control]: 		 velocity
[gz-1] [INFO] [1789563085.531265052] [gz_ros_control]: 		 effort
[gz-1] [INFO] [1789563085.531267156] [gz_ros_control]: 	Command:
[gz-1] [INFO] [1789563085.531268462] [gz_ros_control]: 		 position
[gz-1] [INFO] [1789563085.531273225] [gz_ros_control]: Loading joint: wrist_flex
[gz-1] [INFO] [1789563085.531274691] [gz_ros_control]: 	State:
[gz-1] [INFO] [1789563085.531275968] [gz_ros_control]: 		 position
[gz-1] [INFO] [1789563085.531277243] [gz_ros_control]: 			 found initial value: 0.000000
[gz-1] [INFO] [1789563085.531278744] [gz_ros_control]: 		 velocity
[gz-1] [INFO] [1789563085.531281188] [gz_ros_control]: 		 effort
[gz-1] [INFO] [1789563085.531282668] [gz_ros_control]: 	Command:
[gz-1] [INFO] [1789563085.531283942] [gz_ros_control]: 		 position
[gz-1] [INFO] [1789563085.531288007] [gz_ros_control]: Loading joint: wrist_roll
[gz-1] [INFO] [1789563085.531289522] [gz_ros_control]: 	State:
[gz-1] [INFO] [1789563085.531290786] [gz_ros_control]: 		 position
[gz-1] [INFO] [1789563085.531291980] [gz_ros_control]: 			 found initial value: 0.000000
[gz-1] [INFO] [1789563085.531293487] [gz_ros_control]: 		 velocity
[gz-1] [INFO] [1789563085.531294826] [gz_ros_control]: 		 effort
[gz-1] [INFO] [1789563085.531296087] [gz_ros_control]: 	Command:
[gz-1] [INFO] [1789563085.531297324] [gz_ros_control]: 		 position
[gz-1] [INFO] [1789563085.531301498] [gz_ros_control]: Loading joint: gripper
[gz-1] [INFO] [1789563085.531303036] [gz_ros_control]: 	State:
[gz-1] [INFO] [1789563085.531304338] [gz_ros_control]: 		 position
[gz-1] [INFO] [1789563085.531305588] [gz_ros_control]: 			 found initial value: 0.000000
[gz-1] [INFO] [1789563085.531307062] [gz_ros_control]: 		 velocity
[gz-1] [INFO] [1789563085.531309326] [gz_ros_control]: 		 effort
[gz-1] [INFO] [1789563085.531310749] [gz_ros_control]: 	Command:
[gz-1] [INFO] [1789563085.531311940] [gz_ros_control]: 		 position
[gz-1] [INFO] [1789563085.531382028] [controller_manager]: Initialize hardware 'so101_gz' 
[gz-1] [WARN] [1789563085.531390073] [controller_manager.hardware_component.system.so101_gz]: Executor is not available during hardware component initialization for 'so101_gz'. Skipping node creation!
[gz-1] [INFO] [1789563085.531443903] [controller_manager]: Successful initialization of hardware 'so101_gz'
[gz-1] [INFO] [1789563085.531527428] [controller_manager]: Activating component 'so101_gz'.
[gz-1] [INFO] [1789563085.531533067] [resource_manager]: 'configure' hardware 'so101_gz' 
[gz-1] [INFO] [1789563085.531535508] [gz_ros_control]: System Successfully configured!
[gz-1] [INFO] [1789563085.531537832] [resource_manager]: Successful 'configure' of hardware 'so101_gz'
[gz-1] [INFO] [1789563085.531542752] [resource_manager]: 'activate' hardware 'so101_gz' 
[gz-1] [INFO] [1789563085.531550029] [resource_manager]: Successful 'activate' of hardware 'so101_gz'
[gz-1] [WARN] [1789563085.531595679] [controller_manager]: Component 'so101_gz' does not have read or write statistics initialized, skipping registration.
[gz-1] [INFO] [1789563085.531599426] [controller_manager]: Resource Manager has been successfully initialized. Starting Controller Manager services...
[gz-1] [INFO] [1789563085.602094980] [controller_manager]: Loading controller : 'joint_state_broadcaster' of type 'joint_state_broadcaster/JointStateBroadcaster'
[gz-1] [INFO] [1789563085.602180656] [controller_manager]: Loading controller 'joint_state_broadcaster'
[gz-1] [INFO] [1789563085.625671822] [controller_manager]: Controller 'joint_state_broadcaster' node arguments: --ros-args --params-file /home/lemma/so101_ws/install/so101_gazebo/share/so101_gazebo/config/controllers_position.yaml -p use_sim_time:=true --param use_sim_time:=true 
[spawner-5] [INFO] [1789563085.632983291] [spawner_joint_state_broadcaster]: Loaded joint_state_broadcaster
[gz-1] [INFO] [1789563085.715329979] [controller_manager]: Configuring controller: 'joint_state_broadcaster'
[gz-1] [INFO] [1789563085.716045527] [joint_state_broadcaster]: 'joints' or 'interfaces' parameter is empty. All available state interfaces will be published
[gz-1] [INFO] [1789563085.754544579] [controller_manager]: Activating controllers: [ joint_state_broadcaster ]
[gz-1] [WARN] [1789563087.795766055] [gz_ros_control]:  Desired controller update period (0.01 s) is slower than the gazebo simulation period (0.001 s).
[gz-1] [INFO] [1789563087.815553460] [controller_manager]: Successfully switched controllers!
[spawner-5] [INFO] [1789563087.839459633] [spawner_joint_state_broadcaster]: Configured and activated joint_state_broadcaster
[INFO] [spawner-5]: process has finished cleanly [pid 57671]
[INFO] [spawner-6]: process started with pid [57731]
[INFO] [spawner-7]: process started with pid [57732]
[spawner-6] [INFO] [1789563088.191487960] [spawner_arm_controller]: waiting for service /controller_manager/list_controllers to become available...
[gz-1] [INFO] [1789563088.524370757] [controller_manager]: Loading controller : 'arm_controller' of type 'joint_trajectory_controller/JointTrajectoryController'
[gz-1] [INFO] [1789563088.524471881] [controller_manager]: Loading controller 'arm_controller'
[gz-1] [INFO] [1789563088.589532063] [controller_manager]: Controller 'arm_controller' node arguments: --ros-args --params-file /home/lemma/so101_ws/install/so101_gazebo/share/so101_gazebo/config/controllers_position.yaml -p use_sim_time:=true --param use_sim_time:=true 
[spawner-6] [INFO] [1789563088.596857782] [spawner_arm_controller]: Loaded arm_controller
[gz-1] [INFO] [1789563088.597304074] [controller_manager]: Configuring controller: 'arm_controller'
[gz-1] [INFO] [1789563088.597405878] [arm_controller]: No specific joint names are used for command interfaces. Using 'joints' parameter.
[gz-1] [INFO] [1789563088.597421265] [arm_controller]: Command interfaces are [position] and state interfaces are [position velocity].
[gz-1] [INFO] [1789563088.597440041] [arm_controller]: Using 'splines' interpolation method.
[gz-1] [INFO] [1789563088.600181412] [arm_controller]: Action status changes will be monitored at 20.00 Hz.
[gz-1] [INFO] [1789563088.613316657] [arm_controller]: Setting initial scaling factor to 1.000000
[gz-1] [INFO] [1789563088.613331537] [arm_controller]: No scaling interface set. This controller will not read speed scaling from the hardware.
[gz-1] [INFO] [1789563088.616589140] [controller_manager]: Activating controllers: [ arm_controller ]
[gz-1] [INFO] [1789563088.636881182] [controller_manager]: Successfully switched controllers!
[spawner-6] [INFO] [1789563088.658871488] [spawner_arm_controller]: Configured and activated arm_controller
[spawner-7] [INFO] [1789563088.754506495] [spawner_gripper_controller]: waiting for service /controller_manager/list_controllers to become available...
[INFO] [spawner-6]: process has finished cleanly [pid 57731]
[gz-1] [INFO] [1789563089.008436281] [controller_manager]: Loading controller : 'gripper_controller' of type 'joint_trajectory_controller/JointTrajectoryController'
[gz-1] [INFO] [1789563089.008502000] [controller_manager]: Loading controller 'gripper_controller'
[gz-1] [INFO] [1789563089.008788169] [controller_manager]: Controller 'gripper_controller' node arguments: --ros-args --params-file /home/lemma/so101_ws/install/so101_gazebo/share/so101_gazebo/config/controllers_position.yaml -p use_sim_time:=true --param use_sim_time:=true 
[spawner-7] [INFO] [1789563089.019790449] [spawner_gripper_controller]: Loaded gripper_controller
[gz-1] [INFO] [1789563089.020344236] [controller_manager]: Configuring controller: 'gripper_controller'
[gz-1] [INFO] [1789563089.020422571] [gripper_controller]: No specific joint names are used for command interfaces. Using 'joints' parameter.
[gz-1] [INFO] [1789563089.020434884] [gripper_controller]: Command interfaces are [position] and state interfaces are [position velocity].
[gz-1] [INFO] [1789563089.020439468] [gripper_controller]: Using 'splines' interpolation method.
[gz-1] [INFO] [1789563089.021016033] [gripper_controller]: Action status changes will be monitored at 20.00 Hz.
[gz-1] [INFO] [1789563089.022105457] [gripper_controller]: Setting initial scaling factor to 1.000000
[gz-1] [INFO] [1789563089.022114183] [gripper_controller]: No scaling interface set. This controller will not read speed scaling from the hardware.
[gz-1] [INFO] [1789563089.040168210] [controller_manager]: Activating controllers: [ gripper_controller ]
[gz-1] [INFO] [1789563089.059702757] [controller_manager]: Successfully switched controllers!
[spawner-7] [INFO] [1789563089.083026783] [spawner_gripper_controller]: Configured and activated gripper_controller
[INFO] [spawner-7]: process has finished cleanly [pid 57732]
[gz-1] [INFO] [1789563092.530966307] [arm_controller]: Received new action goal
[gz-1] [INFO] [1789563092.531015294] [arm_controller]: Accepted new action goal
[gz-1] [INFO] [1789563105.965514708] [arm_controller]: Goal reached, success!
[gz-1] [INFO] [1789563113.181195945] [controller_manager.pal_statistics]: Async messages lost 0
[gz-1] [INFO] [1789563113.181240884] [controller_manager.pal_statistics]: publish_async_failures_ 0
[gz-1] [INFO] [1789563113.182400082] [controller_manager.pal_statistics]: Async messages lost 0
[gz-1] [INFO] [1789563113.182406094] [controller_manager.pal_statistics]: publish_async_failures_ 0
[INFO] [gz-1]: process has finished cleanly [pid 57606]
