Training:   0%|          | 49/20000 [00:12<26:49, 12.40step/s]INFO 2026-09-12 15:01:33 ot_train.py:627 step:50 smpl:200 ep:0 epch:0.02 loss:16.646 grdn:367.800 lr:1.0e-05 updt_s:0.150 data_s:0.099 smp/s:16 l1_loss:0.808 kld_loss:1.584
Training:   0%|          | 99/20000 [00:16<26:45, 12.40step/s]INFO 2026-09-12 15:01:37 ot_train.py:627 step:100 smpl:400 ep:1 epch:0.05 loss:5.851 grdn:197.696 lr:1.0e-05 updt_s:0.077 data_s:0.003 smp/s:50 l1_loss:0.726 kld_loss:0.513
Training:   1%|          | 149/20000 [00:20<26:41, 12.39step/s]INFO 2026-09-12 15:01:41 ot_train.py:627 step:150 smpl:600 ep:1 epch:0.07 loss:4.791 grdn:167.821 lr:1.0e-05 updt_s:0.077 data_s:0.003 smp/s:50 l1_loss:0.676 kld_loss:0.411
Training:   1%|          | 199/20000 [00:24<26:34, 12.41step/s]INFO 2026-09-12 15:01:45 ot_train.py:627 step:200 smpl:800 ep:1 epch:0.09 loss:4.277 grdn:150.897 lr:1.0e-05 updt_s:0.077 data_s:0.003 smp/s:50 l1_loss:0.659 kld_loss:0.362
Training:   1%|          | 249/20000 [00:28<26:33, 12.40step/s]INFO 2026-09-12 15:01:49 ot_train.py:627 step:250 smpl:1K ep:2 epch:0.12 loss:3.940 grdn:140.190 lr:1.0e-05 updt_s:0.077 data_s:0.003 smp/s:50 l1_loss:0.624 kld_loss:0.332
Training:   1%|▏         | 299/20000 [00:32<26:32, 12.37step/s]INFO 2026-09-12 15:01:53 ot_train.py:627 step:300 smpl:1K ep:2 epch:0.14 loss:3.601 grdn:128.527 lr:1.0e-05 updt_s:0.077 data_s:0.003 smp/s:50 l1_loss:0.583 kld_loss:0.302
Training:   2%|▏         | 349/20000 [00:36<26:21, 12.43step/s]INFO 2026-09-12 15:01:57 ot_train.py:627 step:350 smpl:1K ep:2 epch:0.16 loss:3.284 grdn:120.676 lr:1.0e-05 updt_s:0.077 data_s:0.003 smp/s:50 l1_loss:0.537 kld_loss:0.275
Training:   2%|▏         | 399/20000 [00:40<26:16, 12.44step/s]INFO 2026-09-12 15:02:01 ot_train.py:627 step:400 smpl:2K ep:3 epch:0.19 loss:3.150 grdn:118.357 lr:1.0e-05 updt_s:0.077 data_s:0.003 smp/s:50 l1_loss:0.489 kld_loss:0.266
Training:   2%|▏         | 449/20000 [00:44<28:13, 11.54step/s]INFO 2026-09-12 15:02:06 ot_train.py:627 step:450 smpl:2K ep:3 epch:0.21 loss:3.090 grdn:114.231 lr:1.0e-05 updt_s:0.081 data_s:0.003 smp/s:47 l1_loss:0.492 kld_loss:0.260
Training:   2%|▏         | 499/20000 [00:48<26:39, 12.19step/s]INFO 2026-09-12 15:02:10 ot_train.py:627 step:500 smpl:2K ep:3 epch:0.23 loss:2.907 grdn:110.513 lr:1.0e-05 updt_s:0.079 data_s:0.003 smp/s:49 l1_loss:0.488 kld_loss:0.242
Training:   3%|▎         | 549/20000 [00:53<27:01, 11.99step/s]INFO 2026-09-12 15:02:14 ot_train.py:627 step:550 smpl:2K ep:4 epch:0.25 loss:2.793 grdn:109.836 lr:1.0e-05 updt_s:0.078 data_s:0.003 smp/s:49 l1_loss:0.485 kld_loss:0.231
Training:   3%|▎         | 599/20000 [00:57<26:55, 12.01step/s]INFO 2026-09-12 15:02:18 ot_train.py:627 step:600 smpl:2K ep:4 epch:0.28 loss:2.781 grdn:105.870 lr:1.0e-05 updt_s:0.080 data_s:0.003 smp/s:48 l1_loss:0.448 kld_loss:0.233
Training:   3%|▎         | 649/20000 [01:01<26:50, 12.02step/s]INFO 2026-09-12 15:02:22 ot_train.py:627 step:650 smpl:3K ep:5 epch:0.30 loss:2.677 grdn:106.182 lr:1.0e-05 updt_s:0.079 data_s:0.003 smp/s:49 l1_loss:0.453 kld_loss:0.222
Training:   3%|▎         | 699/20000 [01:05<27:55, 11.52step/s]INFO 2026-09-12 15:02:26 ot_train.py:627 step:700 smpl:3K ep:5 epch:0.32 loss:2.625 grdn:103.062 lr:1.0e-05 updt_s:0.080 data_s:0.003 smp/s:48 l1_loss:0.452 kld_loss:0.217
Training:   4%|▎         | 749/20000 [01:09<27:21, 11.73step/s]INFO 2026-09-12 15:02:31 ot_train.py:627 step:750 smpl:3K ep:5 epch:0.35 loss:2.542 grdn:99.240 lr:1.0e-05 updt_s:0.081 data_s:0.003 smp/s:47 l1_loss:0.439 kld_loss:0.210
Training:   4%|▍         | 799/20000 [01:13<26:11, 12.22step/s]INFO 2026-09-12 15:02:35 ot_train.py:627 step:800 smpl:3K ep:6 epch:0.37 loss:2.503 grdn:98.098 lr:1.0e-05 updt_s:0.079 data_s:0.003 smp/s:49 l1_loss:0.431 kld_loss:0.207
Training:   4%|▍         | 849/20000 [01:17<26:00, 12.28step/s]INFO 2026-09-12 15:02:39 ot_train.py:627 step:850 smpl:3K ep:6 epch:0.39 loss:2.441 grdn:96.043 lr:1.0e-05 updt_s:0.078 data_s:0.003 smp/s:49 l1_loss:0.414 kld_loss:0.203
Training:   4%|▍         | 899/20000 [01:21<25:56, 12.27step/s]INFO 2026-09-12 15:02:43 ot_train.py:627 step:900 smpl:4K ep:6 epch:0.42 loss:2.368 grdn:95.610 lr:1.0e-05 updt_s:0.078 data_s:0.003 smp/s:49 l1_loss:0.405 kld_loss:0.196
Training:   5%|▍         | 949/20000 [01:26<25:51, 12.28step/s]INFO 2026-09-12 15:02:47 ot_train.py:627 step:950 smpl:4K ep:7 epch:0.44 loss:2.362 grdn:94.081 lr:1.0e-05 updt_s:0.078 data_s:0.003 smp/s:49 l1_loss:0.415 kld_loss:0.195
Training:   5%|▍         | 999/20000 [01:30<25:54, 12.22step/s]INFO 2026-09-12 15:02:51 ot_train.py:627 step:1K smpl:4K ep:7 epch:0.46 loss:2.275 grdn:90.555 lr:1.0e-05 updt_s:0.078 data_s:0.003 smp/s:49 l1_loss:0.412 kld_loss:0.186
Training:   5%|▌         | 1049/20000 [01:34<25:59, 12.15step/s]INFO 2026-09-12 15:02:55 ot_train.py:627 step:1K smpl:4K ep:7 epch:0.49 loss:2.300 grdn:91.421 lr:1.0e-05 updt_s:0.078 data_s:0.003 smp/s:49 l1_loss:0.413 kld_loss:0.189
Training:   5%|▌         | 1099/20000 [01:38<25:59, 12.12step/s]INFO 2026-09-12 15:02:59 ot_train.py:627 step:1K smpl:4K ep:8 epch:0.51 loss:2.262 grdn:90.436 lr:1.0e-05 updt_s:0.079 data_s:0.003 smp/s:49 l1_loss:0.420 kld_loss:0.184
Training:   6%|▌         | 1149/20000 [01:42<25:31, 12.31step/s]INFO 2026-09-12 15:03:03 ot_train.py:627 step:1K smpl:5K ep:8 epch:0.53 loss:2.209 grdn:89.359 lr:1.0e-05 updt_s:0.078 data_s:0.003 smp/s:49 l1_loss:0.415 kld_loss:0.179
Training:   6%|▌         | 1199/20000 [01:46<25:43, 12.18step/s]INFO 2026-09-12 15:03:08 ot_train.py:627 step:1K smpl:5K ep:8 epch:0.56 loss:2.152 grdn:89.061 lr:1.0e-05 updt_s:0.079 data_s:0.003 smp/s:49 l1_loss:0.397 kld_loss:0.176
Training:   6%|▌         | 1249/20000 [01:50<25:36, 12.20step/s]INFO 2026-09-12 15:03:12 ot_train.py:627 step:1K smpl:5K ep:9 epch:0.58 loss:2.109 grdn:88.672 lr:1.0e-05 updt_s:0.078 data_s:0.003 smp/s:49 l1_loss:0.390 kld_loss:0.172
Training:   6%|▋         | 1299/20000 [01:54<25:25, 12.26step/s]INFO 2026-09-12 15:03:16 ot_train.py:627 step:1K smpl:5K ep:9 epch:0.60 loss:2.085 grdn:89.359 lr:1.0e-05 updt_s:0.078 data_s:0.003 smp/s:49 l1_loss:0.387 kld_loss:0.170
Training:   7%|▋         | 1349/20000 [01:58<25:24, 12.23step/s]INFO 2026-09-12 15:03:20 ot_train.py:627 step:1K smpl:5K ep:9 epch:0.62 loss:2.074 grdn:88.009 lr:1.0e-05 updt_s:0.078 data_s:0.003 smp/s:49 l1_loss:0.378 kld_loss:0.170
Training:   7%|▋         | 1399/20000 [02:02<25:24, 12.20step/s]INFO 2026-09-12 15:03:24 ot_train.py:627 step:1K smpl:6K ep:10 epch:0.65 loss:2.008 grdn:85.373 lr:1.0e-05 updt_s:0.079 data_s:0.003 smp/s:49 l1_loss:0.375 kld_loss:0.163
Training:   7%|▋         | 1449/20000 [02:07<25:00, 12.36step/s]INFO 2026-09-12 15:03:28 ot_train.py:627 step:1K smpl:6K ep:10 epch:0.67 loss:1.952 grdn:80.912 lr:1.0e-05 updt_s:0.078 data_s:0.003 smp/s:49 l1_loss:0.379 kld_loss:0.157
Training:   7%|▋         | 1499/20000 [02:11<25:51, 11.92step/s]INFO 2026-09-12 15:03:32 ot_train.py:627 step:2K smpl:6K ep:10 epch:0.69 loss:1.927 grdn:82.470 lr:1.0e-05 updt_s:0.079 data_s:0.003 smp/s:49 l1_loss:0.353 kld_loss:0.157
Training:   8%|▊         | 1549/20000 [02:15<25:52, 11.89step/s]INFO 2026-09-12 15:03:36 ot_train.py:627 step:2K smpl:6K ep:11 epch:0.72 loss:1.886 grdn:82.121 lr:1.0e-05 updt_s:0.081 data_s:0.003 smp/s:47 l1_loss:0.374 kld_loss:0.151
Training:   8%|▊         | 1599/20000 [02:19<25:56, 11.82step/s]INFO 2026-09-12 15:03:41 ot_train.py:627 step:2K smpl:6K ep:11 epch:0.74 loss:1.869 grdn:81.354 lr:1.0e-05 updt_s:0.081 data_s:0.003 smp/s:48 l1_loss:0.348 kld_loss:0.152
Training:   8%|▊         | 1649/20000 [02:23<25:51, 11.83step/s]INFO 2026-09-12 15:03:45 ot_train.py:627 step:2K smpl:7K ep:11 epch:0.76 loss:1.866 grdn:80.272 lr:1.0e-05 updt_s:0.081 data_s:0.003 smp/s:47 l1_loss:0.350 kld_loss:0.152
Training:   8%|▊         | 1699/20000 [02:28<25:44, 11.85step/s]INFO 2026-09-12 15:03:49 ot_train.py:627 step:2K smpl:7K ep:12 epch:0.79 loss:1.816 grdn:81.609 lr:1.0e-05 updt_s:0.081 data_s:0.003 smp/s:47 l1_loss:0.344 kld_loss:0.147
Training:   9%|▊         | 1749/20000 [02:32<24:55, 12.21step/s]INFO 2026-09-12 15:03:53 ot_train.py:627 step:2K smpl:7K ep:12 epch:0.81 loss:1.782 grdn:79.950 lr:1.0e-05 updt_s:0.081 data_s:0.003 smp/s:48 l1_loss:0.342 kld_loss:0.144
Training:   9%|▉         | 1799/20000 [02:36<25:28, 11.91step/s]INFO 2026-09-12 15:03:57 ot_train.py:627 step:2K smpl:7K ep:12 epch:0.83 loss:1.806 grdn:81.679 lr:1.0e-05 updt_s:0.080 data_s:0.003 smp/s:48 l1_loss:0.366 kld_loss:0.144
Training:   9%|▉         | 1849/20000 [02:40<25:27, 11.88step/s]INFO 2026-09-12 15:04:02 ot_train.py:627 step:2K smpl:7K ep:13 epch:0.86 loss:1.694 grdn:79.011 lr:1.0e-05 updt_s:0.081 data_s:0.003 smp/s:48 l1_loss:0.337 kld_loss:0.136
Training:   9%|▉         | 1899/20000 [02:44<25:17, 11.93step/s]INFO 2026-09-12 15:04:06 ot_train.py:627 step:2K smpl:8K ep:13 epch:0.88 loss:1.709 grdn:79.590 lr:1.0e-05 updt_s:0.079 data_s:0.003 smp/s:48 l1_loss:0.328 kld_loss:0.138
Training:  10%|▉         | 1949/20000 [02:48<25:23, 11.85step/s]INFO 2026-09-12 15:04:10 ot_train.py:627 step:2K smpl:8K ep:14 epch:0.90 loss:1.643 grdn:78.175 lr:1.0e-05 updt_s:0.080 data_s:0.003 smp/s:48 l1_loss:0.335 kld_loss:0.131
Training:  10%|▉         | 1999/20000 [02:53<24:06, 12.44step/s]INFO 2026-09-12 15:04:14 ot_train.py:627 step:2K smpl:8K ep:14 epch:0.93 loss:1.643 grdn:78.972 lr:1.0e-05 updt_s:0.079 data_s:0.003 smp/s:49 l1_loss:0.321 kld_loss:0.132
Training:  10%|█         | 2049/20000 [02:57<24:12, 12.36step/s]INFO 2026-09-12 15:04:18 ot_train.py:627 step:2K smpl:8K ep:14 epch:0.95 loss:1.614 grdn:74.742 lr:1.0e-05 updt_s:0.078 data_s:0.003 smp/s:49 l1_loss:0.332 kld_loss:0.128
Training:  10%|█         | 2099/20000 [03:01<25:14, 11.82step/s]INFO 2026-09-12 15:04:22 ot_train.py:627 step:2K smpl:8K ep:15 epch:0.97 loss:1.557 grdn:73.585 lr:1.0e-05 updt_s:0.080 data_s:0.003 smp/s:48 l1_loss:0.322 kld_loss:0.124
Training:  11%|█         | 2149/20000 [03:05<25:08, 11.83step/s]INFO 2026-09-12 15:04:26 ot_train.py:627 step:2K smpl:9K ep:15 epch:0.99 loss:1.553 grdn:73.605 lr:1.0e-05 updt_s:0.081 data_s:0.003 smp/s:48 l1_loss:0.321 kld_loss:0.123
Training:  11%|█         | 2199/20000 [03:11<24:06, 12.30step/s]INFO 2026-09-12 15:04:32 ot_train.py:627 step:2K smpl:9K ep:15 epch:1.02 loss:1.543 grdn:75.206 lr:1.0e-05 updt_s:0.110 data_s:0.006 smp/s:34 l1_loss:0.314 kld_loss:0.123
Training:  11%|█         | 2249/20000 [03:15<24:09, 12.25step/s]INFO 2026-09-12 15:04:36 ot_train.py:627 step:2K smpl:9K ep:16 epch:1.04 loss:1.495 grdn:72.724 lr:1.0e-05 updt_s:0.079 data_s:0.003 smp/s:48 l1_loss:0.309 kld_loss:0.119
Training:  11%|█▏        | 2299/20000 [03:19<25:02, 11.78step/s]INFO 2026-09-12 15:04:41 ot_train.py:627 step:2K smpl:9K ep:16 epch:1.06 loss:1.469 grdn:71.118 lr:1.0e-05 updt_s:0.081 data_s:0.003 smp/s:47 l1_loss:0.303 kld_loss:0.117
Training:  12%|█▏        | 2349/20000 [03:23<24:36, 11.95step/s]INFO 2026-09-12 15:04:45 ot_train.py:627 step:2K smpl:9K ep:16 epch:1.09 loss:1.434 grdn:70.739 lr:1.0e-05 updt_s:0.080 data_s:0.003 smp/s:48 l1_loss:0.301 kld_loss:0.113
Training:  12%|█▏        | 2399/20000 [03:28<24:04, 12.19step/s]INFO 2026-09-12 15:04:49 ot_train.py:627 step:2K smpl:10K ep:17 epch:1.11 loss:1.445 grdn:71.444 lr:1.0e-05 updt_s:0.080 data_s:0.003 smp/s:48 l1_loss:0.301 kld_loss:0.114
Training:  12%|█▏        | 2449/20000 [03:32<24:51, 11.77step/s]INFO 2026-09-12 15:04:53 ot_train.py:627 step:2K smpl:10K ep:17 epch:1.13 loss:1.375 grdn:67.863 lr:1.0e-05 updt_s:0.079 data_s:0.003 smp/s:48 l1_loss:0.298 kld_loss:0.108
Training:  12%|█▏        | 2499/20000 [03:36<23:45, 12.28step/s]INFO 2026-09-12 15:04:57 ot_train.py:627 step:2K smpl:10K ep:17 epch:1.16 loss:1.346 grdn:68.501 lr:1.0e-05 updt_s:0.078 data_s:0.003 smp/s:49 l1_loss:0.299 kld_loss:0.105
Training:  13%|█▎        | 2549/20000 [03:40<23:22, 12.44step/s]INFO 2026-09-12 15:05:01 ot_train.py:627 step:3K smpl:10K ep:18 epch:1.18 loss:1.327 grdn:64.940 lr:1.0e-05 updt_s:0.078 data_s:0.003 smp/s:49 l1_loss:0.293 kld_loss:0.103
Training:  13%|█▎        | 2599/20000 [03:44<23:20, 12.42step/s]INFO 2026-09-12 15:05:05 ot_train.py:627 step:3K smpl:10K ep:18 epch:1.20 loss:1.309 grdn:66.519 lr:1.0e-05 updt_s:0.077 data_s:0.003 smp/s:50 l1_loss:0.279 kld_loss:0.103
Training:  13%|█▎        | 2649/20000 [03:48<23:02, 12.55step/s]INFO 2026-09-12 15:05:09 ot_train.py:627 step:3K smpl:11K ep:18 epch:1.23 loss:1.334 grdn:69.329 lr:1.0e-05 updt_s:0.077 data_s:0.003 smp/s:50 l1_loss:0.287 kld_loss:0.105
Training:  13%|█▎        | 2699/20000 [03:52<24:24, 11.82step/s]INFO 2026-09-12 15:05:14 ot_train.py:627 step:3K smpl:11K ep:19 epch:1.25 loss:1.293 grdn:67.071 lr:1.0e-05 updt_s:0.079 data_s:0.003 smp/s:49 l1_loss:0.284 kld_loss:0.101
Training:  14%|█▎        | 2749/20000 [03:56<24:40, 11.65step/s]INFO 2026-09-12 15:05:18 ot_train.py:627 step:3K smpl:11K ep:19 epch:1.27 loss:1.265 grdn:65.324 lr:1.0e-05 updt_s:0.082 data_s:0.003 smp/s:47 l1_loss:0.294 kld_loss:0.097
Training:  14%|█▍        | 2799/20000 [04:01<24:40, 11.62step/s]INFO 2026-09-12 15:05:22 ot_train.py:627 step:3K smpl:11K ep:19 epch:1.30 loss:1.238 grdn:66.082 lr:1.0e-05 updt_s:0.082 data_s:0.003 smp/s:47 l1_loss:0.289 kld_loss:0.095
Training:  14%|█▍        | 2849/20000 [04:05<24:19, 11.75step/s]INFO 2026-09-12 15:05:26 ot_train.py:627 step:3K smpl:11K ep:20 epch:1.32 loss:1.184 grdn:62.770 lr:1.0e-05 updt_s:0.081 data_s:0.003 smp/s:47 l1_loss:0.279 kld_loss:0.090
Training:  14%|█▍        | 2899/20000 [04:09<24:12, 11.77step/s]INFO 2026-09-12 15:05:31 ot_train.py:627 step:3K smpl:12K ep:20 epch:1.34 loss:1.189 grdn:63.575 lr:1.0e-05 updt_s:0.081 data_s:0.003 smp/s:47 l1_loss:0.283 kld_loss:0.091
Training:  15%|█▍        | 2949/20000 [04:13<23:04, 12.32step/s]INFO 2026-09-12 15:05:35 ot_train.py:627 step:3K smpl:12K ep:20 epch:1.36 loss:1.195 grdn:64.575 lr:1.0e-05 updt_s:0.080 data_s:0.003 smp/s:48 l1_loss:0.284 kld_loss:0.091
Training:  15%|█▍        | 2999/20000 [04:18<24:04, 11.77step/s]INFO 2026-09-12 15:05:39 ot_train.py:627 step:3K smpl:12K ep:21 epch:1.39 loss:1.181 grdn:65.993 lr:1.0e-05 updt_s:0.081 data_s:0.003 smp/s:48 l1_loss:0.271 kld_loss:0.091
Training:  15%|█▌        | 3049/20000 [04:22<23:57, 11.79step/s]INFO 2026-09-12 15:05:43 ot_train.py:627 step:3K smpl:12K ep:21 epch:1.41 loss:1.138 grdn:61.840 lr:1.0e-05 updt_s:0.081 data_s:0.003 smp/s:48 l1_loss:0.283 kld_loss:0.086
Training:  15%|█▌        | 3099/20000 [04:26<22:57, 12.27step/s]INFO 2026-09-12 15:05:47 ot_train.py:627 step:3K smpl:12K ep:22 epch:1.43 loss:1.103 grdn:60.161 lr:1.0e-05 updt_s:0.078 data_s:0.003 smp/s:49 l1_loss:0.272 kld_loss:0.083
Training:  16%|█▌        | 3149/20000 [04:30<23:44, 11.83step/s]INFO 2026-09-12 15:05:52 ot_train.py:627 step:3K smpl:13K ep:22 epch:1.46 loss:1.105 grdn:60.705 lr:1.0e-05 updt_s:0.081 data_s:0.004 smp/s:47 l1_loss:0.273 kld_loss:0.083
Training:  16%|█▌        | 3199/20000 [04:34<23:43, 11.80step/s]INFO 2026-09-12 15:05:56 ot_train.py:627 step:3K smpl:13K ep:22 epch:1.48 loss:1.054 grdn:59.155 lr:1.0e-05 updt_s:0.081 data_s:0.003 smp/s:48 l1_loss:0.277 kld_loss:0.078
Training:  16%|█▌        | 3249/20000 [04:39<22:35, 12.36step/s]INFO 2026-09-12 15:06:00 ot_train.py:627 step:3K smpl:13K ep:23 epch:1.50 loss:1.060 grdn:60.443 lr:1.0e-05 updt_s:0.080 data_s:0.003 smp/s:48 l1_loss:0.265 kld_loss:0.080
Training:  16%|█▋        | 3299/20000 [04:43<23:11, 12.00step/s]INFO 2026-09-12 15:06:04 ot_train.py:627 step:3K smpl:13K ep:23 epch:1.53 loss:1.025 grdn:58.514 lr:1.0e-05 updt_s:0.080 data_s:0.004 smp/s:48 l1_loss:0.267 kld_loss:0.076
Training:  17%|█▋        | 3349/20000 [04:47<23:29, 11.81step/s]INFO 2026-09-12 15:06:08 ot_train.py:627 step:3K smpl:13K ep:23 epch:1.55 loss:1.005 grdn:57.921 lr:1.0e-05 updt_s:0.080 data_s:0.003 smp/s:48 l1_loss:0.270 kld_loss:0.074
Training:  17%|█▋        | 3399/20000 [04:51<23:24, 11.82step/s]INFO 2026-09-12 15:06:13 ot_train.py:627 step:3K smpl:14K ep:24 epch:1.57 loss:1.019 grdn:58.334 lr:1.0e-05 updt_s:0.081 data_s:0.003 smp/s:47 l1_loss:0.270 kld_loss:0.075
Training:  17%|█▋        | 3449/20000 [04:55<22:16, 12.38step/s]INFO 2026-09-12 15:06:17 ot_train.py:627 step:3K smpl:14K ep:24 epch:1.60 loss:0.975 grdn:56.569 lr:1.0e-05 updt_s:0.078 data_s:0.003 smp/s:49 l1_loss:0.250 kld_loss:0.073
Training:  17%|█▋        | 3499/20000 [04:59<22:11, 12.39step/s]INFO 2026-09-12 15:06:21 ot_train.py:627 step:4K smpl:14K ep:24 epch:1.62 loss:0.979 grdn:57.017 lr:1.0e-05 updt_s:0.077 data_s:0.003 smp/s:50 l1_loss:0.269 kld_loss:0.071
Training:  18%|█▊        | 3549/20000 [05:03<22:39, 12.10step/s]INFO 2026-09-12 15:06:25 ot_train.py:627 step:4K smpl:14K ep:25 epch:1.64 loss:0.943 grdn:54.956 lr:1.0e-05 updt_s:0.079 data_s:0.004 smp/s:49 l1_loss:0.258 kld_loss:0.069
Training:  18%|█▊        | 3599/20000 [05:08<22:38, 12.07step/s]INFO 2026-09-12 15:06:29 ot_train.py:627 step:4K smpl:14K ep:25 epch:1.67 loss:0.938 grdn:55.311 lr:1.0e-05 updt_s:0.080 data_s:0.004 smp/s:48 l1_loss:0.260 kld_loss:0.068
Training:  18%|█▊        | 3649/20000 [05:12<22:25, 12.15step/s]INFO 2026-09-12 15:06:33 ot_train.py:627 step:4K smpl:15K ep:25 epch:1.69 loss:0.934 grdn:55.721 lr:1.0e-05 updt_s:0.080 data_s:0.003 smp/s:48 l1_loss:0.263 kld_loss:0.067
Training:  18%|█▊        | 3699/20000 [05:16<22:20, 12.16step/s]INFO 2026-09-12 15:06:37 ot_train.py:627 step:4K smpl:15K ep:26 epch:1.71 loss:0.897 grdn:52.533 lr:1.0e-05 updt_s:0.079 data_s:0.004 smp/s:48 l1_loss:0.252 kld_loss:0.064
Training:  19%|█▊        | 3749/20000 [05:20<22:40, 11.94step/s]INFO 2026-09-12 15:06:42 ot_train.py:627 step:4K smpl:15K ep:26 epch:1.74 loss:0.911 grdn:54.438 lr:1.0e-05 updt_s:0.079 data_s:0.003 smp/s:49 l1_loss:0.264 kld_loss:0.065
Training:  19%|█▉        | 3799/20000 [05:24<22:06, 12.21step/s]INFO 2026-09-12 15:06:46 ot_train.py:627 step:4K smpl:15K ep:26 epch:1.76 loss:0.875 grdn:51.771 lr:1.0e-05 updt_s:0.080 data_s:0.003 smp/s:48 l1_loss:0.261 kld_loss:0.061
Training:  19%|█▉        | 3849/20000 [05:28<22:30, 11.96step/s]INFO 2026-09-12 15:06:50 ot_train.py:627 step:4K smpl:15K ep:27 epch:1.78 loss:0.855 grdn:50.647 lr:1.0e-05 updt_s:0.080 data_s:0.003 smp/s:48 l1_loss:0.254 kld_loss:0.060
Training:  19%|█▉        | 3899/20000 [05:33<22:26, 11.96step/s]INFO 2026-09-12 15:06:54 ot_train.py:627 step:4K smpl:16K ep:27 epch:1.80 loss:0.861 grdn:53.708 lr:1.0e-05 updt_s:0.080 data_s:0.003 smp/s:48 l1_loss:0.260 kld_loss:0.060
Training:  20%|█▉        | 3949/20000 [05:37<21:32, 12.42step/s]INFO 2026-09-12 15:06:58 ot_train.py:627 step:4K smpl:16K ep:27 epch:1.83 loss:0.830 grdn:52.236 lr:1.0e-05 updt_s:0.078 data_s:0.003 smp/s:49 l1_loss:0.250 kld_loss:0.058
Training:  20%|█▉        | 3999/20000 [05:41<22:27, 11.87step/s]INFO 2026-09-12 15:07:02 ot_train.py:627 step:4K smpl:16K ep:28 epch:1.85 loss:0.828 grdn:52.024 lr:1.0e-05 updt_s:0.081 data_s:0.004 smp/s:47 l1_loss:0.252 kld_loss:0.058
Training:  20%|██        | 4049/20000 [05:45<22:00, 12.08step/s]INFO 2026-09-12 15:07:07 ot_train.py:627 step:4K smpl:16K ep:28 epch:1.87 loss:0.810 grdn:49.668 lr:1.0e-05 updt_s:0.079 data_s:0.003 smp/s:49 l1_loss:0.242 kld_loss:0.057
Training:  20%|██        | 4099/20000 [05:49<21:41, 12.22step/s]INFO 2026-09-12 15:07:11 ot_train.py:627 step:4K smpl:16K ep:28 epch:1.90 loss:0.792 grdn:50.784 lr:1.0e-05 updt_s:0.080 data_s:0.004 smp/s:48 l1_loss:0.239 kld_loss:0.055
Training:  21%|██        | 4149/20000 [05:54<21:45, 12.14step/s]INFO 2026-09-12 15:07:15 ot_train.py:627 step:4K smpl:17K ep:29 epch:1.92 loss:0.782 grdn:50.653 lr:1.0e-05 updt_s:0.079 data_s:0.003 smp/s:48 l1_loss:0.251 kld_loss:0.053
Training:  21%|██        | 4199/20000 [05:58<22:08, 11.89step/s]INFO 2026-09-12 15:07:19 ot_train.py:627 step:4K smpl:17K ep:29 epch:1.94 loss:0.786 grdn:50.391 lr:1.0e-05 updt_s:0.079 data_s:0.004 smp/s:48 l1_loss:0.246 kld_loss:0.054
Training:  21%|██        | 4249/20000 [06:02<22:11, 11.83step/s]INFO 2026-09-12 15:07:23 ot_train.py:627 step:4K smpl:17K ep:29 epch:1.97 loss:0.780 grdn:50.242 lr:1.0e-05 updt_s:0.081 data_s:0.004 smp/s:47 l1_loss:0.252 kld_loss:0.053
Training:  21%|██▏       | 4299/20000 [06:06<22:14, 11.76step/s]INFO 2026-09-12 15:07:28 ot_train.py:627 step:4K smpl:17K ep:30 epch:1.99 loss:0.767 grdn:48.923 lr:1.0e-05 updt_s:0.080 data_s:0.003 smp/s:48 l1_loss:0.246 kld_loss:0.052
Training:  22%|██▏       | 4349/20000 [06:10<22:05, 11.80step/s]INFO 2026-09-12 15:07:32 ot_train.py:627 step:4K smpl:17K ep:30 epch:2.01 loss:0.743 grdn:49.123 lr:1.0e-05 updt_s:0.080 data_s:0.006 smp/s:47 l1_loss:0.237 kld_loss:0.051
Training:  22%|██▏       | 4399/20000 [06:15<21:33, 12.06step/s]INFO 2026-09-12 15:07:36 ot_train.py:627 step:4K smpl:18K ep:31 epch:2.04 loss:0.714 grdn:46.801 lr:1.0e-05 updt_s:0.081 data_s:0.003 smp/s:48 l1_loss:0.235 kld_loss:0.048
Training:  22%|██▏       | 4449/20000 [06:19<21:29, 12.06step/s]INFO 2026-09-12 15:07:40 ot_train.py:627 step:4K smpl:18K ep:31 epch:2.06 loss:0.717 grdn:46.795 lr:1.0e-05 updt_s:0.080 data_s:0.003 smp/s:48 l1_loss:0.245 kld_loss:0.047
Training:  22%|██▏       | 4499/20000 [06:23<20:51, 12.38step/s]INFO 2026-09-12 15:07:44 ot_train.py:627 step:4K smpl:18K ep:31 epch:2.08 loss:0.714 grdn:48.022 lr:1.0e-05 updt_s:0.078 data_s:0.003 smp/s:49 l1_loss:0.242 kld_loss:0.047
Training:  23%|██▎       | 4549/20000 [06:27<21:45, 11.84step/s]INFO 2026-09-12 15:07:48 ot_train.py:627 step:5K smpl:18K ep:32 epch:2.11 loss:0.681 grdn:45.339 lr:1.0e-05 updt_s:0.078 data_s:0.003 smp/s:49 l1_loss:0.234 kld_loss:0.045
Training:  23%|██▎       | 4599/20000 [06:31<21:43, 11.81step/s]INFO 2026-09-12 15:07:53 ot_train.py:627 step:5K smpl:18K ep:32 epch:2.13 loss:0.688 grdn:46.010 lr:1.0e-05 updt_s:0.080 data_s:0.003 smp/s:48 l1_loss:0.236 kld_loss:0.045
Training:  23%|██▎       | 4649/20000 [06:35<21:39, 11.81step/s]INFO 2026-09-12 15:07:57 ot_train.py:627 step:5K smpl:19K ep:32 epch:2.15 loss:0.681 grdn:46.012 lr:1.0e-05 updt_s:0.081 data_s:0.003 smp/s:47 l1_loss:0.235 kld_loss:0.045
Training:  23%|██▎       | 4699/20000 [06:40<21:36, 11.80step/s]INFO 2026-09-12 15:08:01 ot_train.py:627 step:5K smpl:19K ep:33 epch:2.17 loss:0.659 grdn:43.884 lr:1.0e-05 updt_s:0.081 data_s:0.003 smp/s:47 l1_loss:0.230 kld_loss:0.043
Training:  24%|██▎       | 4749/20000 [06:44<21:19, 11.91step/s]INFO 2026-09-12 15:08:05 ot_train.py:627 step:5K smpl:19K ep:33 epch:2.20 loss:0.654 grdn:44.932 lr:1.0e-05 updt_s:0.081 data_s:0.003 smp/s:47 l1_loss:0.231 kld_loss:0.042
Training:  24%|██▍       | 4799/20000 [06:48<21:24, 11.83step/s]INFO 2026-09-12 15:08:09 ot_train.py:627 step:5K smpl:19K ep:33 epch:2.22 loss:0.650 grdn:43.593 lr:1.0e-05 updt_s:0.081 data_s:0.003 smp/s:47 l1_loss:0.235 kld_loss:0.041
Training:  24%|██▍       | 4849/20000 [06:52<21:29, 11.75step/s]INFO 2026-09-12 15:08:14 ot_train.py:627 step:5K smpl:19K ep:34 epch:2.24 loss:0.632 grdn:44.180 lr:1.0e-05 updt_s:0.081 data_s:0.003 smp/s:47 l1_loss:0.235 kld_loss:0.040
Training:  24%|██▍       | 4899/20000 [06:56<21:14, 11.85step/s]INFO 2026-09-12 15:08:18 ot_train.py:627 step:5K smpl:20K ep:34 epch:2.27 loss:0.631 grdn:43.949 lr:1.0e-05 updt_s:0.080 data_s:0.003 smp/s:48 l1_loss:0.226 kld_loss:0.041
Training:  25%|██▍       | 4949/20000 [07:01<21:29, 11.68step/s]INFO 2026-09-12 15:08:22 ot_train.py:627 step:5K smpl:20K ep:34 epch:2.29 loss:0.615 grdn:43.137 lr:1.0e-05 updt_s:0.081 data_s:0.003 smp/s:47 l1_loss:0.226 kld_loss:0.039
Training:  25%|██▍       | 4999/20000 [07:05<21:10, 11.80step/s]INFO 2026-09-12 15:08:26 ot_train.py:627 step:5K smpl:20K ep:35 epch:2.31 loss:0.596 grdn:41.545 lr:1.0e-05 updt_s:0.081 data_s:0.003 smp/s:47 l1_loss:0.227 kld_loss:0.037
Training:  25%|██▌       | 5049/20000 [07:10<21:05, 11.81step/s]INFO 2026-09-12 15:08:31 ot_train.py:627 step:5K smpl:20K ep:35 epch:2.34 loss:0.608 grdn:43.016 lr:1.0e-05 updt_s:0.081 data_s:0.003 smp/s:47 l1_loss:0.221 kld_loss:0.039
Training:  25%|██▌       | 5099/20000 [07:14<21:06, 11.77step/s]INFO 2026-09-12 15:08:35 ot_train.py:627 step:5K smpl:20K ep:35 epch:2.36 loss:0.593 grdn:42.371 lr:1.0e-05 updt_s:0.081 data_s:0.003 smp/s:47 l1_loss:0.233 kld_loss:0.036
Training:  26%|██▌       | 5149/20000 [07:18<21:00, 11.78step/s]INFO 2026-09-12 15:08:40 ot_train.py:627 step:5K smpl:21K ep:36 epch:2.38 loss:0.574 grdn:40.226 lr:1.0e-05 updt_s:0.081 data_s:0.003 smp/s:47 l1_loss:0.230 kld_loss:0.034
Training:  26%|██▌       | 5199/20000 [07:22<20:53, 11.81step/s]INFO 2026-09-12 15:08:44 ot_train.py:627 step:5K smpl:21K ep:36 epch:2.41 loss:0.579 grdn:41.372 lr:1.0e-05 updt_s:0.080 data_s:0.003 smp/s:48 l1_loss:0.232 kld_loss:0.035
Training:  26%|██▌       | 5249/20000 [07:26<20:48, 11.81step/s]INFO 2026-09-12 15:08:48 ot_train.py:627 step:5K smpl:21K ep:36 epch:2.43 loss:0.562 grdn:41.935 lr:1.0e-05 updt_s:0.081 data_s:0.003 smp/s:47 l1_loss:0.227 kld_loss:0.034
Training:  26%|██▋       | 5299/20000 [07:31<20:44, 11.81step/s]INFO 2026-09-12 15:08:52 ot_train.py:627 step:5K smpl:21K ep:37 epch:2.45 loss:0.562 grdn:41.459 lr:1.0e-05 updt_s:0.081 data_s:0.003 smp/s:47 l1_loss:0.226 kld_loss:0.034
Training:  27%|██▋       | 5349/20000 [07:35<19:42, 12.38step/s]INFO 2026-09-12 15:08:56 ot_train.py:627 step:5K smpl:21K ep:37 epch:2.48 loss:0.554 grdn:39.530 lr:1.0e-05 updt_s:0.080 data_s:0.003 smp/s:48 l1_loss:0.225 kld_loss:0.033
Training:  27%|██▋       | 5399/20000 [07:39<19:38, 12.39step/s]INFO 2026-09-12 15:09:00 ot_train.py:627 step:5K smpl:22K ep:37 epch:2.50 loss:0.557 grdn:41.220 lr:1.0e-05 updt_s:0.077 data_s:0.003 smp/s:50 l1_loss:0.226 kld_loss:0.033
Training:  27%|██▋       | 5449/20000 [07:43<19:33, 12.40step/s]INFO 2026-09-12 15:09:04 ot_train.py:627 step:5K smpl:22K ep:38 epch:2.52 loss:0.529 grdn:38.818 lr:1.0e-05 updt_s:0.077 data_s:0.003 smp/s:50 l1_loss:0.222 kld_loss:0.031
Training:  27%|██▋       | 5499/20000 [07:47<19:27, 12.42step/s]INFO 2026-09-12 15:09:08 ot_train.py:627 step:6K smpl:22K ep:38 epch:2.54 loss:0.527 grdn:37.853 lr:1.0e-05 updt_s:0.077 data_s:0.003 smp/s:50 l1_loss:0.227 kld_loss:0.030
Training:  28%|██▊       | 5549/20000 [07:51<19:26, 12.39step/s]INFO 2026-09-12 15:09:12 ot_train.py:627 step:6K smpl:22K ep:39 epch:2.57 loss:0.523 grdn:38.028 lr:1.0e-05 updt_s:0.077 data_s:0.003 smp/s:50 l1_loss:0.221 kld_loss:0.030
Training:  28%|██▊       | 5599/20000 [07:55<19:25, 12.36step/s]INFO 2026-09-12 15:09:16 ot_train.py:627 step:6K smpl:22K ep:39 epch:2.59 loss:0.534 grdn:40.090 lr:1.0e-05 updt_s:0.077 data_s:0.004 smp/s:50 l1_loss:0.226 kld_loss:0.031
Training:  28%|██▊       | 5649/20000 [07:59<19:13, 12.44step/s]INFO 2026-09-12 15:09:21 ot_train.py:627 step:6K smpl:23K ep:39 epch:2.61 loss:0.514 grdn:37.353 lr:1.0e-05 updt_s:0.077 data_s:0.003 smp/s:50 l1_loss:0.223 kld_loss:0.029
Training:  28%|██▊       | 5699/20000 [08:03<19:08, 12.45step/s]INFO 2026-09-12 15:09:25 ot_train.py:627 step:6K smpl:23K ep:40 epch:2.64 loss:0.513 grdn:38.842 lr:1.0e-05 updt_s:0.077 data_s:0.003 smp/s:50 l1_loss:0.216 kld_loss:0.030
Training:  29%|██▊       | 5749/20000 [08:07<19:11, 12.38step/s]INFO 2026-09-12 15:09:29 ot_train.py:627 step:6K smpl:23K ep:40 epch:2.66 loss:0.501 grdn:37.409 lr:1.0e-05 updt_s:0.080 data_s:0.003 smp/s:48 l1_loss:0.217 kld_loss:0.028
Training:  29%|██▉       | 5799/20000 [08:11<19:07, 12.38step/s]INFO 2026-09-12 15:09:33 ot_train.py:627 step:6K smpl:23K ep:40 epch:2.68 loss:0.502 grdn:37.715 lr:1.0e-05 updt_s:0.077 data_s:0.003 smp/s:50 l1_loss:0.214 kld_loss:0.029
Training:  29%|██▉       | 5849/20000 [08:16<20:00, 11.78step/s]INFO 2026-09-12 15:09:37 ot_train.py:627 step:6K smpl:23K ep:41 epch:2.71 loss:0.487 grdn:36.136 lr:1.0e-05 updt_s:0.079 data_s:0.003 smp/s:48 l1_loss:0.213 kld_loss:0.027
Training:  29%|██▉       | 5899/20000 [08:20<18:56, 12.41step/s]INFO 2026-09-12 15:09:41 ot_train.py:627 step:6K smpl:24K ep:41 epch:2.73 loss:0.495 grdn:37.379 lr:1.0e-05 updt_s:0.078 data_s:0.003 smp/s:49 l1_loss:0.217 kld_loss:0.028
Training:  30%|██▉       | 5949/20000 [08:24<19:35, 11.95step/s]INFO 2026-09-12 15:09:45 ot_train.py:627 step:6K smpl:24K ep:41 epch:2.75 loss:0.477 grdn:36.104 lr:1.0e-05 updt_s:0.078 data_s:0.003 smp/s:49 l1_loss:0.213 kld_loss:0.026
Training:  30%|██▉       | 5999/20000 [08:28<19:43, 11.83step/s]INFO 2026-09-12 15:09:49 ot_train.py:627 step:6K smpl:24K ep:42 epch:2.78 loss:0.487 grdn:36.563 lr:1.0e-05 updt_s:0.081 data_s:0.003 smp/s:48 l1_loss:0.220 kld_loss:0.027
Training:  30%|███       | 6049/20000 [08:32<19:22, 12.00step/s]INFO 2026-09-12 15:09:54 ot_train.py:627 step:6K smpl:24K ep:42 epch:2.80 loss:0.457 grdn:34.827 lr:1.0e-05 updt_s:0.081 data_s:0.003 smp/s:48 l1_loss:0.212 kld_loss:0.024
Training:  30%|███       | 6099/20000 [08:36<19:22, 11.96step/s]INFO 2026-09-12 15:09:58 ot_train.py:627 step:6K smpl:24K ep:42 epch:2.82 loss:0.457 grdn:35.063 lr:1.0e-05 updt_s:0.079 data_s:0.003 smp/s:49 l1_loss:0.219 kld_loss:0.024
Training:  31%|███       | 6149/20000 [08:40<19:28, 11.85step/s]INFO 2026-09-12 15:10:02 ot_train.py:627 step:6K smpl:25K ep:43 epch:2.85 loss:0.454 grdn:34.249 lr:1.0e-05 updt_s:0.081 data_s:0.003 smp/s:48 l1_loss:0.215 kld_loss:0.024
Training:  31%|███       | 6199/20000 [08:45<19:17, 11.93step/s]INFO 2026-09-12 15:10:06 ot_train.py:627 step:6K smpl:25K ep:43 epch:2.87 loss:0.461 grdn:35.132 lr:1.0e-05 updt_s:0.080 data_s:0.003 smp/s:48 l1_loss:0.218 kld_loss:0.024
Training:  31%|███       | 6249/20000 [08:49<19:12, 11.93step/s]INFO 2026-09-12 15:10:10 ot_train.py:627 step:6K smpl:25K ep:43 epch:2.89 loss:0.450 grdn:35.527 lr:1.0e-05 updt_s:0.081 data_s:0.003 smp/s:48 l1_loss:0.218 kld_loss:0.023
Training:  31%|███▏      | 6299/20000 [08:53<19:19, 11.82step/s]INFO 2026-09-12 15:10:15 ot_train.py:627 step:6K smpl:25K ep:44 epch:2.91 loss:0.441 grdn:34.696 lr:1.0e-05 updt_s:0.081 data_s:0.003 smp/s:48 l1_loss:0.212 kld_loss:0.023
Training:  32%|███▏      | 6349/20000 [08:57<19:04, 11.93step/s]INFO 2026-09-12 15:10:19 ot_train.py:627 step:6K smpl:25K ep:44 epch:2.94 loss:0.444 grdn:34.603 lr:1.0e-05 updt_s:0.080 data_s:0.003 smp/s:48 l1_loss:0.220 kld_loss:0.022
Training:  32%|███▏      | 6399/20000 [09:01<18:45, 12.09step/s]INFO 2026-09-12 15:10:23 ot_train.py:627 step:6K smpl:26K ep:44 epch:2.96 loss:0.436 grdn:34.412 lr:1.0e-05 updt_s:0.079 data_s:0.003 smp/s:49 l1_loss:0.214 kld_loss:0.022
Training:  32%|███▏      | 6449/20000 [09:06<19:00, 11.88step/s]INFO 2026-09-12 15:10:27 ot_train.py:627 step:6K smpl:26K ep:45 epch:2.98 loss:0.432 grdn:33.929 lr:1.0e-05 updt_s:0.081 data_s:0.003 smp/s:48 l1_loss:0.216 kld_loss:0.022
Training:  32%|███▏      | 6499/20000 [09:10<19:01, 11.83step/s]INFO 2026-09-12 15:10:31 ot_train.py:627 step:6K smpl:26K ep:45 epch:3.01 loss:0.431 grdn:34.972 lr:1.0e-05 updt_s:0.079 data_s:0.005 smp/s:47 l1_loss:0.211 kld_loss:0.022
Training:  33%|███▎      | 6549/20000 [09:14<18:49, 11.91step/s]INFO 2026-09-12 15:10:35 ot_train.py:627 step:7K smpl:26K ep:45 epch:3.03 loss:0.409 grdn:32.640 lr:1.0e-05 updt_s:0.080 data_s:0.003 smp/s:48 l1_loss:0.203 kld_loss:0.021
Training:  33%|███▎      | 6599/20000 [09:18<18:40, 11.96step/s]INFO 2026-09-12 15:10:40 ot_train.py:627 step:7K smpl:26K ep:46 epch:3.05 loss:0.410 grdn:32.777 lr:1.0e-05 updt_s:0.080 data_s:0.003 smp/s:48 l1_loss:0.194 kld_loss:0.022
Training:  33%|███▎      | 6649/20000 [09:22<18:50, 11.81step/s]INFO 2026-09-12 15:10:44 ot_train.py:627 step:7K smpl:27K ep:46 epch:3.08 loss:0.417 grdn:33.475 lr:1.0e-05 updt_s:0.081 data_s:0.003 smp/s:48 l1_loss:0.204 kld_loss:0.021
Training:  33%|███▎      | 6699/20000 [09:27<18:12, 12.17step/s]INFO 2026-09-12 15:10:48 ot_train.py:627 step:7K smpl:27K ep:47 epch:3.10 loss:0.417 grdn:34.021 lr:1.0e-05 updt_s:0.080 data_s:0.003 smp/s:48 l1_loss:0.205 kld_loss:0.021
Training:  34%|███▎      | 6749/20000 [09:31<18:41, 11.81step/s]INFO 2026-09-12 15:10:52 ot_train.py:627 step:7K smpl:27K ep:47 epch:3.12 loss:0.395 grdn:31.424 lr:1.0e-05 updt_s:0.081 data_s:0.003 smp/s:48 l1_loss:0.199 kld_loss:0.020
Training:  34%|███▍      | 6799/20000 [09:35<18:40, 11.78step/s]INFO 2026-09-12 15:10:57 ot_train.py:627 step:7K smpl:27K ep:47 epch:3.15 loss:0.396 grdn:31.625 lr:1.0e-05 updt_s:0.082 data_s:0.003 smp/s:47 l1_loss:0.206 kld_loss:0.019
Training:  34%|███▍      | 6849/20000 [09:39<18:59, 11.54step/s]INFO 2026-09-12 15:11:01 ot_train.py:627 step:7K smpl:27K ep:48 epch:3.17 loss:0.415 grdn:34.213 lr:1.0e-05 updt_s:0.082 data_s:0.003 smp/s:47 l1_loss:0.205 kld_loss:0.021
Training:  34%|███▍      | 6899/20000 [09:44<18:32, 11.78step/s]INFO 2026-09-12 15:11:05 ot_train.py:627 step:7K smpl:28K ep:48 epch:3.19 loss:0.386 grdn:30.689 lr:1.0e-05 updt_s:0.082 data_s:0.003 smp/s:47 l1_loss:0.197 kld_loss:0.019
Training:  35%|███▍      | 6949/20000 [09:48<18:33, 11.72step/s]INFO 2026-09-12 15:11:09 ot_train.py:627 step:7K smpl:28K ep:48 epch:3.22 loss:0.385 grdn:30.645 lr:1.0e-05 updt_s:0.081 data_s:0.003 smp/s:47 l1_loss:0.196 kld_loss:0.019
Training:  35%|███▍      | 6999/20000 [09:52<18:20, 11.81step/s]INFO 2026-09-12 15:11:14 ot_train.py:627 step:7K smpl:28K ep:49 epch:3.24 loss:0.382 grdn:31.417 lr:1.0e-05 updt_s:0.082 data_s:0.003 smp/s:47 l1_loss:0.201 kld_loss:0.018
Training:  35%|███▌      | 7049/20000 [09:57<18:18, 11.79step/s]INFO 2026-09-12 15:11:18 ot_train.py:627 step:7K smpl:28K ep:49 epch:3.26 loss:0.380 grdn:30.704 lr:1.0e-05 updt_s:0.082 data_s:0.003 smp/s:47 l1_loss:0.199 kld_loss:0.018
Training:  35%|███▌      | 7099/20000 [10:01<18:08, 11.85step/s]INFO 2026-09-12 15:11:22 ot_train.py:627 step:7K smpl:28K ep:49 epch:3.29 loss:0.379 grdn:30.724 lr:1.0e-05 updt_s:0.081 data_s:0.003 smp/s:47 l1_loss:0.202 kld_loss:0.018
Training:  36%|███▌      | 7149/20000 [10:05<18:03, 11.86step/s]INFO 2026-09-12 15:11:26 ot_train.py:627 step:7K smpl:29K ep:50 epch:3.31 loss:0.382 grdn:31.900 lr:1.0e-05 updt_s:0.081 data_s:0.003 smp/s:47 l1_loss:0.202 kld_loss:0.018
Training:  36%|███▌      | 7199/20000 [10:09<17:56, 11.89step/s]INFO 2026-09-12 15:11:31 ot_train.py:627 step:7K smpl:29K ep:50 epch:3.33 loss:0.369 grdn:31.219 lr:1.0e-05 updt_s:0.081 data_s:0.003 smp/s:48 l1_loss:0.188 kld_loss:0.018
Training:  36%|███▌      | 7249/20000 [10:14<21:30,  9.88step/s]INFO 2026-09-12 15:11:35 ot_train.py:627 step:7K smpl:29K ep:50 epch:3.35 loss:0.370 grdn:31.169 lr:1.0e-05 updt_s:0.086 data_s:0.003 smp/s:45 l1_loss:0.195 kld_loss:0.017
Training:  36%|███▋      | 7300/20000 [10:22<37:55,  5.58step/s]INFO 2026-09-12 15:11:43 ot_train.py:627 step:7K smpl:29K ep:51 epch:3.38 loss:0.363 grdn:30.657 lr:1.0e-05 updt_s:0.156 data_s:0.004 smp/s:25 l1_loss:0.193 kld_loss:0.017
Training:  37%|███▋      | 7350/20000 [10:30<38:26,  5.48step/s]INFO 2026-09-12 15:11:52 ot_train.py:627 step:7K smpl:29K ep:51 epch:3.40 loss:0.356 grdn:29.454 lr:1.0e-05 updt_s:0.165 data_s:0.004 smp/s:24 l1_loss:0.193 kld_loss:0.016
Training:  37%|███▋      | 7399/20000 [10:36<22:09,  9.48step/s]INFO 2026-09-12 15:11:58 ot_train.py:627 step:7K smpl:30K ep:51 epch:3.42 loss:0.362 grdn:30.527 lr:1.0e-05 updt_s:0.117 data_s:0.003 smp/s:33 l1_loss:0.193 kld_loss:0.017
Training:  37%|███▋      | 7450/20000 [10:42<27:09,  7.70step/s]INFO 2026-09-12 15:12:03 ot_train.py:627 step:7K smpl:30K ep:52 epch:3.45 loss:0.351 grdn:30.354 lr:1.0e-05 updt_s:0.105 data_s:0.003 smp/s:37 l1_loss:0.189 kld_loss:0.016
Training:  38%|███▊      | 7500/20000 [10:55<55:14,  3.77step/s]INFO 2026-09-12 15:12:16 ot_train.py:627 step:8K smpl:30K ep:52 epch:3.47 loss:0.371 grdn:30.751 lr:1.0e-05 updt_s:0.252 data_s:0.004 smp/s:16 l1_loss:0.204 kld_loss:0.017
Training:  38%|███▊      | 7550/20000 [11:08<55:02,  3.77step/s]INFO 2026-09-12 15:12:29 ot_train.py:627 step:8K smpl:30K ep:52 epch:3.49 loss:0.342 grdn:29.953 lr:1.0e-05 updt_s:0.261 data_s:0.004 smp/s:15 l1_loss:0.189 kld_loss:0.015
Training:  38%|███▊      | 7600/20000 [11:22<54:06,  3.82step/s]INFO 2026-09-12 15:12:43 ot_train.py:627 step:8K smpl:30K ep:53 epch:3.52 loss:0.353 grdn:30.098 lr:1.0e-05 updt_s:0.279 data_s:0.004 smp/s:14 l1_loss:0.197 kld_loss:0.016
Training:  38%|███▊      | 7650/20000 [11:32<43:33,  4.72step/s]INFO 2026-09-12 15:12:53 ot_train.py:627 step:8K smpl:31K ep:53 epch:3.54 loss:0.347 grdn:28.633 lr:1.0e-05 updt_s:0.197 data_s:0.004 smp/s:20 l1_loss:0.197 kld_loss:0.015
Training:  38%|███▊      | 7700/20000 [11:43<44:41,  4.59step/s]INFO 2026-09-12 15:13:04 ot_train.py:627 step:8K smpl:31K ep:53 epch:3.56 loss:0.353 grdn:29.600 lr:1.0e-05 updt_s:0.210 data_s:0.004 smp/s:19 l1_loss:0.197 kld_loss:0.016
Training:  39%|███▉      | 7750/20000 [11:54<32:28,  6.29step/s]INFO 2026-09-12 15:13:15 ot_train.py:627 step:8K smpl:31K ep:54 epch:3.59 loss:0.349 grdn:30.802 lr:1.0e-05 updt_s:0.209 data_s:0.004 smp/s:19 l1_loss:0.195 kld_loss:0.015
Training:  39%|███▉      | 7800/20000 [12:05<56:52,  3.58step/s]INFO 2026-09-12 15:13:26 ot_train.py:627 step:8K smpl:31K ep:54 epch:3.61 loss:0.341 grdn:28.934 lr:1.0e-05 updt_s:0.219 data_s:0.004 smp/s:18 l1_loss:0.198 kld_loss:0.014
Training:  39%|███▉      | 7850/20000 [12:19<54:09,  3.74step/s]INFO 2026-09-12 15:13:40 ot_train.py:627 step:8K smpl:31K ep:54 epch:3.63 loss:0.333 grdn:27.888 lr:1.0e-05 updt_s:0.278 data_s:0.004 smp/s:14 l1_loss:0.186 kld_loss:0.015
Training:  40%|███▉      | 7900/20000 [12:32<53:43,  3.75step/s]INFO 2026-09-12 15:13:54 ot_train.py:627 step:8K smpl:32K ep:55 epch:3.66 loss:0.339 grdn:28.027 lr:1.0e-05 updt_s:0.267 data_s:0.004 smp/s:15 l1_loss:0.189 kld_loss:0.015
Training:  40%|███▉      | 7950/20000 [12:45<43:46,  4.59step/s]INFO 2026-09-12 15:14:06 ot_train.py:627 step:8K smpl:32K ep:55 epch:3.68 loss:0.332 grdn:27.893 lr:1.0e-05 updt_s:0.241 data_s:0.004 smp/s:16 l1_loss:0.186 kld_loss:0.015
Training:  40%|████      | 8000/20000 [12:56<45:21,  4.41step/s]INFO 2026-09-12 15:14:17 ot_train.py:627 step:8K smpl:32K ep:56 epch:3.70 loss:0.327 grdn:27.854 lr:1.0e-05 updt_s:0.212 data_s:0.004 smp/s:19 l1_loss:0.185 kld_loss:0.014
Training:  40%|████      | 8050/20000 [13:07<43:57,  4.53step/s]INFO 2026-09-12 15:14:28 ot_train.py:627 step:8K smpl:32K ep:56 epch:3.72 loss:0.344 grdn:29.720 lr:1.0e-05 updt_s:0.214 data_s:0.004 smp/s:18 l1_loss:0.198 kld_loss:0.015
Training:  40%|████      | 8100/20000 [13:18<55:55,  3.55step/s]INFO 2026-09-12 15:14:40 ot_train.py:627 step:8K smpl:32K ep:56 epch:3.75 loss:0.329 grdn:28.672 lr:1.0e-05 updt_s:0.225 data_s:0.004 smp/s:17 l1_loss:0.187 kld_loss:0.014
Training:  41%|████      | 8150/20000 [13:32<54:49,  3.60step/s]INFO 2026-09-12 15:14:54 ot_train.py:627 step:8K smpl:33K ep:57 epch:3.77 loss:0.322 grdn:29.058 lr:1.0e-05 updt_s:0.278 data_s:0.004 smp/s:14 l1_loss:0.184 kld_loss:0.014
Training:  41%|████      | 8200/20000 [13:46<54:54,  3.58step/s]INFO 2026-09-12 15:15:08 ot_train.py:627 step:8K smpl:33K ep:57 epch:3.79 loss:0.332 grdn:28.495 lr:1.0e-05 updt_s:0.277 data_s:0.004 smp/s:14 l1_loss:0.192 kld_loss:0.014
Training:  41%|████▏     | 8250/20000 [13:59<42:13,  4.64step/s]INFO 2026-09-12 15:15:20 ot_train.py:627 step:8K smpl:33K ep:57 epch:3.82 loss:0.318 grdn:27.431 lr:1.0e-05 updt_s:0.245 data_s:0.004 smp/s:16 l1_loss:0.182 kld_loss:0.014
Training:  42%|████▏     | 8300/20000 [14:10<41:27,  4.70step/s]INFO 2026-09-12 15:15:31 ot_train.py:627 step:8K smpl:33K ep:58 epch:3.84 loss:0.321 grdn:28.096 lr:1.0e-05 updt_s:0.210 data_s:0.004 smp/s:19 l1_loss:0.185 kld_loss:0.014
Training:  42%|████▏     | 8350/20000 [14:20<41:17,  4.70step/s]INFO 2026-09-12 15:15:42 ot_train.py:627 step:8K smpl:33K ep:58 epch:3.86 loss:0.320 grdn:27.600 lr:1.0e-05 updt_s:0.210 data_s:0.004 smp/s:19 l1_loss:0.189 kld_loss:0.013
Training:  42%|████▏     | 8400/20000 [14:31<41:03,  4.71step/s]INFO 2026-09-12 15:15:52 ot_train.py:627 step:8K smpl:34K ep:58 epch:3.89 loss:0.310 grdn:26.842 lr:1.0e-05 updt_s:0.209 data_s:0.004 smp/s:19 l1_loss:0.183 kld_loss:0.013
Training:  42%|████▏     | 8450/20000 [14:42<52:51,  3.64step/s]INFO 2026-09-12 15:16:03 ot_train.py:627 step:8K smpl:34K ep:59 epch:3.91 loss:0.327 grdn:28.626 lr:1.0e-05 updt_s:0.218 data_s:0.004 smp/s:18 l1_loss:0.191 kld_loss:0.014
Training:  42%|████▎     | 8500/20000 [14:56<52:19,  3.66step/s]INFO 2026-09-12 15:16:17 ot_train.py:627 step:8K smpl:34K ep:59 epch:3.93 loss:0.312 grdn:26.192 lr:1.0e-05 updt_s:0.262 data_s:0.004 smp/s:15 l1_loss:0.183 kld_loss:0.013
Training:  43%|████▎     | 8550/20000 [15:09<53:08,  3.59step/s]INFO 2026-09-12 15:16:30 ot_train.py:627 step:9K smpl:34K ep:59 epch:3.96 loss:0.308 grdn:27.280 lr:1.0e-05 updt_s:0.262 data_s:0.004 smp/s:15 l1_loss:0.184 kld_loss:0.012
Training:  43%|████▎     | 8600/20000 [15:22<47:28,  4.00step/s]INFO 2026-09-12 15:16:44 ot_train.py:627 step:9K smpl:34K ep:60 epch:3.98 loss:0.306 grdn:27.763 lr:1.0e-05 updt_s:0.263 data_s:0.004 smp/s:15 l1_loss:0.179 kld_loss:0.013
Training:  43%|████▎     | 8650/20000 [15:33<46:20,  4.08step/s]INFO 2026-09-12 15:16:55 ot_train.py:627 step:9K smpl:35K ep:60 epch:4.00 loss:0.305 grdn:26.934 lr:1.0e-05 updt_s:0.212 data_s:0.007 smp/s:18 l1_loss:0.185 kld_loss:0.012
Training:  44%|████▎     | 8700/20000 [15:44<41:16,  4.56step/s]INFO 2026-09-12 15:17:06 ot_train.py:627 step:9K smpl:35K ep:60 epch:4.03 loss:0.302 grdn:26.577 lr:1.0e-05 updt_s:0.216 data_s:0.004 smp/s:18 l1_loss:0.174 kld_loss:0.013
Training:  44%|████▍     | 8750/20000 [15:55<40:55,  4.58step/s]INFO 2026-09-12 15:17:17 ot_train.py:627 step:9K smpl:35K ep:61 epch:4.05 loss:0.296 grdn:25.904 lr:1.0e-05 updt_s:0.214 data_s:0.004 smp/s:18 l1_loss:0.178 kld_loss:0.012
Training:  44%|████▍     | 8800/20000 [16:06<39:54,  4.68step/s]INFO 2026-09-12 15:17:27 ot_train.py:627 step:9K smpl:35K ep:61 epch:4.07 loss:0.299 grdn:26.743 lr:1.0e-05 updt_s:0.212 data_s:0.004 smp/s:19 l1_loss:0.179 kld_loss:0.012
Training:  44%|████▍     | 8850/20000 [16:17<42:45,  4.35step/s]INFO 2026-09-12 15:17:38 ot_train.py:627 step:9K smpl:35K ep:61 epch:4.09 loss:0.309 grdn:27.255 lr:1.0e-05 updt_s:0.208 data_s:0.004 smp/s:19 l1_loss:0.182 kld_loss:0.013
Training:  44%|████▍     | 8900/20000 [16:31<51:45,  3.57step/s]INFO 2026-09-12 15:17:52 ot_train.py:627 step:9K smpl:36K ep:62 epch:4.12 loss:0.299 grdn:27.222 lr:1.0e-05 updt_s:0.274 data_s:0.004 smp/s:14 l1_loss:0.174 kld_loss:0.012
Training:  45%|████▍     | 8950/20000 [16:45<50:55,  3.62step/s]INFO 2026-09-12 15:18:06 ot_train.py:627 step:9K smpl:36K ep:62 epch:4.14 loss:0.297 grdn:26.766 lr:1.0e-05 updt_s:0.273 data_s:0.004 smp/s:14 l1_loss:0.177 kld_loss:0.012
Training:  45%|████▌     | 9000/20000 [16:58<40:27,  4.53step/s]INFO 2026-09-12 15:18:19 ot_train.py:627 step:9K smpl:36K ep:62 epch:4.16 loss:0.299 grdn:26.578 lr:1.0e-05 updt_s:0.266 data_s:0.005 smp/s:15 l1_loss:0.182 kld_loss:0.012
Training:  45%|████▌     | 9050/20000 [17:09<40:08,  4.55step/s]INFO 2026-09-12 15:18:30 ot_train.py:627 step:9K smpl:36K ep:63 epch:4.19 loss:0.286 grdn:25.483 lr:1.0e-05 updt_s:0.215 data_s:0.004 smp/s:18 l1_loss:0.173 kld_loss:0.011
Training:  46%|████▌     | 9100/20000 [17:20<39:06,  4.65step/s]INFO 2026-09-12 15:18:41 ot_train.py:627 step:9K smpl:36K ep:63 epch:4.21 loss:0.290 grdn:26.867 lr:1.0e-05 updt_s:0.213 data_s:0.004 smp/s:18 l1_loss:0.172 kld_loss:0.012
Training:  46%|████▌     | 9150/20000 [17:31<38:58,  4.64step/s]INFO 2026-09-12 15:18:52 ot_train.py:627 step:9K smpl:37K ep:64 epch:4.23 loss:0.287 grdn:25.828 lr:1.0e-05 updt_s:0.211 data_s:0.004 smp/s:19 l1_loss:0.176 kld_loss:0.011
Training:  46%|████▌     | 9200/20000 [17:41<36:12,  4.97step/s]INFO 2026-09-12 15:19:03 ot_train.py:627 step:9K smpl:37K ep:64 epch:4.26 loss:0.295 grdn:26.030 lr:1.0e-05 updt_s:0.205 data_s:0.004 smp/s:19 l1_loss:0.177 kld_loss:0.012
Training:  46%|████▋     | 9250/20000 [17:55<48:19,  3.71step/s]INFO 2026-09-12 15:19:16 ot_train.py:627 step:9K smpl:37K ep:64 epch:4.28 loss:0.293 grdn:26.060 lr:1.0e-05 updt_s:0.262 data_s:0.005 smp/s:15 l1_loss:0.174 kld_loss:0.012
Training:  46%|████▋     | 9300/20000 [18:09<1:00:58,  2.92step/s]INFO 2026-09-12 15:19:30 ot_train.py:627 step:9K smpl:37K ep:65 epch:4.30 loss:0.286 grdn:26.046 lr:1.0e-05 updt_s:0.275 data_s:0.004 smp/s:14 l1_loss:0.177 kld_loss:0.011
Training:  47%|████▋     | 9350/20000 [18:24<48:38,  3.65step/s]INFO 2026-09-12 15:19:45 ot_train.py:627 step:9K smpl:37K ep:65 epch:4.33 loss:0.283 grdn:26.059 lr:1.0e-05 updt_s:0.304 data_s:0.004 smp/s:13 l1_loss:0.173 kld_loss:0.011
Training:  47%|████▋     | 9400/20000 [18:37<39:50,  4.43step/s]INFO 2026-09-12 15:19:58 ot_train.py:627 step:9K smpl:38K ep:65 epch:4.35 loss:0.286 grdn:25.988 lr:1.0e-05 updt_s:0.256 data_s:0.004 smp/s:15 l1_loss:0.176 kld_loss:0.011
Training:  47%|████▋     | 9450/20000 [18:49<44:11,  3.98step/s]INFO 2026-09-12 15:20:10 ot_train.py:627 step:9K smpl:38K ep:66 epch:4.37 loss:0.284 grdn:26.213 lr:1.0e-05 updt_s:0.234 data_s:0.004 smp/s:17 l1_loss:0.174 kld_loss:0.011
Training:  48%|████▊     | 9500/20000 [19:01<41:09,  4.25step/s]INFO 2026-09-12 15:20:22 ot_train.py:627 step:10K smpl:38K ep:66 epch:4.40 loss:0.274 grdn:25.132 lr:1.0e-05 updt_s:0.228 data_s:0.004 smp/s:17 l1_loss:0.170 kld_loss:0.010
Training:  48%|████▊     | 9550/20000 [19:14<47:31,  3.66step/s]INFO 2026-09-12 15:20:36 ot_train.py:627 step:10K smpl:38K ep:66 epch:4.42 loss:0.273 grdn:24.790 lr:1.0e-05 updt_s:0.266 data_s:0.004 smp/s:15 l1_loss:0.169 kld_loss:0.010
Training:  48%|████▊     | 9600/20000 [19:28<45:53,  3.78step/s]INFO 2026-09-12 15:20:49 ot_train.py:627 step:10K smpl:38K ep:67 epch:4.44 loss:0.272 grdn:25.564 lr:1.0e-05 updt_s:0.265 data_s:0.004 smp/s:15 l1_loss:0.168 kld_loss:0.010
Training:  48%|████▊     | 9650/20000 [19:41<48:11,  3.58step/s]INFO 2026-09-12 15:21:03 ot_train.py:627 step:10K smpl:39K ep:67 epch:4.47 loss:0.270 grdn:25.707 lr:1.0e-05 updt_s:0.266 data_s:0.004 smp/s:15 l1_loss:0.165 kld_loss:0.010
Training:  48%|████▊     | 9700/20000 [19:52<37:09,  4.62step/s]INFO 2026-09-12 15:21:14 ot_train.py:627 step:10K smpl:39K ep:67 epch:4.49 loss:0.270 grdn:24.931 lr:1.0e-05 updt_s:0.218 data_s:0.004 smp/s:18 l1_loss:0.171 kld_loss:0.010
Training:  49%|████▉     | 9750/20000 [20:03<37:06,  4.60step/s]INFO 2026-09-12 15:21:25 ot_train.py:627 step:10K smpl:39K ep:68 epch:4.51 loss:0.267 grdn:24.447 lr:1.0e-05 updt_s:0.211 data_s:0.004 smp/s:19 l1_loss:0.170 kld_loss:0.010
Training:  49%|████▉     | 9800/20000 [20:14<36:25,  4.67step/s]INFO 2026-09-12 15:21:35 ot_train.py:627 step:10K smpl:39K ep:68 epch:4.53 loss:0.261 grdn:24.020 lr:1.0e-05 updt_s:0.214 data_s:0.004 smp/s:18 l1_loss:0.165 kld_loss:0.010
Training:  49%|████▉     | 9850/20000 [20:25<36:15,  4.67step/s]INFO 2026-09-12 15:21:46 ot_train.py:627 step:10K smpl:39K ep:68 epch:4.56 loss:0.276 grdn:24.526 lr:1.0e-05 updt_s:0.210 data_s:0.004 smp/s:19 l1_loss:0.177 kld_loss:0.010
Training:  50%|████▉     | 9900/20000 [20:38<44:59,  3.74step/s]INFO 2026-09-12 15:21:59 ot_train.py:627 step:10K smpl:40K ep:69 epch:4.58 loss:0.275 grdn:26.234 lr:1.0e-05 updt_s:0.255 data_s:0.004 smp/s:15 l1_loss:0.173 kld_loss:0.010
Training:  50%|████▉     | 9950/20000 [20:51<44:15,  3.78step/s]INFO 2026-09-12 15:22:13 ot_train.py:627 step:10K smpl:40K ep:69 epch:4.60 loss:0.259 grdn:24.359 lr:1.0e-05 updt_s:0.262 data_s:0.005 smp/s:15 l1_loss:0.168 kld_loss:0.009
Training:  50%|█████     | 10000/20000 [21:04<45:58,  3.63step/s]INFO 2026-09-12 15:22:26 ot_train.py:627 step:10K smpl:40K ep:69 epch:4.63 loss:0.260 grdn:24.938 lr:1.0e-05 updt_s:0.261 data_s:0.004 smp/s:15 l1_loss:0.169 kld_loss:0.009
Training:  50%|█████     | 10050/20000 [21:16<35:32,  4.67step/s]INFO 2026-09-12 15:22:38 ot_train.py:627 step:10K smpl:40K ep:70 epch:4.65 loss:0.263 grdn:24.880 lr:1.0e-05 updt_s:0.223 data_s:0.004 smp/s:18 l1_loss:0.169 kld_loss:0.009
Training:  50%|█████     | 10100/20000 [21:27<35:06,  4.70step/s]INFO 2026-09-12 15:22:48 ot_train.py:627 step:10K smpl:40K ep:70 epch:4.67 loss:0.255 grdn:23.642 lr:1.0e-05 updt_s:0.209 data_s:0.004 smp/s:19 l1_loss:0.166 kld_loss:0.009
Training:  51%|█████     | 10150/20000 [21:38<34:54,  4.70step/s]INFO 2026-09-12 15:22:59 ot_train.py:627 step:10K smpl:41K ep:70 epch:4.70 loss:0.259 grdn:24.034 lr:1.0e-05 updt_s:0.209 data_s:0.004 smp/s:19 l1_loss:0.169 kld_loss:0.009
Training:  51%|█████     | 10200/20000 [21:48<34:45,  4.70step/s]INFO 2026-09-12 15:23:10 ot_train.py:627 step:10K smpl:41K ep:71 epch:4.72 loss:0.255 grdn:23.718 lr:1.0e-05 updt_s:0.209 data_s:0.004 smp/s:19 l1_loss:0.162 kld_loss:0.009
Training:  51%|█████▏    | 10250/20000 [22:00<42:14,  3.85step/s]INFO 2026-09-12 15:23:22 ot_train.py:627 step:10K smpl:41K ep:71 epch:4.74 loss:0.264 grdn:24.713 lr:1.0e-05 updt_s:0.236 data_s:0.004 smp/s:17 l1_loss:0.169 kld_loss:0.009
Training:  52%|█████▏    | 10300/20000 [22:14<45:06,  3.58step/s]INFO 2026-09-12 15:23:35 ot_train.py:627 step:10K smpl:41K ep:71 epch:4.77 loss:0.258 grdn:24.259 lr:1.0e-05 updt_s:0.266 data_s:0.004 smp/s:15 l1_loss:0.166 kld_loss:0.009
Training:  52%|█████▏    | 10350/20000 [22:27<44:15,  3.63step/s]INFO 2026-09-12 15:23:49 ot_train.py:627 step:10K smpl:41K ep:72 epch:4.79 loss:0.254 grdn:23.728 lr:1.0e-05 updt_s:0.262 data_s:0.004 smp/s:15 l1_loss:0.162 kld_loss:0.009
Training:  52%|█████▏    | 10400/20000 [22:40<33:59,  4.71step/s]INFO 2026-09-12 15:24:01 ot_train.py:627 step:10K smpl:42K ep:72 epch:4.81 loss:0.262 grdn:25.100 lr:1.0e-05 updt_s:0.245 data_s:0.004 smp/s:16 l1_loss:0.166 kld_loss:0.010
Training:  52%|█████▏    | 10450/20000 [22:51<38:46,  4.11step/s]INFO 2026-09-12 15:24:12 ot_train.py:627 step:10K smpl:42K ep:73 epch:4.84 loss:0.254 grdn:23.853 lr:1.0e-05 updt_s:0.220 data_s:0.004 smp/s:18 l1_loss:0.164 kld_loss:0.009
Training:  52%|█████▎    | 10500/20000 [23:03<35:01,  4.52step/s]INFO 2026-09-12 15:24:24 ot_train.py:627 step:10K smpl:42K ep:73 epch:4.86 loss:0.260 grdn:24.267 lr:1.0e-05 updt_s:0.230 data_s:0.004 smp/s:17 l1_loss:0.168 kld_loss:0.009
Training:  53%|█████▎    | 10550/20000 [23:14<39:59,  3.94step/s]INFO 2026-09-12 15:24:36 ot_train.py:627 step:11K smpl:42K ep:73 epch:4.88 loss:0.252 grdn:23.576 lr:1.0e-05 updt_s:0.230 data_s:0.004 smp/s:17 l1_loss:0.163 kld_loss:0.009
Training:  53%|█████▎    | 10600/20000 [23:27<40:39,  3.85step/s]INFO 2026-09-12 15:24:49 ot_train.py:627 step:11K smpl:42K ep:74 epch:4.90 loss:0.248 grdn:23.219 lr:1.0e-05 updt_s:0.255 data_s:0.004 smp/s:15 l1_loss:0.164 kld_loss:0.008
Training:  53%|█████▎    | 10650/20000 [23:41<39:50,  3.91step/s]INFO 2026-09-12 15:25:03 ot_train.py:627 step:11K smpl:43K ep:74 epch:4.93 loss:0.251 grdn:23.680 lr:1.0e-05 updt_s:0.271 data_s:0.004 smp/s:15 l1_loss:0.165 kld_loss:0.009
Training:  54%|█████▎    | 10700/20000 [23:55<47:20,  3.27step/s]INFO 2026-09-12 15:25:16 ot_train.py:627 step:11K smpl:43K ep:74 epch:4.95 loss:0.254 grdn:24.220 lr:1.0e-05 updt_s:0.267 data_s:0.004 smp/s:15 l1_loss:0.169 kld_loss:0.008
Training:  54%|█████▍    | 10750/20000 [24:07<33:34,  4.59step/s]INFO 2026-09-12 15:25:28 ot_train.py:627 step:11K smpl:43K ep:75 epch:4.97 loss:0.239 grdn:22.756 lr:1.0e-05 updt_s:0.235 data_s:0.004 smp/s:17 l1_loss:0.158 kld_loss:0.008
Training:  54%|█████▍    | 10800/20000 [24:19<36:27,  4.21step/s]INFO 2026-09-12 15:25:40 ot_train.py:627 step:11K smpl:43K ep:75 epch:5.00 loss:0.245 grdn:23.563 lr:1.0e-05 updt_s:0.230 data_s:0.004 smp/s:17 l1_loss:0.162 kld_loss:0.008
Training:  54%|█████▍    | 10850/20000 [24:30<32:37,  4.68step/s]INFO 2026-09-12 15:25:51 ot_train.py:627 step:11K smpl:43K ep:75 epch:5.02 loss:0.244 grdn:22.743 lr:1.0e-05 updt_s:0.214 data_s:0.007 smp/s:18 l1_loss:0.163 kld_loss:0.008
Training:  55%|█████▍    | 10900/20000 [24:40<32:20,  4.69step/s]INFO 2026-09-12 15:26:02 ot_train.py:627 step:11K smpl:44K ep:76 epch:5.04 loss:0.246 grdn:23.926 lr:1.0e-05 updt_s:0.209 data_s:0.004 smp/s:19 l1_loss:0.159 kld_loss:0.009
Training:  55%|█████▍    | 10950/20000 [24:53<37:44,  4.00step/s]INFO 2026-09-12 15:26:14 ot_train.py:627 step:11K smpl:44K ep:76 epch:5.07 loss:0.238 grdn:23.372 lr:1.0e-05 updt_s:0.245 data_s:0.004 smp/s:16 l1_loss:0.159 kld_loss:0.008
Training:  55%|█████▌    | 11000/20000 [25:06<40:47,  3.68step/s]INFO 2026-09-12 15:26:28 ot_train.py:627 step:11K smpl:44K ep:76 epch:5.09 loss:0.237 grdn:22.784 lr:1.0e-05 updt_s:0.264 data_s:0.004 smp/s:15 l1_loss:0.156 kld_loss:0.008
Training:  55%|█████▌    | 11050/20000 [25:20<39:28,  3.78step/s]INFO 2026-09-12 15:26:41 ot_train.py:627 step:11K smpl:44K ep:77 epch:5.11 loss:0.242 grdn:22.518 lr:1.0e-05 updt_s:0.262 data_s:0.004 smp/s:15 l1_loss:0.160 kld_loss:0.008
Training:  56%|█████▌    | 11100/20000 [25:32<31:38,  4.69step/s]INFO 2026-09-12 15:26:53 ot_train.py:627 step:11K smpl:44K ep:77 epch:5.14 loss:0.232 grdn:21.393 lr:1.0e-05 updt_s:0.237 data_s:0.005 smp/s:17 l1_loss:0.156 kld_loss:0.008
Training:  56%|█████▌    | 11150/20000 [25:43<31:18,  4.71step/s]INFO 2026-09-12 15:27:04 ot_train.py:627 step:11K smpl:45K ep:77 epch:5.16 loss:0.239 grdn:22.628 lr:1.0e-05 updt_s:0.213 data_s:0.004 smp/s:18 l1_loss:0.159 kld_loss:0.008
Training:  56%|█████▌    | 11200/20000 [25:54<31:24,  4.67step/s]INFO 2026-09-12 15:27:15 ot_train.py:627 step:11K smpl:45K ep:78 epch:5.18 loss:0.242 grdn:23.736 lr:1.0e-05 updt_s:0.213 data_s:0.004 smp/s:18 l1_loss:0.159 kld_loss:0.008
Training:  56%|█████▋    | 11250/20000 [26:04<31:06,  4.69step/s]INFO 2026-09-12 15:27:26 ot_train.py:627 step:11K smpl:45K ep:78 epch:5.21 loss:0.233 grdn:22.411 lr:1.0e-05 updt_s:0.210 data_s:0.004 smp/s:19 l1_loss:0.154 kld_loss:0.008
Training:  56%|█████▋    | 11300/20000 [26:16<39:56,  3.63step/s]INFO 2026-09-12 15:27:38 ot_train.py:627 step:11K smpl:45K ep:78 epch:5.23 loss:0.228 grdn:22.333 lr:1.0e-05 updt_s:0.240 data_s:0.004 smp/s:16 l1_loss:0.152 kld_loss:0.008
Training:  57%|█████▋    | 11350/20000 [26:30<38:07,  3.78step/s]INFO 2026-09-12 15:27:51 ot_train.py:627 step:11K smpl:45K ep:79 epch:5.25 loss:0.233 grdn:23.217 lr:1.0e-05 updt_s:0.262 data_s:0.004 smp/s:15 l1_loss:0.152 kld_loss:0.008
Training:  57%|█████▋    | 11400/20000 [26:43<37:41,  3.80step/s]INFO 2026-09-12 15:28:05 ot_train.py:627 step:11K smpl:46K ep:79 epch:5.27 loss:0.235 grdn:22.769 lr:1.0e-05 updt_s:0.267 data_s:0.004 smp/s:15 l1_loss:0.155 kld_loss:0.008
Training:  57%|█████▋    | 11450/20000 [26:56<30:17,  4.70step/s]INFO 2026-09-12 15:28:17 ot_train.py:627 step:11K smpl:46K ep:79 epch:5.30 loss:0.231 grdn:22.808 lr:1.0e-05 updt_s:0.240 data_s:0.004 smp/s:16 l1_loss:0.157 kld_loss:0.007
Training:  57%|█████▊    | 11500/20000 [27:06<30:30,  4.64step/s]INFO 2026-09-12 15:28:28 ot_train.py:627 step:12K smpl:46K ep:80 epch:5.32 loss:0.226 grdn:21.967 lr:1.0e-05 updt_s:0.210 data_s:0.004 smp/s:19 l1_loss:0.152 kld_loss:0.007
Training:  58%|█████▊    | 11550/20000 [27:17<30:59,  4.54step/s]INFO 2026-09-12 15:28:38 ot_train.py:627 step:12K smpl:46K ep:80 epch:5.34 loss:0.231 grdn:22.334 lr:1.0e-05 updt_s:0.209 data_s:0.004 smp/s:19 l1_loss:0.155 kld_loss:0.008
Training:  58%|█████▊    | 11600/20000 [27:28<29:44,  4.71step/s]INFO 2026-09-12 15:28:49 ot_train.py:627 step:12K smpl:46K ep:81 epch:5.37 loss:0.230 grdn:22.423 lr:1.0e-05 updt_s:0.208 data_s:0.004 smp/s:19 l1_loss:0.156 kld_loss:0.007
Training:  58%|█████▊    | 11650/20000 [27:40<38:19,  3.63step/s]INFO 2026-09-12 15:29:02 ot_train.py:627 step:12K smpl:47K ep:81 epch:5.39 loss:0.232 grdn:22.509 lr:1.0e-05 updt_s:0.250 data_s:0.004 smp/s:16 l1_loss:0.159 kld_loss:0.007
Training:  58%|█████▊    | 11700/20000 [27:54<38:09,  3.63step/s]INFO 2026-09-12 15:29:15 ot_train.py:627 step:12K smpl:47K ep:81 epch:5.41 loss:0.230 grdn:21.904 lr:1.0e-05 updt_s:0.262 data_s:0.004 smp/s:15 l1_loss:0.156 kld_loss:0.007
Training:  59%|█████▉    | 11750/20000 [28:07<37:00,  3.71step/s]INFO 2026-09-12 15:29:28 ot_train.py:627 step:12K smpl:47K ep:82 epch:5.44 loss:0.230 grdn:22.679 lr:1.0e-05 updt_s:0.262 data_s:0.004 smp/s:15 l1_loss:0.158 kld_loss:0.007
Training:  59%|█████▉    | 11800/20000 [28:19<29:08,  4.69step/s]INFO 2026-09-12 15:29:40 ot_train.py:627 step:12K smpl:47K ep:82 epch:5.46 loss:0.228 grdn:22.060 lr:1.0e-05 updt_s:0.234 data_s:0.004 smp/s:17 l1_loss:0.153 kld_loss:0.008
Training:  59%|█████▉    | 11850/20000 [28:30<29:01,  4.68step/s]INFO 2026-09-12 15:29:51 ot_train.py:627 step:12K smpl:47K ep:82 epch:5.48 loss:0.230 grdn:22.247 lr:1.0e-05 updt_s:0.210 data_s:0.004 smp/s:19 l1_loss:0.156 kld_loss:0.007
Training:  60%|█████▉    | 11900/20000 [28:41<28:50,  4.68step/s]INFO 2026-09-12 15:30:02 ot_train.py:627 step:12K smpl:48K ep:83 epch:5.51 loss:0.230 grdn:22.087 lr:1.0e-05 updt_s:0.210 data_s:0.004 smp/s:19 l1_loss:0.158 kld_loss:0.007
Training:  60%|█████▉    | 11950/20000 [28:51<28:38,  4.69step/s]INFO 2026-09-12 15:30:13 ot_train.py:627 step:12K smpl:48K ep:83 epch:5.53 loss:0.227 grdn:21.946 lr:1.0e-05 updt_s:0.209 data_s:0.004 smp/s:19 l1_loss:0.153 kld_loss:0.007
Training:  60%|██████    | 12000/20000 [29:02<28:24,  4.69step/s]INFO 2026-09-12 15:30:23 ot_train.py:627 step:12K smpl:48K ep:83 epch:5.55 loss:0.230 grdn:22.031 lr:1.0e-05 updt_s:0.209 data_s:0.004 smp/s:19 l1_loss:0.160 kld_loss:0.007
Training:  60%|██████    | 12050/20000 [29:15<34:35,  3.83step/s]INFO 2026-09-12 15:30:36 ot_train.py:627 step:12K smpl:48K ep:84 epch:5.58 loss:0.225 grdn:22.193 lr:1.0e-05 updt_s:0.252 data_s:0.005 smp/s:16 l1_loss:0.152 kld_loss:0.007
Training:  60%|██████    | 12100/20000 [29:28<36:21,  3.62step/s]INFO 2026-09-12 15:30:50 ot_train.py:627 step:12K smpl:48K ep:84 epch:5.60 loss:0.225 grdn:22.274 lr:1.0e-05 updt_s:0.264 data_s:0.004 smp/s:15 l1_loss:0.154 kld_loss:0.007
Training:  61%|██████    | 12150/20000 [29:42<36:31,  3.58step/s]INFO 2026-09-12 15:31:03 ot_train.py:627 step:12K smpl:49K ep:84 epch:5.62 loss:0.217 grdn:21.724 lr:1.0e-05 updt_s:0.263 data_s:0.004 smp/s:15 l1_loss:0.146 kld_loss:0.007
Training:  61%|██████    | 12200/20000 [29:53<27:41,  4.69step/s]INFO 2026-09-12 15:31:15 ot_train.py:627 step:12K smpl:49K ep:85 epch:5.64 loss:0.221 grdn:21.550 lr:1.0e-05 updt_s:0.231 data_s:0.004 smp/s:17 l1_loss:0.153 kld_loss:0.007
Training:  61%|██████▏   | 12250/20000 [30:04<27:34,  4.68step/s]INFO 2026-09-12 15:31:25 ot_train.py:627 step:12K smpl:49K ep:85 epch:5.67 loss:0.225 grdn:21.601 lr:1.0e-05 updt_s:0.210 data_s:0.004 smp/s:19 l1_loss:0.156 kld_loss:0.007
Training:  62%|██████▏   | 12300/20000 [30:15<27:25,  4.68step/s]INFO 2026-09-12 15:31:36 ot_train.py:627 step:12K smpl:49K ep:85 epch:5.69 loss:0.225 grdn:21.798 lr:1.0e-05 updt_s:0.210 data_s:0.004 smp/s:19 l1_loss:0.154 kld_loss:0.007
Training:  62%|██████▏   | 12350/20000 [30:25<27:15,  4.68step/s]INFO 2026-09-12 15:31:47 ot_train.py:627 step:12K smpl:49K ep:86 epch:5.71 loss:0.214 grdn:19.857 lr:1.0e-05 updt_s:0.209 data_s:0.004 smp/s:19 l1_loss:0.151 kld_loss:0.006
Training:  62%|██████▏   | 12400/20000 [30:38<35:02,  3.62step/s]INFO 2026-09-12 15:32:00 ot_train.py:627 step:12K smpl:50K ep:86 epch:5.74 loss:0.216 grdn:20.671 lr:1.0e-05 updt_s:0.254 data_s:0.004 smp/s:15 l1_loss:0.149 kld_loss:0.007
Training:  62%|██████▏   | 12450/20000 [30:52<34:43,  3.62step/s]INFO 2026-09-12 15:32:13 ot_train.py:627 step:12K smpl:50K ep:86 epch:5.76 loss:0.216 grdn:21.241 lr:1.0e-05 updt_s:0.261 data_s:0.004 smp/s:15 l1_loss:0.151 kld_loss:0.007
Training:  62%|██████▎   | 12500/20000 [31:05<34:25,  3.63step/s]INFO 2026-09-12 15:32:26 ot_train.py:627 step:12K smpl:50K ep:87 epch:5.78 loss:0.213 grdn:20.475 lr:1.0e-05 updt_s:0.261 data_s:0.004 smp/s:15 l1_loss:0.150 kld_loss:0.006
Training:  63%|██████▎   | 12550/20000 [31:17<27:13,  4.56step/s]INFO 2026-09-12 15:32:38 ot_train.py:627 step:13K smpl:50K ep:87 epch:5.81 loss:0.213 grdn:20.719 lr:1.0e-05 updt_s:0.231 data_s:0.004 smp/s:17 l1_loss:0.146 kld_loss:0.007
Training:  63%|██████▎   | 12600/20000 [31:27<26:38,  4.63step/s]INFO 2026-09-12 15:32:49 ot_train.py:627 step:13K smpl:50K ep:87 epch:5.83 loss:0.215 grdn:21.299 lr:1.0e-05 updt_s:0.210 data_s:0.004 smp/s:19 l1_loss:0.151 kld_loss:0.006
Training:  63%|██████▎   | 12650/20000 [31:38<26:11,  4.68step/s]INFO 2026-09-12 15:33:00 ot_train.py:627 step:13K smpl:51K ep:88 epch:5.85 loss:0.216 grdn:21.494 lr:1.0e-05 updt_s:0.209 data_s:0.004 smp/s:19 l1_loss:0.149 kld_loss:0.007
Training:  64%|██████▎   | 12700/20000 [31:49<25:54,  4.70step/s]INFO 2026-09-12 15:33:10 ot_train.py:627 step:13K smpl:51K ep:88 epch:5.88 loss:0.215 grdn:20.878 lr:1.0e-05 updt_s:0.209 data_s:0.004 smp/s:19 l1_loss:0.150 kld_loss:0.007
Training:  64%|██████▍   | 12750/20000 [32:01<34:21,  3.52step/s]INFO 2026-09-12 15:33:22 ot_train.py:627 step:13K smpl:51K ep:88 epch:5.90 loss:0.218 grdn:21.513 lr:1.0e-05 updt_s:0.235 data_s:0.004 smp/s:17 l1_loss:0.151 kld_loss:0.007
Training:  64%|██████▍   | 12800/20000 [32:14<31:45,  3.78step/s]INFO 2026-09-12 15:33:36 ot_train.py:627 step:13K smpl:51K ep:89 epch:5.92 loss:0.209 grdn:20.164 lr:1.0e-05 updt_s:0.262 data_s:0.005 smp/s:15 l1_loss:0.147 kld_loss:0.006
Training:  64%|██████▍   | 12850/20000 [32:28<31:20,  3.80step/s]INFO 2026-09-12 15:33:49 ot_train.py:627 step:13K smpl:51K ep:89 epch:5.95 loss:0.210 grdn:20.098 lr:1.0e-05 updt_s:0.262 data_s:0.004 smp/s:15 l1_loss:0.145 kld_loss:0.006
Training:  64%|██████▍   | 12900/20000 [32:40<25:16,  4.68step/s]INFO 2026-09-12 15:34:02 ot_train.py:627 step:13K smpl:52K ep:90 epch:5.97 loss:0.218 grdn:22.005 lr:1.0e-05 updt_s:0.247 data_s:0.004 smp/s:16 l1_loss:0.154 kld_loss:0.006
Training:  65%|██████▍   | 12950/20000 [32:51<24:58,  4.70step/s]INFO 2026-09-12 15:34:12 ot_train.py:627 step:13K smpl:52K ep:90 epch:5.99 loss:0.212 grdn:20.590 lr:1.0e-05 updt_s:0.210 data_s:0.004 smp/s:19 l1_loss:0.151 kld_loss:0.006
Training:  65%|██████▌   | 13000/20000 [33:02<24:53,  4.69step/s]INFO 2026-09-12 15:34:23 ot_train.py:627 step:13K smpl:52K ep:90 epch:6.02 loss:0.208 grdn:20.954 lr:1.0e-05 updt_s:0.209 data_s:0.007 smp/s:18 l1_loss:0.147 kld_loss:0.006
Training:  65%|██████▌   | 13050/20000 [33:13<24:46,  4.68step/s]INFO 2026-09-12 15:34:34 ot_train.py:627 step:13K smpl:52K ep:91 epch:6.04 loss:0.213 grdn:21.012 lr:1.0e-05 updt_s:0.210 data_s:0.004 smp/s:19 l1_loss:0.150 kld_loss:0.006
Training:  66%|██████▌   | 13100/20000 [33:25<30:41,  3.75step/s]INFO 2026-09-12 15:34:46 ot_train.py:627 step:13K smpl:52K ep:91 epch:6.06 loss:0.210 grdn:21.025 lr:1.0e-05 updt_s:0.241 data_s:0.004 smp/s:16 l1_loss:0.146 kld_loss:0.006
Training:  66%|██████▌   | 13150/20000 [33:41<31:55,  3.58step/s]INFO 2026-09-12 15:35:02 ot_train.py:627 step:13K smpl:53K ep:91 epch:6.08 loss:0.204 grdn:20.141 lr:1.0e-05 updt_s:0.313 data_s:0.004 smp/s:13 l1_loss:0.145 kld_loss:0.006
Training:  66%|██████▌   | 13200/20000 [33:54<26:44,  4.24step/s]INFO 2026-09-12 15:35:16 ot_train.py:627 step:13K smpl:53K ep:92 epch:6.11 loss:0.196 grdn:19.125 lr:1.0e-05 updt_s:0.264 data_s:0.004 smp/s:15 l1_loss:0.140 kld_loss:0.006
Training:  66%|██████▋   | 13250/20000 [34:05<24:00,  4.69step/s]INFO 2026-09-12 15:35:26 ot_train.py:627 step:13K smpl:53K ep:92 epch:6.13 loss:0.200 grdn:19.826 lr:1.0e-05 updt_s:0.214 data_s:0.004 smp/s:18 l1_loss:0.142 kld_loss:0.006
Training:  66%|██████▋   | 13300/20000 [34:17<23:48,  4.69step/s]INFO 2026-09-12 15:35:38 ot_train.py:627 step:13K smpl:53K ep:92 epch:6.15 loss:0.204 grdn:21.622 lr:1.0e-05 updt_s:0.225 data_s:0.004 smp/s:17 l1_loss:0.147 kld_loss:0.006
Training:  67%|██████▋   | 13350/20000 [34:27<23:34,  4.70step/s]INFO 2026-09-12 15:35:49 ot_train.py:627 step:13K smpl:53K ep:93 epch:6.18 loss:0.200 grdn:19.875 lr:1.0e-05 updt_s:0.208 data_s:0.004 smp/s:19 l1_loss:0.142 kld_loss:0.006
Training:  67%|██████▋   | 13400/20000 [34:39<28:50,  3.81step/s]INFO 2026-09-12 15:36:01 ot_train.py:627 step:13K smpl:54K ep:93 epch:6.20 loss:0.203 grdn:20.314 lr:1.0e-05 updt_s:0.240 data_s:0.004 smp/s:16 l1_loss:0.144 kld_loss:0.006
Training:  67%|██████▋   | 13450/20000 [34:53<28:06,  3.88step/s]INFO 2026-09-12 15:36:14 ot_train.py:627 step:13K smpl:54K ep:93 epch:6.22 loss:0.206 grdn:20.901 lr:1.0e-05 updt_s:0.261 data_s:0.004 smp/s:15 l1_loss:0.148 kld_loss:0.006
Training:  68%|██████▊   | 13500/20000 [35:06<28:53,  3.75step/s]INFO 2026-09-12 15:36:28 ot_train.py:627 step:14K smpl:54K ep:94 epch:6.25 loss:0.203 grdn:20.243 lr:1.0e-05 updt_s:0.262 data_s:0.004 smp/s:15 l1_loss:0.146 kld_loss:0.006
Training:  68%|██████▊   | 13550/20000 [35:19<23:11,  4.63step/s]INFO 2026-09-12 15:36:40 ot_train.py:627 step:14K smpl:54K ep:94 epch:6.27 loss:0.195 grdn:19.606 lr:1.0e-05 updt_s:0.248 data_s:0.004 smp/s:16 l1_loss:0.138 kld_loss:0.006
Training:  68%|██████▊   | 13600/20000 [35:29<22:53,  4.66step/s]INFO 2026-09-12 15:36:51 ot_train.py:627 step:14K smpl:54K ep:94 epch:6.29 loss:0.195 grdn:19.566 lr:1.0e-05 updt_s:0.210 data_s:0.004 smp/s:19 l1_loss:0.140 kld_loss:0.005
Training:  68%|██████▊   | 13650/20000 [35:40<22:33,  4.69step/s]INFO 2026-09-12 15:37:02 ot_train.py:627 step:14K smpl:55K ep:95 epch:6.32 loss:0.196 grdn:19.475 lr:1.0e-05 updt_s:0.210 data_s:0.004 smp/s:19 l1_loss:0.139 kld_loss:0.006
Training:  68%|██████▊   | 13700/20000 [35:51<22:24,  4.69step/s]INFO 2026-09-12 15:37:12 ot_train.py:627 step:14K smpl:55K ep:95 epch:6.34 loss:0.196 grdn:19.866 lr:1.0e-05 updt_s:0.209 data_s:0.004 smp/s:19 l1_loss:0.137 kld_loss:0.006
Training:  69%|██████▉   | 13750/20000 [36:03<27:28,  3.79step/s]INFO 2026-09-12 15:37:24 ot_train.py:627 step:14K smpl:55K ep:95 epch:6.36 loss:0.201 grdn:19.609 lr:1.0e-05 updt_s:0.234 data_s:0.004 smp/s:17 l1_loss:0.145 kld_loss:0.006
Training:  69%|██████▉   | 13800/20000 [36:16<25:51,  4.00step/s]INFO 2026-09-12 15:37:37 ot_train.py:627 step:14K smpl:55K ep:96 epch:6.39 loss:0.199 grdn:20.267 lr:1.0e-05 updt_s:0.261 data_s:0.004 smp/s:15 l1_loss:0.142 kld_loss:0.006
Training:  69%|██████▉   | 13850/20000 [36:30<26:47,  3.82step/s]INFO 2026-09-12 15:37:51 ot_train.py:627 step:14K smpl:55K ep:96 epch:6.41 loss:0.199 grdn:19.738 lr:1.0e-05 updt_s:0.266 data_s:0.004 smp/s:15 l1_loss:0.144 kld_loss:0.006
Training:  70%|██████▉   | 13900/20000 [36:44<25:01,  4.06step/s]INFO 2026-09-12 15:38:05 ot_train.py:627 step:14K smpl:56K ep:96 epch:6.43 loss:0.197 grdn:20.102 lr:1.0e-05 updt_s:0.281 data_s:0.004 smp/s:14 l1_loss:0.141 kld_loss:0.006
Training:  70%|██████▉   | 13950/20000 [36:57<26:18,  3.83step/s]INFO 2026-09-12 15:38:18 ot_train.py:627 step:14K smpl:56K ep:97 epch:6.45 loss:0.198 grdn:19.939 lr:1.0e-05 updt_s:0.253 data_s:0.004 smp/s:16 l1_loss:0.148 kld_loss:0.005
Training:  70%|███████   | 14000/20000 [37:09<24:53,  4.02step/s]INFO 2026-09-12 15:38:31 ot_train.py:627 step:14K smpl:56K ep:97 epch:6.48 loss:0.198 grdn:18.955 lr:1.0e-05 updt_s:0.242 data_s:0.004 smp/s:16 l1_loss:0.144 kld_loss:0.005
Training:  70%|███████   | 14050/20000 [37:27<28:49,  3.44step/s]INFO 2026-09-12 15:38:48 ot_train.py:627 step:14K smpl:56K ep:98 epch:6.50 loss:0.196 grdn:20.056 lr:1.0e-05 updt_s:0.343 data_s:0.005 smp/s:12 l1_loss:0.143 kld_loss:0.005
Training:  70%|███████   | 14100/20000 [37:40<26:05,  3.77step/s]INFO 2026-09-12 15:39:01 ot_train.py:627 step:14K smpl:56K ep:98 epch:6.52 loss:0.196 grdn:19.485 lr:1.0e-05 updt_s:0.262 data_s:0.004 smp/s:15 l1_loss:0.144 kld_loss:0.005
Training:  71%|███████   | 14150/20000 [37:51<20:43,  4.70step/s]INFO 2026-09-12 15:39:13 ot_train.py:627 step:14K smpl:57K ep:98 epch:6.55 loss:0.194 grdn:19.923 lr:1.0e-05 updt_s:0.219 data_s:0.004 smp/s:18 l1_loss:0.139 kld_loss:0.006
Training:  71%|███████   | 14200/20000 [38:02<20:31,  4.71step/s]INFO 2026-09-12 15:39:23 ot_train.py:627 step:14K smpl:57K ep:99 epch:6.57 loss:0.194 grdn:19.332 lr:1.0e-05 updt_s:0.209 data_s:0.004 smp/s:19 l1_loss:0.141 kld_loss:0.005
Training:  71%|███████▏  | 14250/20000 [38:13<20:21,  4.71step/s]INFO 2026-09-12 15:39:34 ot_train.py:627 step:14K smpl:57K ep:99 epch:6.59 loss:0.189 grdn:19.516 lr:1.0e-05 updt_s:0.209 data_s:0.004 smp/s:19 l1_loss:0.138 kld_loss:0.005
Training:  72%|███████▏  | 14300/20000 [38:23<22:42,  4.18step/s]INFO 2026-09-12 15:39:45 ot_train.py:627 step:14K smpl:57K ep:99 epch:6.62 loss:0.189 grdn:18.880 lr:1.0e-05 updt_s:0.208 data_s:0.004 smp/s:19 l1_loss:0.138 kld_loss:0.005
Training:  72%|███████▏  | 14350/20000 [38:37<25:40,  3.67step/s]INFO 2026-09-12 15:39:58 ot_train.py:627 step:14K smpl:57K ep:100 epch:6.64 loss:0.197 grdn:19.846 lr:1.0e-05 updt_s:0.262 data_s:0.005 smp/s:15 l1_loss:0.145 kld_loss:0.005
Training:  72%|███████▏  | 14400/20000 [38:50<25:12,  3.70step/s]INFO 2026-09-12 15:40:11 ot_train.py:627 step:14K smpl:58K ep:100 epch:6.66 loss:0.182 grdn:18.388 lr:1.0e-05 updt_s:0.262 data_s:0.004 smp/s:15 l1_loss:0.132 kld_loss:0.005
Training:  72%|███████▏  | 14450/20000 [39:03<24:38,  3.75step/s]INFO 2026-09-12 15:40:25 ot_train.py:627 step:14K smpl:58K ep:100 epch:6.69 loss:0.191 grdn:19.059 lr:1.0e-05 updt_s:0.262 data_s:0.005 smp/s:15 l1_loss:0.141 kld_loss:0.005
Training:  72%|███████▎  | 14500/20000 [39:15<20:02,  4.58step/s]INFO 2026-09-12 15:40:36 ot_train.py:627 step:14K smpl:58K ep:101 epch:6.71 loss:0.200 grdn:20.147 lr:1.0e-05 updt_s:0.224 data_s:0.004 smp/s:18 l1_loss:0.144 kld_loss:0.006
Training:  73%|███████▎  | 14550/20000 [39:26<20:06,  4.52step/s]INFO 2026-09-12 15:40:47 ot_train.py:627 step:15K smpl:58K ep:101 epch:6.73 loss:0.199 grdn:19.978 lr:1.0e-05 updt_s:0.211 data_s:0.004 smp/s:19 l1_loss:0.146 kld_loss:0.005
Training:  73%|███████▎  | 14600/20000 [39:36<19:08,  4.70step/s]INFO 2026-09-12 15:40:58 ot_train.py:627 step:15K smpl:58K ep:101 epch:6.76 loss:0.187 grdn:19.323 lr:1.0e-05 updt_s:0.209 data_s:0.004 smp/s:19 l1_loss:0.136 kld_loss:0.005
Training:  73%|███████▎  | 14650/20000 [39:47<19:01,  4.69step/s]INFO 2026-09-12 15:41:08 ot_train.py:627 step:15K smpl:59K ep:102 epch:6.78 loss:0.186 grdn:19.283 lr:1.0e-05 updt_s:0.210 data_s:0.004 smp/s:19 l1_loss:0.136 kld_loss:0.005
Training:  74%|███████▎  | 14700/20000 [39:59<25:00,  3.53step/s]INFO 2026-09-12 15:41:20 ot_train.py:627 step:15K smpl:59K ep:102 epch:6.80 loss:0.193 grdn:19.707 lr:1.0e-05 updt_s:0.226 data_s:0.004 smp/s:17 l1_loss:0.140 kld_loss:0.005
Training:  74%|███████▍  | 14750/20000 [40:12<24:14,  3.61step/s]INFO 2026-09-12 15:41:33 ot_train.py:627 step:15K smpl:59K ep:102 epch:6.82 loss:0.186 grdn:19.519 lr:1.0e-05 updt_s:0.262 data_s:0.004 smp/s:15 l1_loss:0.138 kld_loss:0.005
Training:  74%|███████▍  | 14800/20000 [40:30<21:50,  3.97step/s]INFO 2026-09-12 15:41:51 ot_train.py:627 step:15K smpl:59K ep:103 epch:6.85 loss:0.188 grdn:19.002 lr:1.0e-05 updt_s:0.349 data_s:0.004 smp/s:11 l1_loss:0.139 kld_loss:0.005
Training:  74%|███████▍  | 14850/20000 [40:41<18:12,  4.71step/s]INFO 2026-09-12 15:42:02 ot_train.py:627 step:15K smpl:59K ep:103 epch:6.87 loss:0.185 grdn:20.067 lr:1.0e-05 updt_s:0.214 data_s:0.004 smp/s:18 l1_loss:0.135 kld_loss:0.005
Training:  74%|███████▍  | 14900/20000 [40:51<18:00,  4.72step/s]INFO 2026-09-12 15:42:13 ot_train.py:627 step:15K smpl:60K ep:103 epch:6.89 loss:0.187 grdn:18.803 lr:1.0e-05 updt_s:0.209 data_s:0.004 smp/s:19 l1_loss:0.138 kld_loss:0.005
Training:  75%|███████▍  | 14950/20000 [41:02<17:53,  4.70step/s]INFO 2026-09-12 15:42:23 ot_train.py:627 step:15K smpl:60K ep:104 epch:6.92 loss:0.187 grdn:19.210 lr:1.0e-05 updt_s:0.209 data_s:0.004 smp/s:19 l1_loss:0.135 kld_loss:0.005
Training:  75%|███████▌  | 15000/20000 [41:14<21:40,  3.85step/s]INFO 2026-09-12 15:42:35 ot_train.py:627 step:15K smpl:60K ep:104 epch:6.94 loss:0.186 grdn:19.488 lr:1.0e-05 updt_s:0.237 data_s:0.004 smp/s:17 l1_loss:0.136 kld_loss:0.005
Training:  75%|███████▌  | 15050/20000 [41:28<21:50,  3.78step/s]INFO 2026-09-12 15:42:49 ot_train.py:627 step:15K smpl:60K ep:104 epch:6.96 loss:0.185 grdn:18.681 lr:1.0e-05 updt_s:0.261 data_s:0.004 smp/s:15 l1_loss:0.137 kld_loss:0.005
Training:  76%|███████▌  | 15100/20000 [41:41<21:30,  3.80step/s]INFO 2026-09-12 15:43:02 ot_train.py:627 step:15K smpl:60K ep:105 epch:6.99 loss:0.190 grdn:18.764 lr:1.0e-05 updt_s:0.262 data_s:0.004 smp/s:15 l1_loss:0.142 kld_loss:0.005
Training:  76%|███████▌  | 15150/20000 [41:53<17:12,  4.70step/s]INFO 2026-09-12 15:43:15 ot_train.py:627 step:15K smpl:61K ep:105 epch:7.01 loss:0.181 grdn:18.597 lr:1.0e-05 updt_s:0.239 data_s:0.006 smp/s:16 l1_loss:0.133 kld_loss:0.005
Training:  76%|███████▌  | 15200/20000 [42:04<17:17,  4.62step/s]INFO 2026-09-12 15:43:25 ot_train.py:627 step:15K smpl:61K ep:105 epch:7.03 loss:0.185 grdn:18.392 lr:1.0e-05 updt_s:0.210 data_s:0.004 smp/s:19 l1_loss:0.136 kld_loss:0.005
Training:  76%|███████▋  | 15250/20000 [42:15<16:53,  4.69step/s]INFO 2026-09-12 15:43:36 ot_train.py:627 step:15K smpl:61K ep:106 epch:7.06 loss:0.180 grdn:18.574 lr:1.0e-05 updt_s:0.210 data_s:0.004 smp/s:19 l1_loss:0.130 kld_loss:0.005
Training:  76%|███████▋  | 15300/20000 [42:26<16:43,  4.68step/s]INFO 2026-09-12 15:43:47 ot_train.py:627 step:15K smpl:61K ep:106 epch:7.08 loss:0.184 grdn:18.843 lr:1.0e-05 updt_s:0.210 data_s:0.004 smp/s:19 l1_loss:0.137 kld_loss:0.005
Training:  77%|███████▋  | 15350/20000 [42:37<20:02,  3.87step/s]INFO 2026-09-12 15:43:59 ot_train.py:627 step:15K smpl:61K ep:107 epch:7.10 loss:0.184 grdn:18.827 lr:1.0e-05 updt_s:0.230 data_s:0.004 smp/s:17 l1_loss:0.137 kld_loss:0.005
Training:  77%|███████▋  | 15400/20000 [42:51<20:06,  3.81step/s]INFO 2026-09-12 15:44:12 ot_train.py:627 step:15K smpl:62K ep:107 epch:7.13 loss:0.185 grdn:19.616 lr:1.0e-05 updt_s:0.263 data_s:0.005 smp/s:15 l1_loss:0.137 kld_loss:0.005
Training:  77%|███████▋  | 15450/20000 [43:04<19:37,  3.86step/s]INFO 2026-09-12 15:44:25 ot_train.py:627 step:15K smpl:62K ep:107 epch:7.15 loss:0.181 grdn:19.124 lr:1.0e-05 updt_s:0.262 data_s:0.004 smp/s:15 l1_loss:0.135 kld_loss:0.005
Training:  78%|███████▊  | 15500/20000 [43:17<16:16,  4.61step/s]INFO 2026-09-12 15:44:38 ot_train.py:627 step:16K smpl:62K ep:108 epch:7.17 loss:0.182 grdn:18.793 lr:1.0e-05 updt_s:0.255 data_s:0.005 smp/s:15 l1_loss:0.135 kld_loss:0.005
Training:  78%|███████▊  | 15550/20000 [43:28<15:47,  4.70step/s]INFO 2026-09-12 15:44:49 ot_train.py:627 step:16K smpl:62K ep:108 epch:7.19 loss:0.177 grdn:18.423 lr:1.0e-05 updt_s:0.209 data_s:0.004 smp/s:19 l1_loss:0.131 kld_loss:0.005
Training:  78%|███████▊  | 15600/20000 [43:38<15:38,  4.69step/s]INFO 2026-09-12 15:45:00 ot_train.py:627 step:16K smpl:62K ep:108 epch:7.22 loss:0.179 grdn:18.038 lr:1.0e-05 updt_s:0.209 data_s:0.004 smp/s:19 l1_loss:0.133 kld_loss:0.005
Training:  78%|███████▊  | 15650/20000 [43:49<15:23,  4.71step/s]INFO 2026-09-12 15:45:10 ot_train.py:627 step:16K smpl:63K ep:109 epch:7.24 loss:0.172 grdn:17.893 lr:1.0e-05 updt_s:0.209 data_s:0.004 smp/s:19 l1_loss:0.127 kld_loss:0.004
Training:  78%|███████▊  | 15700/20000 [44:00<19:45,  3.63step/s]INFO 2026-09-12 15:45:22 ot_train.py:627 step:16K smpl:63K ep:109 epch:7.26 loss:0.176 grdn:18.528 lr:1.0e-05 updt_s:0.222 data_s:0.004 smp/s:18 l1_loss:0.129 kld_loss:0.005
Training:  79%|███████▉  | 15750/20000 [44:14<19:06,  3.71step/s]INFO 2026-09-12 15:45:35 ot_train.py:627 step:16K smpl:63K ep:109 epch:7.29 loss:0.175 grdn:18.381 lr:1.0e-05 updt_s:0.261 data_s:0.005 smp/s:15 l1_loss:0.128 kld_loss:0.005
Training:  79%|███████▉  | 15800/20000 [44:27<18:29,  3.79step/s]INFO 2026-09-12 15:45:48 ot_train.py:627 step:16K smpl:63K ep:110 epch:7.31 loss:0.172 grdn:17.777 lr:1.0e-05 updt_s:0.262 data_s:0.004 smp/s:15 l1_loss:0.127 kld_loss:0.005
Training:  79%|███████▉  | 15850/20000 [44:41<18:22,  3.76step/s]INFO 2026-09-12 15:46:02 ot_train.py:627 step:16K smpl:63K ep:110 epch:7.33 loss:0.172 grdn:17.679 lr:1.0e-05 updt_s:0.262 data_s:0.004 smp/s:15 l1_loss:0.131 kld_loss:0.004
Training:  80%|███████▉  | 15900/20000 [44:51<14:35,  4.68step/s]INFO 2026-09-12 15:46:13 ot_train.py:627 step:16K smpl:64K ep:110 epch:7.36 loss:0.180 grdn:18.881 lr:1.0e-05 updt_s:0.210 data_s:0.004 smp/s:19 l1_loss:0.135 kld_loss:0.004
Training:  80%|███████▉  | 15950/20000 [45:02<15:25,  4.38step/s]INFO 2026-09-12 15:46:24 ot_train.py:627 step:16K smpl:64K ep:111 epch:7.38 loss:0.179 grdn:19.045 lr:1.0e-05 updt_s:0.219 data_s:0.004 smp/s:18 l1_loss:0.135 kld_loss:0.004
Training:  80%|████████  | 16000/20000 [45:16<20:15,  3.29step/s]INFO 2026-09-12 15:46:37 ot_train.py:627 step:16K smpl:64K ep:111 epch:7.40 loss:0.175 grdn:18.514 lr:1.0e-05 updt_s:0.264 data_s:0.004 smp/s:15 l1_loss:0.132 kld_loss:0.004
Training:  80%|████████  | 16050/20000 [45:29<16:35,  3.97step/s]INFO 2026-09-12 15:46:50 ot_train.py:627 step:16K smpl:64K ep:111 epch:7.43 loss:0.179 grdn:18.428 lr:1.0e-05 updt_s:0.261 data_s:0.004 smp/s:15 l1_loss:0.132 kld_loss:0.005
Training:  80%|████████  | 16100/20000 [45:43<17:13,  3.77step/s]INFO 2026-09-12 15:47:04 ot_train.py:627 step:16K smpl:64K ep:112 epch:7.45 loss:0.178 grdn:18.599 lr:1.0e-05 updt_s:0.263 data_s:0.005 smp/s:15 l1_loss:0.133 kld_loss:0.005
Training:  81%|████████  | 16150/20000 [45:56<14:27,  4.44step/s]INFO 2026-09-12 15:47:17 ot_train.py:627 step:16K smpl:65K ep:112 epch:7.47 loss:0.179 grdn:18.232 lr:1.0e-05 updt_s:0.257 data_s:0.004 smp/s:15 l1_loss:0.134 kld_loss:0.004
Training:  81%|████████  | 16200/20000 [46:06<13:31,  4.68step/s]INFO 2026-09-12 15:47:28 ot_train.py:627 step:16K smpl:65K ep:112 epch:7.50 loss:0.175 grdn:17.705 lr:1.0e-05 updt_s:0.210 data_s:0.004 smp/s:19 l1_loss:0.131 kld_loss:0.004
Training:  81%|████████▏ | 16250/20000 [46:17<13:20,  4.68step/s]INFO 2026-09-12 15:47:38 ot_train.py:627 step:16K smpl:65K ep:113 epch:7.52 loss:0.174 grdn:18.004 lr:1.0e-05 updt_s:0.210 data_s:0.004 smp/s:19 l1_loss:0.129 kld_loss:0.005
Training:  82%|████████▏ | 16300/20000 [46:28<13:10,  4.68step/s]INFO 2026-09-12 15:47:49 ot_train.py:627 step:16K smpl:65K ep:113 epch:7.54 loss:0.166 grdn:17.317 lr:1.0e-05 updt_s:0.211 data_s:0.004 smp/s:19 l1_loss:0.125 kld_loss:0.004
Training:  82%|████████▏ | 16350/20000 [46:40<15:25,  3.94step/s]INFO 2026-09-12 15:48:01 ot_train.py:627 step:16K smpl:65K ep:113 epch:7.57 loss:0.174 grdn:18.060 lr:1.0e-05 updt_s:0.231 data_s:0.004 smp/s:17 l1_loss:0.131 kld_loss:0.004
Training:  82%|████████▏ | 16400/20000 [46:53<15:59,  3.75step/s]INFO 2026-09-12 15:48:14 ot_train.py:627 step:16K smpl:66K ep:114 epch:7.59 loss:0.170 grdn:17.670 lr:1.0e-05 updt_s:0.262 data_s:0.005 smp/s:15 l1_loss:0.130 kld_loss:0.004
Training:  82%|████████▏ | 16450/20000 [47:06<16:06,  3.67step/s]INFO 2026-09-12 15:48:28 ot_train.py:627 step:16K smpl:66K ep:114 epch:7.61 loss:0.174 grdn:17.824 lr:1.0e-05 updt_s:0.263 data_s:0.004 smp/s:15 l1_loss:0.133 kld_loss:0.004
Training:  82%|████████▎ | 16500/20000 [47:19<12:34,  4.64step/s]INFO 2026-09-12 15:48:41 ot_train.py:627 step:16K smpl:66K ep:115 epch:7.63 loss:0.172 grdn:17.527 lr:1.0e-05 updt_s:0.251 data_s:0.004 smp/s:16 l1_loss:0.132 kld_loss:0.004
Training:  83%|████████▎ | 16550/20000 [47:30<12:11,  4.71step/s]INFO 2026-09-12 15:48:51 ot_train.py:627 step:17K smpl:66K ep:115 epch:7.66 loss:0.171 grdn:18.031 lr:1.0e-05 updt_s:0.210 data_s:0.004 smp/s:19 l1_loss:0.129 kld_loss:0.004
Training:  83%|████████▎ | 16600/20000 [47:41<12:06,  4.68step/s]INFO 2026-09-12 15:49:02 ot_train.py:627 step:17K smpl:66K ep:115 epch:7.68 loss:0.181 grdn:18.895 lr:1.0e-05 updt_s:0.210 data_s:0.004 smp/s:19 l1_loss:0.133 kld_loss:0.005
Training:  83%|████████▎ | 16650/20000 [47:51<11:58,  4.66step/s]INFO 2026-09-12 15:49:13 ot_train.py:627 step:17K smpl:67K ep:116 epch:7.70 loss:0.171 grdn:18.147 lr:1.0e-05 updt_s:0.210 data_s:0.004 smp/s:19 l1_loss:0.129 kld_loss:0.004
Training:  84%|████████▎ | 16700/20000 [48:03<14:28,  3.80step/s]INFO 2026-09-12 15:49:24 ot_train.py:627 step:17K smpl:67K ep:116 epch:7.73 loss:0.168 grdn:18.400 lr:1.0e-05 updt_s:0.223 data_s:0.004 smp/s:18 l1_loss:0.127 kld_loss:0.004
Training:  84%|████████▍ | 16750/20000 [48:16<14:17,  3.79step/s]INFO 2026-09-12 15:49:38 ot_train.py:627 step:17K smpl:67K ep:116 epch:7.75 loss:0.165 grdn:18.078 lr:1.0e-05 updt_s:0.263 data_s:0.004 smp/s:15 l1_loss:0.124 kld_loss:0.004
Training:  84%|████████▍ | 16800/20000 [48:30<14:08,  3.77step/s]INFO 2026-09-12 15:49:51 ot_train.py:627 step:17K smpl:67K ep:117 epch:7.77 loss:0.174 grdn:18.194 lr:1.0e-05 updt_s:0.262 data_s:0.004 smp/s:15 l1_loss:0.132 kld_loss:0.004
Training:  84%|████████▍ | 16850/20000 [48:43<13:42,  3.83step/s]INFO 2026-09-12 15:50:04 ot_train.py:627 step:17K smpl:67K ep:117 epch:7.80 loss:0.167 grdn:17.380 lr:1.0e-05 updt_s:0.262 data_s:0.005 smp/s:15 l1_loss:0.125 kld_loss:0.004
Training:  84%|████████▍ | 16900/20000 [48:54<11:06,  4.65step/s]INFO 2026-09-12 15:50:15 ot_train.py:627 step:17K smpl:68K ep:117 epch:7.82 loss:0.173 grdn:17.752 lr:1.0e-05 updt_s:0.210 data_s:0.004 smp/s:19 l1_loss:0.132 kld_loss:0.004
Training:  85%|████████▍ | 16950/20000 [49:04<10:51,  4.68step/s]INFO 2026-09-12 15:50:26 ot_train.py:627 step:17K smpl:68K ep:118 epch:7.84 loss:0.174 grdn:17.314 lr:1.0e-05 updt_s:0.210 data_s:0.004 smp/s:19 l1_loss:0.131 kld_loss:0.004
Training:  85%|████████▌ | 17000/20000 [49:15<10:40,  4.68step/s]INFO 2026-09-12 15:50:36 ot_train.py:627 step:17K smpl:68K ep:118 epch:7.87 loss:0.169 grdn:17.275 lr:1.0e-05 updt_s:0.210 data_s:0.004 smp/s:19 l1_loss:0.130 kld_loss:0.004
Training:  85%|████████▌ | 17050/20000 [49:26<10:29,  4.69step/s]INFO 2026-09-12 15:50:47 ot_train.py:627 step:17K smpl:68K ep:118 epch:7.89 loss:0.168 grdn:17.436 lr:1.0e-05 updt_s:0.209 data_s:0.004 smp/s:19 l1_loss:0.127 kld_loss:0.004
Training:  86%|████████▌ | 17100/20000 [49:38<12:36,  3.83step/s]INFO 2026-09-12 15:51:00 ot_train.py:627 step:17K smpl:68K ep:119 epch:7.91 loss:0.166 grdn:16.861 lr:1.0e-05 updt_s:0.244 data_s:0.004 smp/s:16 l1_loss:0.125 kld_loss:0.004
Training:  86%|████████▌ | 17150/20000 [49:52<12:07,  3.92step/s]INFO 2026-09-12 15:51:13 ot_train.py:627 step:17K smpl:69K ep:119 epch:7.94 loss:0.173 grdn:17.698 lr:1.0e-05 updt_s:0.262 data_s:0.004 smp/s:15 l1_loss:0.133 kld_loss:0.004
Training:  86%|████████▌ | 17200/20000 [50:05<12:34,  3.71step/s]INFO 2026-09-12 15:51:26 ot_train.py:627 step:17K smpl:69K ep:119 epch:7.96 loss:0.174 grdn:18.022 lr:1.0e-05 updt_s:0.263 data_s:0.004 smp/s:15 l1_loss:0.133 kld_loss:0.004
Training:  86%|████████▋ | 17250/20000 [50:17<10:03,  4.56step/s]INFO 2026-09-12 15:51:39 ot_train.py:627 step:17K smpl:69K ep:120 epch:7.98 loss:0.166 grdn:16.817 lr:1.0e-05 updt_s:0.240 data_s:0.004 smp/s:16 l1_loss:0.129 kld_loss:0.004
Training:  86%|████████▋ | 17300/20000 [50:28<10:04,  4.46step/s]INFO 2026-09-12 15:51:49 ot_train.py:627 step:17K smpl:69K ep:120 epch:8.00 loss:0.165 grdn:18.225 lr:1.0e-05 updt_s:0.209 data_s:0.007 smp/s:19 l1_loss:0.126 kld_loss:0.004
Training:  87%|████████▋ | 17350/20000 [50:39<09:25,  4.69step/s]INFO 2026-09-12 15:52:00 ot_train.py:627 step:17K smpl:69K ep:120 epch:8.03 loss:0.162 grdn:16.939 lr:1.0e-05 updt_s:0.209 data_s:0.004 smp/s:19 l1_loss:0.124 kld_loss:0.004
Training:  87%|████████▋ | 17400/20000 [50:49<09:15,  4.68step/s]INFO 2026-09-12 15:52:11 ot_train.py:627 step:17K smpl:70K ep:121 epch:8.05 loss:0.163 grdn:17.287 lr:1.0e-05 updt_s:0.210 data_s:0.004 smp/s:19 l1_loss:0.125 kld_loss:0.004
Training:  87%|████████▋ | 17450/20000 [51:01<11:17,  3.76step/s]INFO 2026-09-12 15:52:23 ot_train.py:627 step:17K smpl:70K ep:121 epch:8.07 loss:0.161 grdn:17.909 lr:1.0e-05 updt_s:0.232 data_s:0.004 smp/s:17 l1_loss:0.124 kld_loss:0.004
Training:  88%|████████▊ | 17500/20000 [51:15<11:01,  3.78step/s]INFO 2026-09-12 15:52:36 ot_train.py:627 step:18K smpl:70K ep:121 epch:8.10 loss:0.161 grdn:17.747 lr:1.0e-05 updt_s:0.263 data_s:0.004 smp/s:15 l1_loss:0.122 kld_loss:0.004
Training:  88%|████████▊ | 17550/20000 [51:28<11:16,  3.62step/s]INFO 2026-09-12 15:52:49 ot_train.py:627 step:18K smpl:70K ep:122 epch:8.12 loss:0.162 grdn:17.010 lr:1.0e-05 updt_s:0.264 data_s:0.004 smp/s:15 l1_loss:0.127 kld_loss:0.004
Training:  88%|████████▊ | 17600/20000 [51:41<08:35,  4.66step/s]INFO 2026-09-12 15:53:02 ot_train.py:627 step:18K smpl:70K ep:122 epch:8.14 loss:0.162 grdn:17.500 lr:1.0e-05 updt_s:0.251 data_s:0.005 smp/s:16 l1_loss:0.120 kld_loss:0.004
Training:  88%|████████▊ | 17650/20000 [51:52<08:19,  4.70step/s]INFO 2026-09-12 15:53:13 ot_train.py:627 step:18K smpl:71K ep:122 epch:8.17 loss:0.158 grdn:17.287 lr:1.0e-05 updt_s:0.209 data_s:0.004 smp/s:19 l1_loss:0.120 kld_loss:0.004
Training:  88%|████████▊ | 17700/20000 [52:02<09:04,  4.23step/s]INFO 2026-09-12 15:53:24 ot_train.py:627 step:18K smpl:71K ep:123 epch:8.19 loss:0.160 grdn:16.472 lr:1.0e-05 updt_s:0.213 data_s:0.004 smp/s:18 l1_loss:0.122 kld_loss:0.004
Training:  89%|████████▉ | 17750/20000 [52:14<07:58,  4.70step/s]INFO 2026-09-12 15:53:35 ot_train.py:627 step:18K smpl:71K ep:123 epch:8.21 loss:0.161 grdn:17.310 lr:1.0e-05 updt_s:0.218 data_s:0.004 smp/s:18 l1_loss:0.123 kld_loss:0.004
Training:  89%|████████▉ | 17800/20000 [52:24<09:25,  3.89step/s]INFO 2026-09-12 15:53:45 ot_train.py:627 step:18K smpl:71K ep:124 epch:8.24 loss:0.159 grdn:16.518 lr:1.0e-05 updt_s:0.206 data_s:0.004 smp/s:19 l1_loss:0.122 kld_loss:0.004
Training:  89%|████████▉ | 17850/20000 [52:37<09:18,  3.85step/s]INFO 2026-09-12 15:53:59 ot_train.py:627 step:18K smpl:71K ep:124 epch:8.26 loss:0.169 grdn:18.145 lr:1.0e-05 updt_s:0.262 data_s:0.004 smp/s:15 l1_loss:0.129 kld_loss:0.004
Training:  90%|████████▉ | 17900/20000 [52:54<10:09,  3.44step/s]INFO 2026-09-12 15:54:15 ot_train.py:627 step:18K smpl:72K ep:124 epch:8.28 loss:0.166 grdn:17.570 lr:1.0e-05 updt_s:0.320 data_s:0.004 smp/s:12 l1_loss:0.128 kld_loss:0.004
Training:  90%|████████▉ | 17950/20000 [53:05<07:15,  4.71step/s]INFO 2026-09-12 15:54:26 ot_train.py:627 step:18K smpl:72K ep:125 epch:8.31 loss:0.160 grdn:16.995 lr:1.0e-05 updt_s:0.222 data_s:0.004 smp/s:18 l1_loss:0.122 kld_loss:0.004
Training:  90%|█████████ | 18000/20000 [53:16<07:04,  4.71step/s]INFO 2026-09-12 15:54:37 ot_train.py:627 step:18K smpl:72K ep:125 epch:8.33 loss:0.163 grdn:17.129 lr:1.0e-05 updt_s:0.209 data_s:0.004 smp/s:19 l1_loss:0.127 kld_loss:0.004
Training:  90%|█████████ | 18050/20000 [53:26<07:20,  4.43step/s]INFO 2026-09-12 15:54:48 ot_train.py:627 step:18K smpl:72K ep:125 epch:8.35 loss:0.165 grdn:17.328 lr:1.0e-05 updt_s:0.211 data_s:0.004 smp/s:19 l1_loss:0.130 kld_loss:0.004
Training:  90%|█████████ | 18100/20000 [53:37<07:30,  4.22step/s]INFO 2026-09-12 15:54:58 ot_train.py:627 step:18K smpl:72K ep:126 epch:8.37 loss:0.161 grdn:16.878 lr:1.0e-05 updt_s:0.207 data_s:0.004 smp/s:19 l1_loss:0.125 kld_loss:0.004
Training:  91%|█████████ | 18150/20000 [53:50<08:02,  3.83step/s]INFO 2026-09-12 15:55:12 ot_train.py:627 step:18K smpl:73K ep:126 epch:8.40 loss:0.157 grdn:16.342 lr:1.0e-05 updt_s:0.261 data_s:0.004 smp/s:15 l1_loss:0.120 kld_loss:0.004
Training:  91%|█████████ | 18200/20000 [54:04<07:52,  3.81step/s]INFO 2026-09-12 15:55:25 ot_train.py:627 step:18K smpl:73K ep:126 epch:8.42 loss:0.160 grdn:17.274 lr:1.0e-05 updt_s:0.261 data_s:0.004 smp/s:15 l1_loss:0.122 kld_loss:0.004
Training:  91%|█████████▏| 18250/20000 [54:17<07:56,  3.68step/s]INFO 2026-09-12 15:55:38 ot_train.py:627 step:18K smpl:73K ep:127 epch:8.44 loss:0.163 grdn:17.491 lr:1.0e-05 updt_s:0.262 data_s:0.004 smp/s:15 l1_loss:0.126 kld_loss:0.004
Training:  92%|█████████▏| 18300/20000 [54:28<06:01,  4.70step/s]INFO 2026-09-12 15:55:50 ot_train.py:627 step:18K smpl:73K ep:127 epch:8.47 loss:0.156 grdn:15.820 lr:1.0e-05 updt_s:0.221 data_s:0.004 smp/s:18 l1_loss:0.123 kld_loss:0.003
Training:  92%|█████████▏| 18350/20000 [54:39<05:50,  4.70step/s]INFO 2026-09-12 15:56:00 ot_train.py:627 step:18K smpl:73K ep:127 epch:8.49 loss:0.164 grdn:16.712 lr:1.0e-05 updt_s:0.209 data_s:0.004 smp/s:19 l1_loss:0.130 kld_loss:0.003
Training:  92%|█████████▏| 18400/20000 [54:50<05:40,  4.69step/s]INFO 2026-09-12 15:56:11 ot_train.py:627 step:18K smpl:74K ep:128 epch:8.51 loss:0.162 grdn:17.622 lr:1.0e-05 updt_s:0.209 data_s:0.004 smp/s:19 l1_loss:0.129 kld_loss:0.003
Training:  92%|█████████▏| 18450/20000 [55:00<05:29,  4.70step/s]INFO 2026-09-12 15:56:22 ot_train.py:627 step:18K smpl:74K ep:128 epch:8.54 loss:0.161 grdn:16.814 lr:1.0e-05 updt_s:0.208 data_s:0.004 smp/s:19 l1_loss:0.125 kld_loss:0.004
Training:  92%|█████████▎| 18500/20000 [55:12<06:36,  3.78step/s]INFO 2026-09-12 15:56:33 ot_train.py:627 step:18K smpl:74K ep:128 epch:8.56 loss:0.160 grdn:17.705 lr:1.0e-05 updt_s:0.231 data_s:0.004 smp/s:17 l1_loss:0.125 kld_loss:0.004
Training:  93%|█████████▎| 18550/20000 [55:26<07:25,  3.26step/s]INFO 2026-09-12 15:56:47 ot_train.py:627 step:19K smpl:74K ep:129 epch:8.58 loss:0.156 grdn:17.014 lr:1.0e-05 updt_s:0.270 data_s:0.005 smp/s:15 l1_loss:0.124 kld_loss:0.003
Training:  93%|█████████▎| 18600/20000 [55:41<08:23,  2.78step/s]INFO 2026-09-12 15:57:02 ot_train.py:627 step:19K smpl:74K ep:129 epch:8.61 loss:0.154 grdn:16.488 lr:1.0e-05 updt_s:0.298 data_s:0.005 smp/s:13 l1_loss:0.120 kld_loss:0.003
Training:  93%|█████████▎| 18650/20000 [55:54<05:32,  4.06step/s]INFO 2026-09-12 15:57:15 ot_train.py:627 step:19K smpl:75K ep:129 epch:8.63 loss:0.155 grdn:16.606 lr:1.0e-05 updt_s:0.248 data_s:0.004 smp/s:16 l1_loss:0.120 kld_loss:0.003
Training:  94%|█████████▎| 18700/20000 [56:06<04:38,  4.67step/s]INFO 2026-09-12 15:57:27 ot_train.py:627 step:19K smpl:75K ep:130 epch:8.65 loss:0.157 grdn:16.635 lr:1.0e-05 updt_s:0.238 data_s:0.004 smp/s:16 l1_loss:0.122 kld_loss:0.003
Training:  94%|█████████▍| 18750/20000 [56:17<04:27,  4.67step/s]INFO 2026-09-12 15:57:38 ot_train.py:627 step:19K smpl:75K ep:130 epch:8.68 loss:0.158 grdn:16.989 lr:1.0e-05 updt_s:0.210 data_s:0.004 smp/s:19 l1_loss:0.121 kld_loss:0.004
Training:  94%|█████████▍| 18800/20000 [56:29<05:56,  3.36step/s]INFO 2026-09-12 15:57:50 ot_train.py:627 step:19K smpl:75K ep:130 epch:8.70 loss:0.152 grdn:16.184 lr:1.0e-05 updt_s:0.237 data_s:0.004 smp/s:17 l1_loss:0.120 kld_loss:0.003
Training:  94%|█████████▍| 18850/20000 [56:44<04:57,  3.87step/s]INFO 2026-09-12 15:58:05 ot_train.py:627 step:19K smpl:75K ep:131 epch:8.72 loss:0.158 grdn:16.500 lr:1.0e-05 updt_s:0.295 data_s:0.005 smp/s:13 l1_loss:0.125 kld_loss:0.003
Training:  94%|█████████▍| 18900/20000 [56:57<05:09,  3.55step/s]INFO 2026-09-12 15:58:18 ot_train.py:627 step:19K smpl:76K ep:131 epch:8.74 loss:0.159 grdn:16.648 lr:1.0e-05 updt_s:0.264 data_s:0.004 smp/s:15 l1_loss:0.122 kld_loss:0.004
Training:  95%|█████████▍| 18950/20000 [57:10<04:19,  4.05step/s]INFO 2026-09-12 15:58:31 ot_train.py:627 step:19K smpl:76K ep:132 epch:8.77 loss:0.155 grdn:16.697 lr:1.0e-05 updt_s:0.251 data_s:0.004 smp/s:16 l1_loss:0.120 kld_loss:0.004
Training:  95%|█████████▌| 19000/20000 [57:22<03:45,  4.44step/s]INFO 2026-09-12 15:58:44 ot_train.py:627 step:19K smpl:76K ep:132 epch:8.79 loss:0.150 grdn:16.365 lr:1.0e-05 updt_s:0.246 data_s:0.004 smp/s:16 l1_loss:0.118 kld_loss:0.003
Training:  95%|█████████▌| 19050/20000 [57:33<03:23,  4.67step/s]INFO 2026-09-12 15:58:55 ot_train.py:627 step:19K smpl:76K ep:132 epch:8.81 loss:0.157 grdn:16.444 lr:1.0e-05 updt_s:0.210 data_s:0.004 smp/s:19 l1_loss:0.123 kld_loss:0.003
Training:  96%|█████████▌| 19100/20000 [57:43<01:55,  7.77step/s]INFO 2026-09-12 15:59:04 ot_train.py:627 step:19K smpl:76K ep:133 epch:8.84 loss:0.159 grdn:16.456 lr:1.0e-05 updt_s:0.184 data_s:0.004 smp/s:21 l1_loss:0.126 kld_loss:0.003
Training:  96%|█████████▌| 19150/20000 [57:52<03:00,  4.71step/s]INFO 2026-09-12 15:59:14 ot_train.py:627 step:19K smpl:77K ep:133 epch:8.86 loss:0.159 grdn:16.284 lr:1.0e-05 updt_s:0.192 data_s:0.004 smp/s:20 l1_loss:0.125 kld_loss:0.003
Training:  96%|█████████▌| 19200/20000 [58:03<02:59,  4.45step/s]INFO 2026-09-12 15:59:24 ot_train.py:627 step:19K smpl:77K ep:133 epch:8.88 loss:0.158 grdn:16.464 lr:1.0e-05 updt_s:0.210 data_s:0.004 smp/s:19 l1_loss:0.124 kld_loss:0.003
Training:  96%|█████████▋| 19250/20000 [58:14<02:29,  5.00step/s]INFO 2026-09-12 15:59:35 ot_train.py:627 step:19K smpl:77K ep:134 epch:8.91 loss:0.151 grdn:16.132 lr:1.0e-05 updt_s:0.212 data_s:0.004 smp/s:18 l1_loss:0.119 kld_loss:0.003
Training:  96%|█████████▋| 19300/20000 [58:21<02:28,  4.70step/s]INFO 2026-09-12 15:59:42 ot_train.py:627 step:19K smpl:77K ep:134 epch:8.93 loss:0.152 grdn:16.501 lr:1.0e-05 updt_s:0.135 data_s:0.004 smp/s:29 l1_loss:0.118 kld_loss:0.003
Training:  97%|█████████▋| 19350/20000 [58:32<02:17,  4.72step/s]INFO 2026-09-12 15:59:53 ot_train.py:627 step:19K smpl:77K ep:134 epch:8.95 loss:0.154 grdn:16.013 lr:1.0e-05 updt_s:0.211 data_s:0.004 smp/s:19 l1_loss:0.122 kld_loss:0.003
Training:  97%|█████████▋| 19400/20000 [58:42<02:08,  4.69step/s]INFO 2026-09-12 16:00:04 ot_train.py:627 step:19K smpl:78K ep:135 epch:8.98 loss:0.152 grdn:16.375 lr:1.0e-05 updt_s:0.209 data_s:0.004 smp/s:19 l1_loss:0.120 kld_loss:0.003
Training:  97%|█████████▋| 19450/20000 [58:53<02:21,  3.90step/s]INFO 2026-09-12 16:00:15 ot_train.py:627 step:19K smpl:78K ep:135 epch:9.00 loss:0.157 grdn:16.933 lr:1.0e-05 updt_s:0.215 data_s:0.004 smp/s:18 l1_loss:0.125 kld_loss:0.003
Training:  97%|█████████▋| 19499/20000 [59:05<01:23,  6.01step/s]INFO 2026-09-12 16:00:26 ot_train.py:627 step:20K smpl:78K ep:135 epch:9.02 loss:0.155 grdn:16.477 lr:1.0e-05 updt_s:0.227 data_s:0.006 smp/s:17 l1_loss:0.122 kld_loss:0.003
Training:  98%|█████████▊| 19550/20000 [59:14<01:48,  4.13step/s]INFO 2026-09-12 16:00:35 ot_train.py:627 step:20K smpl:78K ep:136 epch:9.05 loss:0.149 grdn:16.506 lr:1.0e-05 updt_s:0.165 data_s:0.004 smp/s:24 l1_loss:0.114 kld_loss:0.003
Training:  98%|█████████▊| 19600/20000 [59:23<00:36, 10.92step/s]INFO 2026-09-12 16:00:44 ot_train.py:627 step:20K smpl:78K ep:136 epch:9.07 loss:0.149 grdn:16.252 lr:1.0e-05 updt_s:0.181 data_s:0.004 smp/s:22 l1_loss:0.116 kld_loss:0.003
Training:  98%|█████████▊| 19650/20000 [59:27<00:28, 12.42step/s]INFO 2026-09-12 16:00:48 ot_train.py:627 step:20K smpl:79K ep:136 epch:9.09 loss:0.149 grdn:15.621 lr:1.0e-05 updt_s:0.080 data_s:0.004 smp/s:48 l1_loss:0.119 kld_loss:0.003
Training:  98%|█████████▊| 19700/20000 [59:31<00:24, 12.46step/s]INFO 2026-09-12 16:00:52 ot_train.py:627 step:20K smpl:79K ep:137 epch:9.12 loss:0.143 grdn:15.299 lr:1.0e-05 updt_s:0.077 data_s:0.003 smp/s:50 l1_loss:0.114 kld_loss:0.003
Training:  99%|█████████▉| 19750/20000 [59:35<00:20, 12.22step/s]INFO 2026-09-12 16:00:56 ot_train.py:627 step:20K smpl:79K ep:137 epch:9.14 loss:0.149 grdn:16.068 lr:1.0e-05 updt_s:0.077 data_s:0.003 smp/s:50 l1_loss:0.116 kld_loss:0.003
Training:  99%|█████████▉| 19800/20000 [59:39<00:16, 11.77step/s]INFO 2026-09-12 16:01:01 ot_train.py:627 step:20K smpl:79K ep:137 epch:9.16 loss:0.150 grdn:16.577 lr:1.0e-05 updt_s:0.081 data_s:0.004 smp/s:47 l1_loss:0.120 kld_loss:0.003
Training:  99%|█████████▉| 19850/20000 [59:44<00:12, 12.06step/s]INFO 2026-09-12 16:01:05 ot_train.py:627 step:20K smpl:79K ep:138 epch:9.18 loss:0.149 grdn:15.423 lr:1.0e-05 updt_s:0.083 data_s:0.004 smp/s:46 l1_loss:0.117 kld_loss:0.003
Training: 100%|█████████▉| 19900/20000 [59:48<00:08, 12.37step/s]INFO 2026-09-12 16:01:09 ot_train.py:627 step:20K smpl:80K ep:138 epch:9.21 loss:0.148 grdn:15.707 lr:1.0e-05 updt_s:0.077 data_s:0.003 smp/s:50 l1_loss:0.118 kld_loss:0.003
Training: 100%|█████████▉| 19950/20000 [59:52<00:04, 12.39step/s]INFO 2026-09-12 16:01:13 ot_train.py:627 step:20K smpl:80K ep:138 epch:9.23 loss:0.151 grdn:15.948 lr:1.0e-05 updt_s:0.077 data_s:0.004 smp/s:50 l1_loss:0.120 kld_loss:0.003
Training: 100%|██████████| 20000/20000 [59:56<00:00, 12.40step/s]INFO 2026-09-12 16:01:17 ot_train.py:627 step:20K smpl:80K ep:139 epch:9.25 loss:0.156 grdn:16.346 lr:1.0e-05 updt_s:0.077 data_s:0.004 smp/s:50 l1_loss:0.125 kld_loss:0.003
